Archive member included because of file (symbol)

libbb/lib.a(appletlib.o)      /home/peterbjornx/nk/gcc_posnk/lib/gcc/i386-pc-posnk/4.7.2/../../../../i386-pc-posnk/lib/crt0.o (main)
libbb/lib.a(concat_path_file.o)
                              libbb/lib.a(appletlib.o) (concat_path_file)
libbb/lib.a(default_error_retval.o)
                              libbb/lib.a(appletlib.o) (xfunc_error_retval)
libbb/lib.a(get_last_path_component.o)
                              libbb/lib.a(appletlib.o) (bb_basename)
libbb/lib.a(last_char_is.o)   libbb/lib.a(concat_path_file.o) (last_char_is)
libbb/lib.a(llist.o)          libbb/lib.a(appletlib.o) (llist_free)
libbb/lib.a(messages.o)       libbb/lib.a(appletlib.o) (bb_busybox_exec_path)
libbb/lib.a(perror_msg.o)     libbb/lib.a(appletlib.o) (bb_perror_msg_and_die)
libbb/lib.a(skip_whitespace.o)
                              libbb/lib.a(appletlib.o) (skip_whitespace)
libbb/lib.a(verror_msg.o)     libbb/lib.a(perror_msg.o) (bb_verror_msg)
libbb/lib.a(wfopen.o)         libbb/lib.a(appletlib.o) (fopen_for_read)
libbb/lib.a(xfunc_die.o)      libbb/lib.a(appletlib.o) (xfunc_die)
libbb/lib.a(xfuncs.o)         libbb/lib.a(appletlib.o) (full_write2_str)
libbb/lib.a(xfuncs_printf.o)  libbb/lib.a(appletlib.o) (malloc_or_warn)
libbb/lib.a(xgethostbyname.o)
                              libbb/lib.a(xfuncs_printf.o) (setuid)
libbb/lib.a(xreadlink.o)      libbb/lib.a(appletlib.o) (xmalloc_readlink)
libbb/lib.a(copyfd.o)         libbb/lib.a(xfuncs_printf.o) (bb_copyfd_eof)
libbb/lib.a(full_write.o)     libbb/lib.a(verror_msg.o) (full_write)
libbb/lib.a(read.o)           libbb/lib.a(copyfd.o) (safe_read)
libbb/lib.a(safe_write.o)     libbb/lib.a(full_write.o) (safe_write)
libbb/lib.a(time.o)           libbb/lib.a(xfuncs_printf.o) (monotonic_us)
libbb/lib.a(bb_strtonum.o)    libbb/lib.a(time.o) (bb_strtol)
libpwdgrp/lib.a(uidgid_get.o)
                              libbb/lib.a(appletlib.o) (get_uidgid)
miscutils/lib.a(setsid.o)     libbb/lib.a(appletlib.o) (setsid_main)
miscutils/lib.a(strings.o)    libbb/lib.a(appletlib.o) (strings_main)
procps/lib.a(kill.o)          libbb/lib.a(appletlib.o) (kill_main)
shell/lib.a(ash.o)            libbb/lib.a(appletlib.o) (ash_main)
shell/lib.a(ash_ptr_hack.o)   shell/lib.a(ash.o) (ash_ptr_to_globals_var)
shell/lib.a(math.o)           shell/lib.a(ash.o) (arith)
shell/lib.a(random.o)         shell/lib.a(ash.o) (next_random)
shell/lib.a(shell_common.o)   shell/lib.a(ash.o) (shell_builtin_read)
archival/lib.a(bzip2.o)       libbb/lib.a(appletlib.o) (bzip2_main)
archival/lib.a(cpio.o)        libbb/lib.a(appletlib.o) (cpio_main)
archival/lib.a(dpkg.o)        libbb/lib.a(appletlib.o) (dpkg_main)
archival/lib.a(gzip.o)        libbb/lib.a(appletlib.o) (gzip_main)
archival/lib.a(tar.o)         libbb/lib.a(appletlib.o) (tar_main)
archival/lib.a(bbunzip.o)     archival/lib.a(bzip2.o) (append_ext)
archival/libarchive/lib.a(data_extract_all.o)
                              archival/lib.a(cpio.o) (data_extract_all)
archival/libarchive/lib.a(data_extract_to_stdout.o)
                              archival/lib.a(tar.o) (data_extract_to_stdout)
archival/libarchive/lib.a(data_skip.o)
                              archival/libarchive/lib.a(data_extract_all.o) (data_skip)
archival/libarchive/lib.a(decompress_bunzip2.o)
                              libbb/lib.a(appletlib.o) (read_bunzip)
archival/libarchive/lib.a(decompress_gunzip.o)
                              archival/lib.a(tar.o) (unpack_gz_stream)
archival/libarchive/lib.a(filter_accept_list.o)
                              archival/lib.a(cpio.o) (filter_accept_list)
archival/libarchive/lib.a(filter_accept_list_reassign.o)
                              archival/lib.a(dpkg.o) (filter_accept_list_reassign)
archival/libarchive/lib.a(filter_accept_reject_list.o)
                              archival/lib.a(tar.o) (filter_accept_reject_list)
archival/libarchive/lib.a(find_list_entry.o)
                              archival/lib.a(dpkg.o) (find_list_entry)
archival/libarchive/lib.a(get_header_cpio.o)
                              archival/lib.a(cpio.o) (get_header_cpio)
archival/libarchive/lib.a(get_header_tar.o)
                              archival/lib.a(tar.o) (strip_unsafe_prefix)
archival/libarchive/lib.a(get_header_tar_gz.o)
                              archival/libarchive/lib.a(filter_accept_list_reassign.o) (get_header_tar_gz)
archival/libarchive/lib.a(header_list.o)
                              archival/lib.a(cpio.o) (header_list)
archival/libarchive/lib.a(header_verbose_list.o)
                              archival/lib.a(cpio.o) (header_verbose_list)
archival/libarchive/lib.a(init_handle.o)
                              archival/lib.a(cpio.o) (init_handle)
archival/libarchive/lib.a(open_transformer.o)
                              archival/lib.a(bbunzip.o) (init_transformer_aux_data)
archival/libarchive/lib.a(seek_by_jump.o)
                              archival/libarchive/lib.a(init_handle.o) (seek_by_jump)
[...]
Memory Configuration

Name             Origin             Length             Attributes
*default*        0x0000000000000000 0xffffffffffffffff

Linker script and memory map

LOAD /home/peterbjornx/nk/gcc_posnk/lib/gcc/i386-pc-posnk/4.7.2/../../../../i386-pc-posnk/lib/crt0.o
LOAD /home/peterbjornx/nk/gcc_posnk/lib/gcc/i386-pc-posnk/4.7.2/crtbegin.o
START GROUP
LOAD applets/built-in.o
LOAD archival/lib.a
LOAD archival/libarchive/lib.a
LOAD console-tools/lib.a
LOAD coreutils/lib.a
LOAD coreutils/libcoreutils/lib.a
LOAD debianutils/lib.a
LOAD e2fsprogs/lib.a
LOAD editors/lib.a
LOAD findutils/lib.a
LOAD init/lib.a
LOAD libbb/lib.a
LOAD libpwdgrp/lib.a
LOAD loginutils/lib.a
LOAD mailutils/lib.a
LOAD miscutils/lib.a
LOAD modutils/lib.a
LOAD networking/lib.a
LOAD networking/libiproute/lib.a
LOAD networking/udhcp/lib.a
LOAD printutils/lib.a
LOAD procps/lib.a
LOAD runit/lib.a
LOAD selinux/lib.a
LOAD shell/lib.a
LOAD sysklogd/lib.a
LOAD util-linux/lib.a
LOAD util-linux/volume_id/lib.a
LOAD archival/built-in.o
LOAD archival/libarchive/built-in.o
LOAD console-tools/built-in.o
LOAD coreutils/built-in.o
LOAD coreutils/libcoreutils/built-in.o
LOAD debianutils/built-in.o
LOAD e2fsprogs/built-in.o
LOAD editors/built-in.o
LOAD findutils/built-in.o
LOAD init/built-in.o
LOAD libbb/built-in.o
LOAD libpwdgrp/built-in.o
LOAD loginutils/built-in.o
LOAD mailutils/built-in.o
LOAD miscutils/built-in.o
LOAD modutils/built-in.o
LOAD networking/built-in.o
LOAD networking/libiproute/built-in.o
LOAD networking/udhcp/built-in.o
LOAD printutils/built-in.o
LOAD procps/built-in.o
LOAD runit/built-in.o
LOAD selinux/built-in.o
LOAD shell/built-in.o
LOAD sysklogd/built-in.o
LOAD util-linux/built-in.o
LOAD util-linux/volume_id/built-in.o
END GROUP
START GROUP
END GROUP
LOAD /home/peterbjornx/nk/gcc_posnk/lib/gcc/i386-pc-posnk/4.7.2/libgcc.a
LOAD /home/peterbjornx/nk/gcc_posnk/lib/gcc/i386-pc-posnk/4.7.2/../../../../i386-pc-posnk/lib/libc.a
LOAD /home/peterbjornx/nk/gcc_posnk/lib/gcc/i386-pc-posnk/4.7.2/libgcc.a
LOAD /home/peterbjornx/nk/gcc_posnk/lib/gcc/i386-pc-posnk/4.7.2/crtend.o
                0x0000000008048000                PROVIDE (__executable_start, 0x8048000)
                0x0000000008048074                . = (0x8048000 + SIZEOF_HEADERS)

.interp
 *(SORT(.interp))

.note.gnu.build-id
 *(SORT(.note.gnu.build-id))

.hash
 *(SORT(.hash))

.gnu.hash
 *(SORT(.gnu.hash))

.dynsym
 *(SORT(.dynsym))

.dynstr
 *(SORT(.dynstr))

.gnu.version
 *(SORT(.gnu.version))

.gnu.version_d
 *(SORT(.gnu.version_d))

.gnu.version_r
 *(SORT(.gnu.version_r))

.rel.dyn        0x0000000008048074        0x0
 *(SORT(.rel.init))
 *(SORT(.rel.text) SORT(.rel.text.*) SORT(.rel.gnu.linkonce.t.*))
 .rel.text      0x0000000000000000        0x0 /home/peterbjornx/nk/gcc_posnk/lib/gcc/i386-pc-posnk/4.7.2/../../../../i386-pc-posnk/lib/crt0.o
 .rel.text.get_trimmed_slice
                0x0000000000000000        0x0 /home/peterbjornx/nk/gcc_posnk/lib/gcc/i386-pc-posnk/4.7.2/../../../../i386-pc-posnk/lib/crt0.o
 .rel.text.applet_name_compare
                0x0000000000000000        0x0 /home/peterbjornx/nk/gcc_posnk/lib/gcc/i386-pc-posnk/4.7.2/../../../../i386-pc-posnk/lib/crt0.o
 .rel.text.find_applet_by_name
                0x0000000000000000        0x0 /home/peterbjornx/nk/gcc_posnk/lib/gcc/i386-pc-posnk/4.7.2/../../../../i386-pc-posnk/lib/crt0.o
 .rel.text.parse_config_file
                0x0000000000000000        0x0 /home/peterbjornx/nk/gcc_posnk/lib/gcc/i386-pc-posnk/4.7.2/../../../../i386-pc-posnk/lib/crt0.o
 .rel.text.bb_show_usage
                0x0000000000000000        0x0 /home/peterbjornx/nk/gcc_posnk/lib/gcc/i386-pc-posnk/4.7.2/../../../../i386-pc-posnk/lib/crt0.o
 .rel.text.lbb_prepare
                0x0000000000000000        0x0 /home/peterbjornx/nk/gcc_posnk/lib/gcc/i386-pc-posnk/4.7.2/../../../../i386-pc-posnk/lib/crt0.o
 .rel.text.run_applet_no_and_exit
                0x0000000000000000        0x0 /home/peterbjornx/nk/gcc_posnk/lib/gcc/i386-pc-posnk/4.7.2/../../../../i386-pc-posnk/lib/crt0.o
 .rel.text.run_applet_and_exit
                0x0000000000000000        0x0 /home/peterbjornx/nk/gcc_posnk/lib/gcc/i386-pc-posnk/4.7.2/../../../../i386-pc-posnk/lib/crt0.o
 .rel.text.main
                0x0000000000000000        0x0 /home/peterbjornx/nk/gcc_posnk/lib/gcc/i386-pc-posnk/4.7.2/../../../../i386-pc-posnk/lib/crt0.o
 .rel.text.concat_path_file
                0x0000000000000000        0x0 /home/peterbjornx/nk/gcc_posnk/lib/gcc/i386-pc-posnk/4.7.2/../../../../i386-pc-posnk/lib/crt0.o
 .rel.text.bb_basename
                0x0000000000000000        0x0 /home/peterbjornx/nk/gcc_posnk/lib/gcc/i386-pc-posnk/4.7.2/../../../../i386-pc-posnk/lib/crt0.o
 .rel.text.bb_get_last_path_component_nostrip
                0x0000000000000000        0x0 /home/peterbjornx/nk/gcc_posnk/lib/gcc/i386-pc-posnk/4.7.2/../../../../i386-pc-posnk/lib/crt0.o
 .rel.text.bb_get_last_path_component_strip
                0x0000000000000000        0x0 /home/peterbjornx/nk/gcc_posnk/lib/gcc/i386-pc-posnk/4.7.2/../../../../i386-pc-posnk/lib/crt0.o
 .rel.text.last_char_is
                0x0000000000000000        0x0 /home/peterbjornx/nk/gcc_posnk/lib/gcc/i386-pc-posnk/4.7.2/../../../../i386-pc-posnk/lib/crt0.o
 .rel.text.llist_add_to
                0x0000000000000000        0x0 /home/peterbjornx/nk/gcc_posnk/lib/gcc/i386-pc-posnk/4.7.2/../../../../i386-pc-posnk/lib/crt0.o
 .rel.text.llist_add_to_end
                0x0000000000000000        0x0 /home/peterbjornx/nk/gcc_posnk/lib/gcc/i386-pc-posnk/4.7.2/../../../../i386-pc-posnk/lib/crt0.o
 .rel.text.llist_pop
                0x0000000000000000        0x0 /home/peterbjornx/nk/gcc_posnk/lib/gcc/i386-pc-posnk/4.7.2/../../../../i386-pc-posnk/lib/crt0.o
 .rel.text.llist_find_str
                0x0000000000000000        0x0 /home/peterbjornx/nk/gcc_posnk/lib/gcc/i386-pc-posnk/4.7.2/../../../../i386-pc-posnk/lib/crt0.o
 .rel.text.bb_perror_msg
                0x0000000000000000        0x0 /home/peterbjornx/nk/gcc_posnk/lib/gcc/i386-pc-posnk/4.7.2/../../../../i386-pc-posnk/lib/crt0.o
 .rel.text.bb_perror_msg_and_die
                0x0000000000000000        0x0 /home/peterbjornx/nk/gcc_posnk/lib/gcc/i386-pc-posnk/4.7.2/../../../../i386-pc-posnk/lib/crt0.o
 .rel.text.skip_dev_pfx
                0x0000000000000000        0x0 /home/peterbjornx/nk/gcc_posnk/lib/gcc/i386-pc-posnk/4.7.2/../../../../i386-pc-posnk/lib/crt0.o
 .rel.text.bb_verror_msg
                0x0000000000000000        0x0 /home/peterbjornx/nk/gcc_posnk/lib/gcc/i386-pc-posnk/4.7.2/../../../../i386-pc-posnk/lib/crt0.o
 .rel.text.bb_error_msg_and_die
                0x0000000000000000        0x0 /home/peterbjornx/nk/gcc_posnk/lib/gcc/i386-pc-posnk/4.7.2/../../../../i386-pc-posnk/lib/crt0.o
 .rel.text.xfdopen_helper
                0x0000000000000000        0x0 /home/peterbjornx/nk/gcc_posnk/lib/gcc/i386-pc-posnk/4.7.2/../../../../i386-pc-posnk/lib/crt0.o
 .rel.text.fopen_or_warn
                0x0000000000000000        0x0 /home/peterbjornx/nk/gcc_posnk/lib/gcc/i386-pc-posnk/4.7.2/../../../../i386-pc-posnk/lib/crt0.o
 .rel.text.fopen_for_read
                0x0000000000000000        0x0 /home/peterbjornx/nk/gcc_posnk/lib/gcc/i386-pc-posnk/4.7.2/../../../../i386-pc-posnk/lib/crt0.o
 .rel.text.xfopen_for_read
                0x0000000000000000        0x0 /home/peterbjornx/nk/gcc_posnk/lib/gcc/i386-pc-posnk/4.7.2/../../../../i386-pc-posnk/lib/crt0.o
 .rel.text.fopen_for_write
                0x0000000000000000        0x0 /home/peterbjornx/nk/gcc_posnk/lib/gcc/i386-pc-posnk/4.7.2/../../../../i386-pc-posnk/lib/crt0.o
 .rel.text.xfopen_for_write
                0x0000000000000000        0x0 /home/peterbjornx/nk/gcc_posnk/lib/gcc/i386-pc-posnk/4.7.2/../../../../i386-pc-posnk/lib/crt0.o
 .rel.text.xfunc_die
                0x0000000000000000        0x0 /home/peterbjornx/nk/gcc_posnk/lib/gcc/i386-pc-posnk/4.7.2/../../../../i386-pc-posnk/lib/crt0.o
 .rel.text.ndelay_on
                0x0000000000000000        0x0 /home/peterbjornx/nk/gcc_posnk/lib/gcc/i386-pc-posnk/4.7.2/../../../../i386-pc-posnk/lib/crt0.o
 .rel.text.ndelay_off
                0x0000000000000000        0x0 /home/peterbjornx/nk/gcc_posnk/lib/gcc/i386-pc-posnk/4.7.2/../../../../i386-pc-posnk/lib/crt0.o
 .rel.text.close_on_exec_on
                0x0000000000000000        0x0 /home/peterbjornx/nk/gcc_posnk/lib/gcc/i386-pc-posnk/4.7.2/../../../../i386-pc-posnk/lib/crt0.o
 .rel.text.strncpy_IFNAMSIZ
                0x0000000000000000        0x0 /home/peterbjornx/nk/gcc_posnk/lib/gcc/i386-pc-posnk/4.7.2/../../../../i386-pc-posnk/lib/crt0.o
 .rel.text.hex2bin
                0x0000000000000000        0x0 /home/peterbjornx/nk/gcc_posnk/lib/gcc/i386-pc-posnk/4.7.2/../../../../i386-pc-posnk/lib/crt0.o
 .rel.text.bb_putchar_stderr
                0x0000000000000000        0x0 /home/peterbjornx/nk/gcc_posnk/lib/gcc/i386-pc-posnk/4.7.2/../../../../i386-pc-posnk/lib/crt0.o
 .rel.text.full_write1_str
                0x0000000000000000        0x0 /home/peterbjornx/nk/gcc_posnk/lib/gcc/i386-pc-posnk/4.7.2/../../../../i386-pc-posnk/lib/crt0.o
 .rel.text.full_write2_str
                0x0000000000000000        0x0 /home/peterbjornx/nk/gcc_posnk/lib/gcc/i386-pc-posnk/4.7.2/../../../../i386-pc-posnk/lib/crt0.o
 .rel.text.safe_waitpid
                0x0000000000000000        0x0 /home/peterbjornx/nk/gcc_posnk/lib/gcc/i386-pc-posnk/4.7.2/../../../../i386-pc-posnk/lib/crt0.o
 .rel.text.malloc_or_warn
                0x0000000000000000        0x0 /home/peterbjornx/nk/gcc_posnk/lib/gcc/i386-pc-posnk/4.7.2/../../../../i386-pc-posnk/lib/crt0.o
 .rel.text.xmalloc
                0x0000000000000000        0x0 /home/peterbjornx/nk/gcc_posnk/lib/gcc/i386-pc-posnk/4.7.2/../../../../i386-pc-posnk/lib/crt0.o
 .rel.text.xrealloc
                0x0000000000000000        0x0 /home/peterbjornx/nk/gcc_posnk/lib/gcc/i386-pc-posnk/4.7.2/../../../../i386-pc-posnk/lib/crt0.o
 .rel.text.xstrdup
                0x0000000000000000        0x0 /home/peterbjornx/nk/gcc_posnk/lib/gcc/i386-pc-posnk/4.7.2/../../../../i386-pc-posnk/lib/crt0.o
 .rel.text.xfopen
                0x0000000000000000        0x0 /home/peterbjornx/nk/gcc_posnk/lib/gcc/i386-pc-posnk/4.7.2/../../../../i386-pc-posnk/lib/crt0.o
 .rel.text.xopen3
                0x0000000000000000        0x0 /home/peterbjornx/nk/gcc_posnk/lib/gcc/i386-pc-posnk/4.7.2/../../../../i386-pc-posnk/lib/crt0.o
 .rel.text.open3_or_warn
                0x0000000000000000        0x0 /home/peterbjornx/nk/gcc_posnk/lib/gcc/i386-pc-posnk/4.7.2/../../../../i386-pc-posnk/lib/crt0.o
 .rel.text.xunlink
                0x0000000000000000        0x0 /home/peterbjornx/nk/gcc_posnk/lib/gcc/i386-pc-posnk/4.7.2/../../../../i386-pc-posnk/lib/crt0.o
 .rel.text.xrename
                0x0000000000000000        0x0 /home/peterbjornx/nk/gcc_posnk/lib/gcc/i386-pc-posnk/4.7.2/../../../../i386-pc-posnk/lib/crt0.o
 .rel.text.rename_or_warn
                0x0000000000000000        0x0 /home/peterbjornx/nk/gcc_posnk/lib/gcc/i386-pc-posnk/4.7.2/../../../../i386-pc-posnk/lib/crt0.o
 .rel.text.xpipe
                0x0000000000000000        0x0 /home/peterbjornx/nk/gcc_posnk/lib/gcc/i386-pc-posnk/4.7.2/../../../../i386-pc-posnk/lib/crt0.o
 .rel.text.xdup2
                0x0000000000000000        0x0 /home/peterbjornx/nk/gcc_posnk/lib/gcc/i386-pc-posnk/4.7.2/../../../../i386-pc-posnk/lib/crt0.o
 .rel.text.xmove_fd
                0x0000000000000000        0x0 /home/peterbjornx/nk/gcc_posnk/lib/gcc/i386-pc-posnk/4.7.2/../../../../i386-pc-posnk/lib/crt0.o
 .rel.text.xwrite
                0x0000000000000000        0x0 /home/peterbjornx/nk/gcc_posnk/lib/gcc/i386-pc-posnk/4.7.2/../../../../i386-pc-posnk/lib/crt0.o
 .rel.text.xwrite_str
                0x0000000000000000        0x0 /home/peterbjornx/nk/gcc_posnk/lib/gcc/i386-pc-posnk/4.7.2/../../../../i386-pc-posnk/lib/crt0.o
 .rel.text.xclose
                0x0000000000000000        0x0 /home/peterbjornx/nk/gcc_posnk/lib/gcc/i386-pc-posnk/4.7.2/../../../../i386-pc-posnk/lib/crt0.o
 .rel.text.xlseek
                0x0000000000000000        0x0 /home/peterbjornx/nk/gcc_posnk/lib/gcc/i386-pc-posnk/4.7.2/../../../../i386-pc-posnk/lib/crt0.o
 .rel.text.xmkstemp
                0x0000000000000000        0x0 /home/peterbjornx/nk/gcc_posnk/lib/gcc/i386-pc-posnk/4.7.2/../../../../i386-pc-posnk/lib/crt0.o
 .rel.text.die_if_ferror_stdout
                0x0000000000000000        0x0 /home/peterbjornx/nk/gcc_posnk/lib/gcc/i386-pc-posnk/4.7.2/../../../../i386-pc-posnk/lib/crt0.o
 .rel.text.fflush_all
                0x0000000000000000        0x0 /home/peterbjornx/nk/gcc_posnk/lib/gcc/i386-pc-posnk/4.7.2/../../../../i386-pc-posnk/lib/crt0.o
 .rel.text.bb_putchar
                0x0000000000000000        0x0 /home/peterbjornx/nk/gcc_posnk/lib/gcc/i386-pc-posnk/4.7.2/../../../../i386-pc-posnk/lib/crt0.o
 .rel.text.xprint_and_close_file
                0x0000000000000000        0x0 /home/peterbjornx/nk/gcc_posnk/lib/gcc/i386-pc-posnk/4.7.2/../../../../i386-pc-posnk/lib/crt0.o
 .rel.text.xasprintf
                0x0000000000000000        0x0 /home/peterbjornx/nk/gcc_posnk/lib/gcc/i386-pc-posnk/4.7.2/../../../../i386-pc-posnk/lib/crt0.o
 .rel.text.xsetenv
                0x0000000000000000        0x0 /home/peterbjornx/nk/gcc_posnk/lib/gcc/i386-pc-posnk/4.7.2/../../../../i386-pc-posnk/lib/crt0.o
 .rel.text.bb_unsetenv
                0x0000000000000000        0x0 /home/peterbjornx/nk/gcc_posnk/lib/gcc/i386-pc-posnk/4.7.2/../../../../i386-pc-posnk/lib/crt0.o
 .rel.text.bb_unsetenv_and_free
                0x0000000000000000        0x0 /home/peterbjornx/nk/gcc_posnk/lib/gcc/i386-pc-posnk/4.7.2/../../../../i386-pc-posnk/lib/crt0.o
 .rel.text.xsetgid
                0x0000000000000000        0x0 /home/peterbjornx/nk/gcc_posnk/lib/gcc/i386-pc-posnk/4.7.2/../../../../i386-pc-posnk/lib/crt0.o
 .rel.text.xsetuid
                0x0000000000000000        0x0 /home/peterbjornx/nk/gcc_posnk/lib/gcc/i386-pc-posnk/4.7.2/../../../../i386-pc-posnk/lib/crt0.o
 .rel.text.xsetegid
                0x0000000000000000        0x0 /home/peterbjornx/nk/gcc_posnk/lib/gcc/i386-pc-posnk/4.7.2/../../../../i386-pc-posnk/lib/crt0.o
 .rel.text.xseteuid
                0x0000000000000000        0x0 /home/peterbjornx/nk/gcc_posnk/lib/gcc/i386-pc-posnk/4.7.2/../../../../i386-pc-posnk/lib/crt0.o
 .rel.text.xopen_as_uid_gid
                0x0000000000000000        0x0 /home/peterbjornx/nk/gcc_posnk/lib/gcc/i386-pc-posnk/4.7.2/../../../../i386-pc-posnk/lib/crt0.o
 .rel.text.xchdir
                0x0000000000000000        0x0 /home/peterbjornx/nk/gcc_posnk/lib/gcc/i386-pc-posnk/4.7.2/../../../../i386-pc-posnk/lib/crt0.o
 .rel.text.xchroot
                0x0000000000000000        0x0 /home/peterbjornx/nk/gcc_posnk/lib/gcc/i386-pc-posnk/4.7.2/../../../../i386-pc-posnk/lib/crt0.o
 .rel.text.warn_opendir
                0x0000000000000000        0x0 /home/peterbjornx/nk/gcc_posnk/lib/gcc/i386-pc-posnk/4.7.2/../../../../i386-pc-posnk/lib/crt0.o
 .rel.text.xopendir
                0x0000000000000000        0x0 /home/peterbjornx/nk/gcc_posnk/lib/gcc/i386-pc-posnk/4.7.2/../../../../i386-pc-posnk/lib/crt0.o
 .rel.text.xsocket
                0x0000000000000000        0x0 /home/peterbjornx/nk/gcc_posnk/lib/gcc/i386-pc-posnk/4.7.2/../../../../i386-pc-posnk/lib/crt0.o
 .rel.text.xbind
                0x0000000000000000        0x0 /home/peterbjornx/nk/gcc_posnk/lib/gcc/i386-pc-posnk/4.7.2/../../../../i386-pc-posnk/lib/crt0.o
 .rel.text.xlisten
                0x0000000000000000        0x0 /home/peterbjornx/nk/gcc_posnk/lib/gcc/i386-pc-posnk/4.7.2/../../../../i386-pc-posnk/lib/crt0.o
 .rel.text.xsendto
                0x0000000000000000        0x0 /home/peterbjornx/nk/gcc_posnk/lib/gcc/i386-pc-posnk/4.7.2/../../../../i386-pc-posnk/lib/crt0.o
 .rel.text.xstat
                0x0000000000000000        0x0 /home/peterbjornx/nk/gcc_posnk/lib/gcc/i386-pc-posnk/4.7.2/../../../../i386-pc-posnk/lib/crt0.o
 .rel.text.xfstat
                0x0000000000000000        0x0 /home/peterbjornx/nk/gcc_posnk/lib/gcc/i386-pc-posnk/4.7.2/../../../../i386-pc-posnk/lib/crt0.o
 .rel.text.ioctl_or_perror_and_die
                0x0000000000000000        0x0 /home/peterbjornx/nk/gcc_posnk/lib/gcc/i386-pc-posnk/4.7.2/../../../../i386-pc-posnk/lib/crt0.o
 .rel.text.ioctl_or_perror
                0x0000000000000000        0x0 /home/peterbjornx/nk/gcc_posnk/lib/gcc/i386-pc-posnk/4.7.2/../../../../i386-pc-posnk/lib/crt0.o
 .rel.text.bb_ioctl_or_warn
                0x0000000000000000        0x0 /home/peterbjornx/nk/gcc_posnk/lib/gcc/i386-pc-posnk/4.7.2/../../../../i386-pc-posnk/lib/crt0.o
 .rel.text.bb_xioctl
                0x0000000000000000        0x0 /home/peterbjornx/nk/gcc_posnk/lib/gcc/i386-pc-posnk/4.7.2/../../../../i386-pc-posnk/lib/crt0.o
 .rel.text.xmalloc_ttyname
                0x0000000000000000        0x0 /home/peterbjornx/nk/gcc_posnk/lib/gcc/i386-pc-posnk/4.7.2/../../../../i386-pc-posnk/lib/crt0.o
 .rel.text.generate_uuid
                0x0000000000000000        0x0 /home/peterbjornx/nk/gcc_posnk/lib/gcc/i386-pc-posnk/4.7.2/../../../../i386-pc-posnk/lib/crt0.o
 .rel.text.xfork
                0x0000000000000000        0x0 /home/peterbjornx/nk/gcc_posnk/lib/gcc/i386-pc-posnk/4.7.2/../../../../i386-pc-posnk/lib/crt0.o
 .rel.text.getgrgid
                0x0000000000000000        0x0 /home/peterbjornx/nk/gcc_posnk/lib/gcc/i386-pc-posnk/4.7.2/../../../../i386-pc-posnk/lib/crt0.o
 .rel.text.xmalloc_readlink
                0x0000000000000000        0x0 /home/peterbjornx/nk/gcc_posnk/lib/gcc/i386-pc-posnk/4.7.2/../../../../i386-pc-posnk/lib/crt0.o
 .rel.text.xmalloc_follow_symlinks
                0x0000000000000000        0x0 /home/peterbjornx/nk/gcc_posnk/lib/gcc/i386-pc-posnk/4.7.2/../../../../i386-pc-posnk/lib/crt0.o
 .rel.text.xmalloc_readlink_or_warn
                0x0000000000000000        0x0 /home/peterbjornx/nk/gcc_posnk/lib/gcc/i386-pc-posnk/4.7.2/../../../../i386-pc-posnk/lib/crt0.o
 .rel.text.xmalloc_realpath
                0x0000000000000000        0x0 /home/peterbjornx/nk/gcc_posnk/lib/gcc/i386-pc-posnk/4.7.2/../../../../i386-pc-posnk/lib/crt0.o
 .rel.text.bb_full_fd_action
                0x0000000000000000        0x0 /home/peterbjornx/nk/gcc_posnk/lib/gcc/i386-pc-posnk/4.7.2/../../../../i386-pc-posnk/lib/crt0.o
 .rel.text.full_write
                0x0000000000000000        0x0 /home/peterbjornx/nk/gcc_posnk/lib/gcc/i386-pc-posnk/4.7.2/../../../../i386-pc-posnk/lib/crt0.o
 .rel.text.safe_read
                0x0000000000000000        0x0 /home/peterbjornx/nk/gcc_posnk/lib/gcc/i386-pc-posnk/4.7.2/../../../../i386-pc-posnk/lib/crt0.o
 .rel.text.read_close
                0x0000000000000000        0x0 /home/peterbjornx/nk/gcc_posnk/lib/gcc/i386-pc-posnk/4.7.2/../../../../i386-pc-posnk/lib/crt0.o
 .rel.text.open_read_close
                0x0000000000000000        0x0 /home/peterbjornx/nk/gcc_posnk/lib/gcc/i386-pc-posnk/4.7.2/../../../../i386-pc-posnk/lib/crt0.o
 .rel.text.safe_write
                0x0000000000000000        0x0 /home/peterbjornx/nk/gcc_posnk/lib/gcc/i386-pc-posnk/4.7.2/../../../../i386-pc-posnk/lib/crt0.o
 .rel.text.strftime_fmt
                0x0000000000000000        0x0 /home/peterbjornx/nk/gcc_posnk/lib/gcc/i386-pc-posnk/4.7.2/../../../../i386-pc-posnk/lib/crt0.o
 .rel.text.parse_datestr
                0x0000000000000000        0x0 /home/peterbjornx/nk/gcc_posnk/lib/gcc/i386-pc-posnk/4.7.2/../../../../i386-pc-posnk/lib/crt0.o
 .rel.text.validate_tm_time
                0x0000000000000000        0x0 /home/peterbjornx/nk/gcc_posnk/lib/gcc/i386-pc-posnk/4.7.2/../../../../i386-pc-posnk/lib/crt0.o
 .rel.text.monotonic_ns
                0x0000000000000000        0x0 /home/peterbjornx/nk/gcc_posnk/lib/gcc/i386-pc-posnk/4.7.2/../../../../i386-pc-posnk/lib/crt0.o
 .rel.text.monotonic_us
                0x0000000000000000        0x0 /home/peterbjornx/nk/gcc_posnk/lib/gcc/i386-pc-posnk/4.7.2/../../../../i386-pc-posnk/lib/crt0.o
 .rel.text.monotonic_ms
                0x0000000000000000        0x0 /home/peterbjornx/nk/gcc_posnk/lib/gcc/i386-pc-posnk/4.7.2/../../../../i386-pc-posnk/lib/crt0.o
 .rel.text.monotonic_sec
                0x0000000000000000        0x0 /home/peterbjornx/nk/gcc_posnk/lib/gcc/i386-pc-posnk/4.7.2/../../../../i386-pc-posnk/lib/crt0.o
 .rel.text.handle_errors
                0x0000000000000000        0x0 /home/peterbjornx/nk/gcc_posnk/lib/gcc/i386-pc-posnk/4.7.2/../../../../i386-pc-posnk/lib/crt0.o
 .rel.text.bb_strtoull
                0x0000000000000000        0x0 /home/peterbjornx/nk/gcc_posnk/lib/gcc/i386-pc-posnk/4.7.2/../../../../i386-pc-posnk/lib/crt0.o
 .rel.text.bb_strtoll
                0x0000000000000000        0x0 /home/peterbjornx/nk/gcc_posnk/lib/gcc/i386-pc-posnk/4.7.2/../../../../i386-pc-posnk/lib/crt0.o
 .rel.text.bb_strtoul
                0x0000000000000000        0x0 /home/peterbjornx/nk/gcc_posnk/lib/gcc/i386-pc-posnk/4.7.2/../../../../i386-pc-posnk/lib/crt0.o
 .rel.text.bb_strtol
                0x0000000000000000        0x0 /home/peterbjornx/nk/gcc_posnk/lib/gcc/i386-pc-posnk/4.7.2/../../../../i386-pc-posnk/lib/crt0.o
 .rel.text.get_uidgid
                0x0000000000000000        0x0 /home/peterbjornx/nk/gcc_posnk/lib/gcc/i386-pc-posnk/4.7.2/../../../../i386-pc-posnk/lib/crt0.o
 .rel.text.parse_chown_usergroup_or_die
                0x0000000000000000        0x0 /home/peterbjornx/nk/gcc_posnk/lib/gcc/i386-pc-posnk/4.7.2/../../../../i386-pc-posnk/lib/crt0.o
 .rel.text.setsid_main
                0x0000000000000000        0x0 /home/peterbjornx/nk/gcc_posnk/lib/gcc/i386-pc-posnk/4.7.2/../../../../i386-pc-posnk/lib/crt0.o
 .rel.text.strings_main
                0x0000000000000000        0x0 /home/peterbjornx/nk/gcc_posnk/lib/gcc/i386-pc-posnk/4.7.2/../../../../i386-pc-posnk/lib/crt0.o
 .rel.text.kill_main
                0x0000000000000000        0x0 /home/peterbjornx/nk/gcc_posnk/lib/gcc/i386-pc-posnk/4.7.2/../../../../i386-pc-posnk/lib/crt0.o
 .rel.text.stunalloc
                0x0000000000000000        0x0 /home/peterbjornx/nk/gcc_posnk/lib/gcc/i386-pc-posnk/4.7.2/../../../../i386-pc-posnk/lib/crt0.o
 .rel.text.setstackmark
                0x0000000000000000        0x0 /home/peterbjornx/nk/gcc_posnk/lib/gcc/i386-pc-posnk/4.7.2/../../../../i386-pc-posnk/lib/crt0.o
 .rel.text.hashvar
                0x0000000000000000        0x0 /home/peterbjornx/nk/gcc_posnk/lib/gcc/i386-pc-posnk/4.7.2/../../../../i386-pc-posnk/lib/crt0.o
 .rel.text.getstatus
                0x0000000000000000        0x0 /home/peterbjornx/nk/gcc_posnk/lib/gcc/i386-pc-posnk/4.7.2/../../../../i386-pc-posnk/lib/crt0.o
 .rel.text.raise_exception
                0x0000000000000000        0x0 /home/peterbjornx/nk/gcc_posnk/lib/gcc/i386-pc-posnk/4.7.2/../../../../i386-pc-posnk/lib/crt0.o
 .rel.text.calcsize
                0x0000000000000000        0x0 /home/peterbjornx/nk/gcc_posnk/lib/gcc/i386-pc-posnk/4.7.2/../../../../i386-pc-posnk/lib/crt0.o
 .rel.text.SIT  0x0000000000000000        0x0 /home/peterbjornx/nk/gcc_posnk/lib/gcc/i386-pc-posnk/4.7.2/../../../../i386-pc-posnk/lib/crt0.o
 .rel.text.goodname
                0x0000000000000000        0x0 /home/peterbjornx/nk/gcc_posnk/lib/gcc/i386-pc-posnk/4.7.2/../../../../i386-pc-posnk/lib/crt0.o
 .rel.text.isassignment
                0x0000000000000000        0x0 /home/peterbjornx/nk/gcc_posnk/lib/gcc/i386-pc-posnk/4.7.2/../../../../i386-pc-posnk/lib/crt0.o
 .rel.text.freealias
                0x0000000000000000        0x0 /home/peterbjornx/nk/gcc_posnk/lib/gcc/i386-pc-posnk/4.7.2/../../../../i386-pc-posnk/lib/crt0.o
 .rel.text.freefunc
                0x0000000000000000        0x0 /home/peterbjornx/nk/gcc_posnk/lib/gcc/i386-pc-posnk/4.7.2/../../../../i386-pc-posnk/lib/crt0.o
 .rel.text.freeparam
                0x0000000000000000        0x0 /home/peterbjornx/nk/gcc_posnk/lib/gcc/i386-pc-posnk/4.7.2/../../../../i386-pc-posnk/lib/crt0.o
 .rel.text.setparam
                0x0000000000000000        0x0 /home/peterbjornx/nk/gcc_posnk/lib/gcc/i386-pc-posnk/4.7.2/../../../../i386-pc-posnk/lib/crt0.o
 .rel.text.scanright
                0x0000000000000000        0x0 /home/peterbjornx/nk/gcc_posnk/lib/gcc/i386-pc-posnk/4.7.2/../../../../i386-pc-posnk/lib/crt0.o
 .rel.text.scanleft
                0x0000000000000000        0x0 /home/peterbjornx/nk/gcc_posnk/lib/gcc/i386-pc-posnk/4.7.2/../../../../i386-pc-posnk/lib/crt0.o
 .rel.text.__lookupalias
                0x0000000000000000        0x0 /home/peterbjornx/nk/gcc_posnk/lib/gcc/i386-pc-posnk/4.7.2/../../../../i386-pc-posnk/lib/crt0.o
 .rel.text.msort
                0x0000000000000000        0x0 /home/peterbjornx/nk/gcc_posnk/lib/gcc/i386-pc-posnk/4.7.2/../../../../i386-pc-posnk/lib/crt0.o
 .rel.text.pstrcmp
                0x0000000000000000        0x0 /home/peterbjornx/nk/gcc_posnk/lib/gcc/i386-pc-posnk/4.7.2/../../../../i386-pc-posnk/lib/crt0.o
 .rel.text.ignoresig
                0x0000000000000000        0x0 /home/peterbjornx/nk/gcc_posnk/lib/gcc/i386-pc-posnk/4.7.2/../../../../i386-pc-posnk/lib/crt0.o
 .rel.text.setsignal
                0x0000000000000000        0x0 /home/peterbjornx/nk/gcc_posnk/lib/gcc/i386-pc-posnk/4.7.2/../../../../i386-pc-posnk/lib/crt0.o
 .rel.text.nodeckstrdup
                0x0000000000000000        0x0 /home/peterbjornx/nk/gcc_posnk/lib/gcc/i386-pc-posnk/4.7.2/../../../../i386-pc-posnk/lib/crt0.o
 .rel.text.cmdlookup
                0x0000000000000000        0x0 /home/peterbjornx/nk/gcc_posnk/lib/gcc/i386-pc-posnk/4.7.2/../../../../i386-pc-posnk/lib/crt0.o
 .rel.text.errmsg
                0x0000000000000000        0x0 /home/peterbjornx/nk/gcc_posnk/lib/gcc/i386-pc-posnk/4.7.2/../../../../i386-pc-posnk/lib/crt0.o
 .rel.text.tokname
                0x0000000000000000        0x0 /home/peterbjornx/nk/gcc_posnk/lib/gcc/i386-pc-posnk/4.7.2/../../../../i386-pc-posnk/lib/crt0.o
 .rel.text.findkwd
                0x0000000000000000        0x0 /home/peterbjornx/nk/gcc_posnk/lib/gcc/i386-pc-posnk/4.7.2/../../../../i386-pc-posnk/lib/crt0.o
 .rel.text.find_builtin
                0x0000000000000000        0x0 /home/peterbjornx/nk/gcc_posnk/lib/gcc/i386-pc-posnk/4.7.2/../../../../i386-pc-posnk/lib/crt0.o
 .rel.text.ulimitcmd
                0x0000000000000000        0x0 /home/peterbjornx/nk/gcc_posnk/lib/gcc/i386-pc-posnk/4.7.2/../../../../i386-pc-posnk/lib/crt0.o
 .rel.text.printfcmd
                0x0000000000000000        0x0 /home/peterbjornx/nk/gcc_posnk/lib/gcc/i386-pc-posnk/4.7.2/../../../../i386-pc-posnk/lib/crt0.o
 .rel.text.tryexec
                0x0000000000000000        0x0 /home/peterbjornx/nk/gcc_posnk/lib/gcc/i386-pc-posnk/4.7.2/../../../../i386-pc-posnk/lib/crt0.o
 .rel.text.echocmd
                0x0000000000000000        0x0 /home/peterbjornx/nk/gcc_posnk/lib/gcc/i386-pc-posnk/4.7.2/../../../../i386-pc-posnk/lib/crt0.o
 .rel.text.testcmd
                0x0000000000000000        0x0 /home/peterbjornx/nk/gcc_posnk/lib/gcc/i386-pc-posnk/4.7.2/../../../../i386-pc-posnk/lib/crt0.o
 .rel.text.raise_interrupt
                0x0000000000000000        0x0 /home/peterbjornx/nk/gcc_posnk/lib/gcc/i386-pc-posnk/4.7.2/../../../../i386-pc-posnk/lib/crt0.o
 .rel.text.int_on
                0x0000000000000000        0x0 /home/peterbjornx/nk/gcc_posnk/lib/gcc/i386-pc-posnk/4.7.2/../../../../i386-pc-posnk/lib/crt0.o
 .rel.text.recordregion
                0x0000000000000000        0x0 /home/peterbjornx/nk/gcc_posnk/lib/gcc/i386-pc-posnk/4.7.2/../../../../i386-pc-posnk/lib/crt0.o
 .rel.text.fmtstr
                0x0000000000000000        0x0 /home/peterbjornx/nk/gcc_posnk/lib/gcc/i386-pc-posnk/4.7.2/../../../../i386-pc-posnk/lib/crt0.o
 .rel.text.sprint_status
                0x0000000000000000        0x0 /home/peterbjornx/nk/gcc_posnk/lib/gcc/i386-pc-posnk/4.7.2/../../../../i386-pc-posnk/lib/crt0.o
 .rel.text.removerecordregions
                0x0000000000000000        0x0 /home/peterbjornx/nk/gcc_posnk/lib/gcc/i386-pc-posnk/4.7.2/../../../../i386-pc-posnk/lib/crt0.o
 .rel.text.freejob
                0x0000000000000000        0x0 /home/peterbjornx/nk/gcc_posnk/lib/gcc/i386-pc-posnk/4.7.2/../../../../i386-pc-posnk/lib/crt0.o
 .rel.text.unalias
                0x0000000000000000        0x0 /home/peterbjornx/nk/gcc_posnk/lib/gcc/i386-pc-posnk/4.7.2/../../../../i386-pc-posnk/lib/crt0.o
 .rel.text.popstring
                0x0000000000000000        0x0 /home/peterbjornx/nk/gcc_posnk/lib/gcc/i386-pc-posnk/4.7.2/../../../../i386-pc-posnk/lib/crt0.o
 .rel.text.popfile
                0x0000000000000000        0x0 /home/peterbjornx/nk/gcc_posnk/lib/gcc/i386-pc-posnk/4.7.2/../../../../i386-pc-posnk/lib/crt0.o
 .rel.text.outstr
                0x0000000000000000        0x0 /home/peterbjornx/nk/gcc_posnk/lib/gcc/i386-pc-posnk/4.7.2/../../../../i386-pc-posnk/lib/crt0.o
 .rel.text.out1str
                0x0000000000000000        0x0 /home/peterbjornx/nk/gcc_posnk/lib/gcc/i386-pc-posnk/4.7.2/../../../../i386-pc-posnk/lib/crt0.o
 .rel.text.flush_stdout_stderr
                0x0000000000000000        0x0 /home/peterbjornx/nk/gcc_posnk/lib/gcc/i386-pc-posnk/4.7.2/../../../../i386-pc-posnk/lib/crt0.o
 .rel.text.out2str
                0x0000000000000000        0x0 /home/peterbjornx/nk/gcc_posnk/lib/gcc/i386-pc-posnk/4.7.2/../../../../i386-pc-posnk/lib/crt0.o
 .rel.text.stoppedjobs
                0x0000000000000000        0x0 /home/peterbjornx/nk/gcc_posnk/lib/gcc/i386-pc-posnk/4.7.2/../../../../i386-pc-posnk/lib/crt0.o
 .rel.text.pgetc
                0x0000000000000000        0x0 /home/peterbjornx/nk/gcc_posnk/lib/gcc/i386-pc-posnk/4.7.2/../../../../i386-pc-posnk/lib/crt0.o
 .rel.text.dowait
                0x0000000000000000        0x0 /home/peterbjornx/nk/gcc_posnk/lib/gcc/i386-pc-posnk/4.7.2/../../../../i386-pc-posnk/lib/crt0.o
 .rel.text.blocking_wait_with_raise_on_sig
                0x0000000000000000        0x0 /home/peterbjornx/nk/gcc_posnk/lib/gcc/i386-pc-posnk/4.7.2/../../../../i386-pc-posnk/lib/crt0.o
 .rel.text.popstackmark
                0x0000000000000000        0x0 /home/peterbjornx/nk/gcc_posnk/lib/gcc/i386-pc-posnk/4.7.2/../../../../i386-pc-posnk/lib/crt0.o
 .rel.text.setinputstring
                0x0000000000000000        0x0 /home/peterbjornx/nk/gcc_posnk/lib/gcc/i386-pc-posnk/4.7.2/../../../../i386-pc-posnk/lib/crt0.o
 .rel.text.pushstring
                0x0000000000000000        0x0 /home/peterbjornx/nk/gcc_posnk/lib/gcc/i386-pc-posnk/4.7.2/../../../../i386-pc-posnk/lib/crt0.o
 .rel.text.delete_cmd_entry
                0x0000000000000000        0x0 /home/peterbjornx/nk/gcc_posnk/lib/gcc/i386-pc-posnk/4.7.2/../../../../i386-pc-posnk/lib/crt0.o
 .rel.text.out1fmt
                0x0000000000000000        0x0 /home/peterbjornx/nk/gcc_posnk/lib/gcc/i386-pc-posnk/4.7.2/../../../../i386-pc-posnk/lib/crt0.o
 .rel.text.timescmd
                0x0000000000000000        0x0 /home/peterbjornx/nk/gcc_posnk/lib/gcc/i386-pc-posnk/4.7.2/../../../../i386-pc-posnk/lib/crt0.o
 .rel.text.clearcmdentry
                0x0000000000000000        0x0 /home/peterbjornx/nk/gcc_posnk/lib/gcc/i386-pc-posnk/4.7.2/../../../../i386-pc-posnk/lib/crt0.o
 .rel.text.changepath
                0x0000000000000000        0x0 /home/peterbjornx/nk/gcc_posnk/lib/gcc/i386-pc-posnk/4.7.2/../../../../i386-pc-posnk/lib/crt0.o
 .rel.text.signal_handler
                0x0000000000000000        0x0 /home/peterbjornx/nk/gcc_posnk/lib/gcc/i386-pc-posnk/4.7.2/../../../../i386-pc-posnk/lib/crt0.o
 .rel.text.force_int_on
                0x0000000000000000        0x0 /home/peterbjornx/nk/gcc_posnk/lib/gcc/i386-pc-posnk/4.7.2/../../../../i386-pc-posnk/lib/crt0.o
 .rel.text.evalbltin.isra.0
                0x0000000000000000        0x0 /home/peterbjornx/nk/gcc_posnk/lib/gcc/i386-pc-posnk/4.7.2/../../../../i386-pc-posnk/lib/crt0.o
 .rel.text.outcslow.constprop.6
                0x0000000000000000        0x0 /home/peterbjornx/nk/gcc_posnk/lib/gcc/i386-pc-posnk/4.7.2/../../../../i386-pc-posnk/lib/crt0.o
 .rel.text.showjob
                0x0000000000000000        0x0 /home/peterbjornx/nk/gcc_posnk/lib/gcc/i386-pc-posnk/4.7.2/../../../../i386-pc-posnk/lib/crt0.o
 .rel.text.ash_vmsg
                0x0000000000000000        0x0 /home/peterbjornx/nk/gcc_posnk/lib/gcc/i386-pc-posnk/4.7.2/../../../../i386-pc-posnk/lib/crt0.o
 .rel.text.varunset
                0x0000000000000000        0x0 /home/peterbjornx/nk/gcc_posnk/lib/gcc/i386-pc-posnk/4.7.2/../../../../i386-pc-posnk/lib/crt0.o
 .rel.text.setvareq
                0x0000000000000000        0x0 /home/peterbjornx/nk/gcc_posnk/lib/gcc/i386-pc-posnk/4.7.2/../../../../i386-pc-posnk/lib/crt0.o
 .rel.text.listsetvar
                0x0000000000000000        0x0 /home/peterbjornx/nk/gcc_posnk/lib/gcc/i386-pc-posnk/4.7.2/../../../../i386-pc-posnk/lib/crt0.o
 .rel.text.setvar
                0x0000000000000000        0x0 /home/peterbjornx/nk/gcc_posnk/lib/gcc/i386-pc-posnk/4.7.2/../../../../i386-pc-posnk/lib/crt0.o
 .rel.text.unsetvar
                0x0000000000000000        0x0 /home/peterbjornx/nk/gcc_posnk/lib/gcc/i386-pc-posnk/4.7.2/../../../../i386-pc-posnk/lib/crt0.o
 .rel.text.setpwd
                0x0000000000000000        0x0 /home/peterbjornx/nk/gcc_posnk/lib/gcc/i386-pc-posnk/4.7.2/../../../../i386-pc-posnk/lib/crt0.o
 .rel.text.localcmd
                0x0000000000000000        0x0 /home/peterbjornx/nk/gcc_posnk/lib/gcc/i386-pc-posnk/4.7.2/../../../../i386-pc-posnk/lib/crt0.o
 .rel.text.setvarsafe
                0x0000000000000000        0x0 /home/peterbjornx/nk/gcc_posnk/lib/gcc/i386-pc-posnk/4.7.2/../../../../i386-pc-posnk/lib/crt0.o
 .rel.text.change_random
                0x0000000000000000        0x0 /home/peterbjornx/nk/gcc_posnk/lib/gcc/i386-pc-posnk/4.7.2/../../../../i386-pc-posnk/lib/crt0.o
 .rel.text.number
                0x0000000000000000        0x0 /home/peterbjornx/nk/gcc_posnk/lib/gcc/i386-pc-posnk/4.7.2/../../../../i386-pc-posnk/lib/crt0.o
 .rel.text.getoptsreset
                0x0000000000000000        0x0 /home/peterbjornx/nk/gcc_posnk/lib/gcc/i386-pc-posnk/4.7.2/../../../../i386-pc-posnk/lib/crt0.o
 .rel.text.shiftcmd
                0x0000000000000000        0x0 /home/peterbjornx/nk/gcc_posnk/lib/gcc/i386-pc-posnk/4.7.2/../../../../i386-pc-posnk/lib/crt0.o
 .rel.text.xtcsetpgrp
                0x0000000000000000        0x0 /home/peterbjornx/nk/gcc_posnk/lib/gcc/i386-pc-posnk/4.7.2/../../../../i386-pc-posnk/lib/crt0.o
 .rel.text.waitforjob
                0x0000000000000000        0x0 /home/peterbjornx/nk/gcc_posnk/lib/gcc/i386-pc-posnk/4.7.2/../../../../i386-pc-posnk/lib/crt0.o
 .rel.text.forkchild
                0x0000000000000000        0x0 /home/peterbjornx/nk/gcc_posnk/lib/gcc/i386-pc-posnk/4.7.2/../../../../i386-pc-posnk/lib/crt0.o
 .rel.text.copyfd
                0x0000000000000000        0x0 /home/peterbjornx/nk/gcc_posnk/lib/gcc/i386-pc-posnk/4.7.2/../../../../i386-pc-posnk/lib/crt0.o
 .rel.text.popredir
                0x0000000000000000        0x0 /home/peterbjornx/nk/gcc_posnk/lib/gcc/i386-pc-posnk/4.7.2/../../../../i386-pc-posnk/lib/crt0.o
 .rel.text.clearredir
                0x0000000000000000        0x0 /home/peterbjornx/nk/gcc_posnk/lib/gcc/i386-pc-posnk/4.7.2/../../../../i386-pc-posnk/lib/crt0.o
 .rel.text.ash_arith
                0x0000000000000000        0x0 /home/peterbjornx/nk/gcc_posnk/lib/gcc/i386-pc-posnk/4.7.2/../../../../i386-pc-posnk/lib/crt0.o
 .rel.text.stalloc
                0x0000000000000000        0x0 /home/peterbjornx/nk/gcc_posnk/lib/gcc/i386-pc-posnk/4.7.2/../../../../i386-pc-posnk/lib/crt0.o
 .rel.text.ststrdup
                0x0000000000000000        0x0 /home/peterbjornx/nk/gcc_posnk/lib/gcc/i386-pc-posnk/4.7.2/../../../../i386-pc-posnk/lib/crt0.o
 .rel.text.expmeta
                0x0000000000000000        0x0 /home/peterbjornx/nk/gcc_posnk/lib/gcc/i386-pc-posnk/4.7.2/../../../../i386-pc-posnk/lib/crt0.o
 .rel.text.growstackblock
                0x0000000000000000        0x0 /home/peterbjornx/nk/gcc_posnk/lib/gcc/i386-pc-posnk/4.7.2/../../../../i386-pc-posnk/lib/crt0.o
 .rel.text.makestrspace
                0x0000000000000000        0x0 /home/peterbjornx/nk/gcc_posnk/lib/gcc/i386-pc-posnk/4.7.2/../../../../i386-pc-posnk/lib/crt0.o
 .rel.text.stack_putstr
                0x0000000000000000        0x0 /home/peterbjornx/nk/gcc_posnk/lib/gcc/i386-pc-posnk/4.7.2/../../../../i386-pc-posnk/lib/crt0.o
 .rel.text.cmdputs
                0x0000000000000000        0x0 /home/peterbjornx/nk/gcc_posnk/lib/gcc/i386-pc-posnk/4.7.2/../../../../i386-pc-posnk/lib/crt0.o
 .rel.text.single_quote
                0x0000000000000000        0x0 /home/peterbjornx/nk/gcc_posnk/lib/gcc/i386-pc-posnk/4.7.2/../../../../i386-pc-posnk/lib/crt0.o
 .rel.text.aliascmd
                0x0000000000000000        0x0 /home/peterbjornx/nk/gcc_posnk/lib/gcc/i386-pc-posnk/4.7.2/../../../../i386-pc-posnk/lib/crt0.o
 .rel.text.rmescapes
                0x0000000000000000        0x0 /home/peterbjornx/nk/gcc_posnk/lib/gcc/i386-pc-posnk/4.7.2/../../../../i386-pc-posnk/lib/crt0.o
 .rel.text.growstackstr
                0x0000000000000000        0x0 /home/peterbjornx/nk/gcc_posnk/lib/gcc/i386-pc-posnk/4.7.2/../../../../i386-pc-posnk/lib/crt0.o
 .rel.text._STPUTC
                0x0000000000000000        0x0 /home/peterbjornx/nk/gcc_posnk/lib/gcc/i386-pc-posnk/4.7.2/../../../../i386-pc-posnk/lib/crt0.o
 .rel.text.varvalue
                0x0000000000000000        0x0 /home/peterbjornx/nk/gcc_posnk/lib/gcc/i386-pc-posnk/4.7.2/../../../../i386-pc-posnk/lib/crt0.o
 .rel.text.listvars
                0x0000000000000000        0x0 /home/peterbjornx/nk/gcc_posnk/lib/gcc/i386-pc-posnk/4.7.2/../../../../i386-pc-posnk/lib/crt0.o
 .rel.text.showvars
                0x0000000000000000        0x0 /home/peterbjornx/nk/gcc_posnk/lib/gcc/i386-pc-posnk/4.7.2/../../../../i386-pc-posnk/lib/crt0.o
 .rel.text.path_advance
                0x0000000000000000        0x0 /home/peterbjornx/nk/gcc_posnk/lib/gcc/i386-pc-posnk/4.7.2/../../../../i386-pc-posnk/lib/crt0.o
 .rel.text.forkshell
                0x0000000000000000        0x0 /home/peterbjornx/nk/gcc_posnk/lib/gcc/i386-pc-posnk/4.7.2/../../../../i386-pc-posnk/lib/crt0.o
 .rel.text.fixredir
                0x0000000000000000        0x0 /home/peterbjornx/nk/gcc_posnk/lib/gcc/i386-pc-posnk/4.7.2/../../../../i386-pc-posnk/lib/crt0.o
 .rel.text.raise_error_unexpected_syntax
                0x0000000000000000        0x0 /home/peterbjornx/nk/gcc_posnk/lib/gcc/i386-pc-posnk/4.7.2/../../../../i386-pc-posnk/lib/crt0.o
 .rel.text.pwdcmd
                0x0000000000000000        0x0 /home/peterbjornx/nk/gcc_posnk/lib/gcc/i386-pc-posnk/4.7.2/../../../../i386-pc-posnk/lib/crt0.o
 .rel.text.unaliascmd
                0x0000000000000000        0x0 /home/peterbjornx/nk/gcc_posnk/lib/gcc/i386-pc-posnk/4.7.2/../../../../i386-pc-posnk/lib/crt0.o
 .rel.text.exportcmd
                0x0000000000000000        0x0 /home/peterbjornx/nk/gcc_posnk/lib/gcc/i386-pc-posnk/4.7.2/../../../../i386-pc-posnk/lib/crt0.o
 .rel.text.getjob
                0x0000000000000000        0x0 /home/peterbjornx/nk/gcc_posnk/lib/gcc/i386-pc-posnk/4.7.2/../../../../i386-pc-posnk/lib/crt0.o
 .rel.text.waitcmd
                0x0000000000000000        0x0 /home/peterbjornx/nk/gcc_posnk/lib/gcc/i386-pc-posnk/4.7.2/../../../../i386-pc-posnk/lib/crt0.o
 .rel.text.killcmd
                0x0000000000000000        0x0 /home/peterbjornx/nk/gcc_posnk/lib/gcc/i386-pc-posnk/4.7.2/../../../../i386-pc-posnk/lib/crt0.o
 .rel.text.jobscmd
                0x0000000000000000        0x0 /home/peterbjornx/nk/gcc_posnk/lib/gcc/i386-pc-posnk/4.7.2/../../../../i386-pc-posnk/lib/crt0.o
 .rel.text.fg_bgcmd
                0x0000000000000000        0x0 /home/peterbjornx/nk/gcc_posnk/lib/gcc/i386-pc-posnk/4.7.2/../../../../i386-pc-posnk/lib/crt0.o
 .rel.text.umaskcmd
                0x0000000000000000        0x0 /home/peterbjornx/nk/gcc_posnk/lib/gcc/i386-pc-posnk/4.7.2/../../../../i386-pc-posnk/lib/crt0.o
 .rel.text.setinputfile
                0x0000000000000000        0x0 /home/peterbjornx/nk/gcc_posnk/lib/gcc/i386-pc-posnk/4.7.2/../../../../i386-pc-posnk/lib/crt0.o
 .rel.text.readcmd
                0x0000000000000000        0x0 /home/peterbjornx/nk/gcc_posnk/lib/gcc/i386-pc-posnk/4.7.2/../../../../i386-pc-posnk/lib/crt0.o
 .rel.text.cdcmd
                0x0000000000000000        0x0 /home/peterbjornx/nk/gcc_posnk/lib/gcc/i386-pc-posnk/4.7.2/../../../../i386-pc-posnk/lib/crt0.o
 .rel.text.getoptscmd
                0x0000000000000000        0x0 /home/peterbjornx/nk/gcc_posnk/lib/gcc/i386-pc-posnk/4.7.2/../../../../i386-pc-posnk/lib/crt0.o
 .rel.text.shellexec
                0x0000000000000000        0x0 /home/peterbjornx/nk/gcc_posnk/lib/gcc/i386-pc-posnk/4.7.2/../../../../i386-pc-posnk/lib/crt0.o
 .rel.text.setjobctl
                0x0000000000000000        0x0 /home/peterbjornx/nk/gcc_posnk/lib/gcc/i386-pc-posnk/4.7.2/../../../../i386-pc-posnk/lib/crt0.o
 .rel.text.optschanged
                0x0000000000000000        0x0 /home/peterbjornx/nk/gcc_posnk/lib/gcc/i386-pc-posnk/4.7.2/../../../../i386-pc-posnk/lib/crt0.o
 .rel.text.execcmd
                0x0000000000000000        0x0 /home/peterbjornx/nk/gcc_posnk/lib/gcc/i386-pc-posnk/4.7.2/../../../../i386-pc-posnk/lib/crt0.o
 .rel.text.options
                0x0000000000000000        0x0 /home/peterbjornx/nk/gcc_posnk/lib/gcc/i386-pc-posnk/4.7.2/../../../../i386-pc-posnk/lib/crt0.o
 .rel.text.setcmd
                0x0000000000000000        0x0 /home/peterbjornx/nk/gcc_posnk/lib/gcc/i386-pc-posnk/4.7.2/../../../../i386-pc-posnk/lib/crt0.o
 .rel.text.trapcmd
                0x0000000000000000        0x0 /home/peterbjornx/nk/gcc_posnk/lib/gcc/i386-pc-posnk/4.7.2/../../../../i386-pc-posnk/lib/crt0.o
 .rel.text.expandarg
                0x0000000000000000        0x0 /home/peterbjornx/nk/gcc_posnk/lib/gcc/i386-pc-posnk/4.7.2/../../../../i386-pc-posnk/lib/crt0.o
 .rel.text.redirect
                0x0000000000000000        0x0 /home/peterbjornx/nk/gcc_posnk/lib/gcc/i386-pc-posnk/4.7.2/../../../../i386-pc-posnk/lib/crt0.o
 .rel.text.redirectsafe
                0x0000000000000000        0x0 /home/peterbjornx/nk/gcc_posnk/lib/gcc/i386-pc-posnk/4.7.2/../../../../i386-pc-posnk/lib/crt0.o
 .rel.text.expandstr
                0x0000000000000000        0x0 /home/peterbjornx/nk/gcc_posnk/lib/gcc/i386-pc-posnk/4.7.2/../../../../i386-pc-posnk/lib/crt0.o
 .rel.text.setprompt_if
                0x0000000000000000        0x0 /home/peterbjornx/nk/gcc_posnk/lib/gcc/i386-pc-posnk/4.7.2/../../../../i386-pc-posnk/lib/crt0.o
 .rel.text.readtoken1
                0x0000000000000000        0x0 /home/peterbjornx/nk/gcc_posnk/lib/gcc/i386-pc-posnk/4.7.2/../../../../i386-pc-posnk/lib/crt0.o
 .rel.text.xxreadtoken
                0x0000000000000000        0x0 /home/peterbjornx/nk/gcc_posnk/lib/gcc/i386-pc-posnk/4.7.2/../../../../i386-pc-posnk/lib/crt0.o
 .rel.text.parsefname
                0x0000000000000000        0x0 /home/peterbjornx/nk/gcc_posnk/lib/gcc/i386-pc-posnk/4.7.2/../../../../i386-pc-posnk/lib/crt0.o
 .rel.text.evaltree
                0x0000000000000000        0x0 /home/peterbjornx/nk/gcc_posnk/lib/gcc/i386-pc-posnk/4.7.2/../../../../i386-pc-posnk/lib/crt0.o
 .rel.text.evalsubshell
                0x0000000000000000        0x0 /home/peterbjornx/nk/gcc_posnk/lib/gcc/i386-pc-posnk/4.7.2/../../../../i386-pc-posnk/lib/crt0.o
 .rel.text.argstr
                0x0000000000000000        0x0 /home/peterbjornx/nk/gcc_posnk/lib/gcc/i386-pc-posnk/4.7.2/../../../../i386-pc-posnk/lib/crt0.o
 .rel.text.subevalvar
                0x0000000000000000        0x0 /home/peterbjornx/nk/gcc_posnk/lib/gcc/i386-pc-posnk/4.7.2/../../../../i386-pc-posnk/lib/crt0.o
 .rel.text.evalvar
                0x0000000000000000        0x0 /home/peterbjornx/nk/gcc_posnk/lib/gcc/i386-pc-posnk/4.7.2/../../../../i386-pc-posnk/lib/crt0.o
 .rel.text.evalfun
                0x0000000000000000        0x0 /home/peterbjornx/nk/gcc_posnk/lib/gcc/i386-pc-posnk/4.7.2/../../../../i386-pc-posnk/lib/crt0.o
 .rel.text.evalcmd
                0x0000000000000000        0x0 /home/peterbjornx/nk/gcc_posnk/lib/gcc/i386-pc-posnk/4.7.2/../../../../i386-pc-posnk/lib/crt0.o
 .rel.text.exitshell
                0x0000000000000000        0x0 /home/peterbjornx/nk/gcc_posnk/lib/gcc/i386-pc-posnk/4.7.2/../../../../i386-pc-posnk/lib/crt0.o
 .rel.text.cmdloop
                0x0000000000000000        0x0 /home/peterbjornx/nk/gcc_posnk/lib/gcc/i386-pc-posnk/4.7.2/../../../../i386-pc-posnk/lib/crt0.o
 .rel.text.find_command
                0x0000000000000000        0x0 /home/peterbjornx/nk/gcc_posnk/lib/gcc/i386-pc-posnk/4.7.2/../../../../i386-pc-posnk/lib/crt0.o
 .rel.text.describe_command
                0x0000000000000000        0x0 /home/peterbjornx/nk/gcc_posnk/lib/gcc/i386-pc-posnk/4.7.2/../../../../i386-pc-posnk/lib/crt0.o
 .rel.text.hashcmd
                0x0000000000000000        0x0 /home/peterbjornx/nk/gcc_posnk/lib/gcc/i386-pc-posnk/4.7.2/../../../../i386-pc-posnk/lib/crt0.o
 .rel.text.evalpipe
                0x0000000000000000        0x0 /home/peterbjornx/nk/gcc_posnk/lib/gcc/i386-pc-posnk/4.7.2/../../../../i386-pc-posnk/lib/crt0.o
 .rel.text.dotcmd
                0x0000000000000000        0x0 /home/peterbjornx/nk/gcc_posnk/lib/gcc/i386-pc-posnk/4.7.2/../../../../i386-pc-posnk/lib/crt0.o
 .rel.text.parse_command
                0x0000000000000000        0x0 /home/peterbjornx/nk/gcc_posnk/lib/gcc/i386-pc-posnk/4.7.2/../../../../i386-pc-posnk/lib/crt0.o
 .rel.text.evalcommand
                0x0000000000000000        0x0 /home/peterbjornx/nk/gcc_posnk/lib/gcc/i386-pc-posnk/4.7.2/../../../../i386-pc-posnk/lib/crt0.o
 .rel.text.evalcase
                0x0000000000000000        0x0 /home/peterbjornx/nk/gcc_posnk/lib/gcc/i386-pc-posnk/4.7.2/../../../../i386-pc-posnk/lib/crt0.o
 .rel.text.ash_main
                0x0000000000000000        0x0 /home/peterbjornx/nk/gcc_posnk/lib/gcc/i386-pc-posnk/4.7.2/../../../../i386-pc-posnk/lib/crt0.o
 .rel.text.arith_apply
                0x0000000000000000        0x0 /home/peterbjornx/nk/gcc_posnk/lib/gcc/i386-pc-posnk/4.7.2/../../../../i386-pc-posnk/lib/crt0.o
 .rel.text.evaluate_string
                0x0000000000000000        0x0 /home/peterbjornx/nk/gcc_posnk/lib/gcc/i386-pc-posnk/4.7.2/../../../../i386-pc-posnk/lib/crt0.o
 .rel.text.arith_lookup_val
                0x0000000000000000        0x0 /home/peterbjornx/nk/gcc_posnk/lib/gcc/i386-pc-posnk/4.7.2/../../../../i386-pc-posnk/lib/crt0.o
 .rel.text.next_random
                0x0000000000000000        0x0 /home/peterbjornx/nk/gcc_posnk/lib/gcc/i386-pc-posnk/4.7.2/../../../../i386-pc-posnk/lib/crt0.o
 .rel.text.compressStream
                0x0000000000000000        0x0 /home/peterbjornx/nk/gcc_posnk/lib/gcc/i386-pc-posnk/4.7.2/../../../../i386-pc-posnk/lib/crt0.o
 .rel.text.bzip2_main
                0x0000000000000000        0x0 /home/peterbjornx/nk/gcc_posnk/lib/gcc/i386-pc-posnk/4.7.2/../../../../i386-pc-posnk/lib/crt0.o
 .rel.text.cpio_o
                0x0000000000000000        0x0 /home/peterbjornx/nk/gcc_posnk/lib/gcc/i386-pc-posnk/4.7.2/../../../../i386-pc-posnk/lib/crt0.o
 .rel.text.cpio_main
                0x0000000000000000        0x0 /home/peterbjornx/nk/gcc_posnk/lib/gcc/i386-pc-posnk/4.7.2/../../../../i386-pc-posnk/lib/crt0.o
 .rel.text.add_edge_to_node
                0x0000000000000000        0x0 /home/peterbjornx/nk/gcc_posnk/lib/gcc/i386-pc-posnk/4.7.2/../../../../i386-pc-posnk/lib/crt0.o
 .rel.text.free_package
                0x0000000000000000        0x0 /home/peterbjornx/nk/gcc_posnk/lib/gcc/i386-pc-posnk/4.7.2/../../../../i386-pc-posnk/lib/crt0.o
 .rel.text.free_array
                0x0000000000000000        0x0 /home/peterbjornx/nk/gcc_posnk/lib/gcc/i386-pc-posnk/4.7.2/../../../../i386-pc-posnk/lib/crt0.o
 .rel.text.init_archive_deb_control
                0x0000000000000000        0x0 /home/peterbjornx/nk/gcc_posnk/lib/gcc/i386-pc-posnk/4.7.2/../../../../i386-pc-posnk/lib/crt0.o
 .rel.text.init_archive_deb_ar
                0x0000000000000000        0x0 /home/peterbjornx/nk/gcc_posnk/lib/gcc/i386-pc-posnk/4.7.2/../../../../i386-pc-posnk/lib/crt0.o
 .rel.text.data_extract_to_buffer
                0x0000000000000000        0x0 /home/peterbjornx/nk/gcc_posnk/lib/gcc/i386-pc-posnk/4.7.2/../../../../i386-pc-posnk/lib/crt0.o
 .rel.text.make_hash
                0x0000000000000000        0x0 /home/peterbjornx/nk/gcc_posnk/lib/gcc/i386-pc-posnk/4.7.2/../../../../i386-pc-posnk/lib/crt0.o
 .rel.text.search_name_hashtable
                0x0000000000000000        0x0 /home/peterbjornx/nk/gcc_posnk/lib/gcc/i386-pc-posnk/4.7.2/../../../../i386-pc-posnk/lib/crt0.o
 .rel.text.get_status
                0x0000000000000000        0x0 /home/peterbjornx/nk/gcc_posnk/lib/gcc/i386-pc-posnk/4.7.2/../../../../i386-pc-posnk/lib/crt0.o
 .rel.text.search_status_hashtable
                0x0000000000000000        0x0 /home/peterbjornx/nk/gcc_posnk/lib/gcc/i386-pc-posnk/4.7.2/../../../../i386-pc-posnk/lib/crt0.o
 .rel.text.package_satisfies_dependency
                0x0000000000000000        0x0 /home/peterbjornx/nk/gcc_posnk/lib/gcc/i386-pc-posnk/4.7.2/../../../../i386-pc-posnk/lib/crt0.o
 .rel.text.add_split_dependencies
                0x0000000000000000        0x0 /home/peterbjornx/nk/gcc_posnk/lib/gcc/i386-pc-posnk/4.7.2/../../../../i386-pc-posnk/lib/crt0.o
 .rel.text.test_version
                0x0000000000000000        0x0 /home/peterbjornx/nk/gcc_posnk/lib/gcc/i386-pc-posnk/4.7.2/../../../../i386-pc-posnk/lib/crt0.o
 .rel.text.search_package_hashtable
                0x0000000000000000        0x0 /home/peterbjornx/nk/gcc_posnk/lib/gcc/i386-pc-posnk/4.7.2/../../../../i386-pc-posnk/lib/crt0.o
 .rel.text.fill_package_struct
                0x0000000000000000        0x0 /home/peterbjornx/nk/gcc_posnk/lib/gcc/i386-pc-posnk/4.7.2/../../../../i386-pc-posnk/lib/crt0.o
 .rel.text.set_status
                0x0000000000000000        0x0 /home/peterbjornx/nk/gcc_posnk/lib/gcc/i386-pc-posnk/4.7.2/../../../../i386-pc-posnk/lib/crt0.o
 .rel.text.run_package_script_or_die
                0x0000000000000000        0x0 /home/peterbjornx/nk/gcc_posnk/lib/gcc/i386-pc-posnk/4.7.2/../../../../i386-pc-posnk/lib/crt0.o
 .rel.text.configure_package
                0x0000000000000000        0x0 /home/peterbjornx/nk/gcc_posnk/lib/gcc/i386-pc-posnk/4.7.2/../../../../i386-pc-posnk/lib/crt0.o
 .rel.text.create_list
                0x0000000000000000        0x0 /home/peterbjornx/nk/gcc_posnk/lib/gcc/i386-pc-posnk/4.7.2/../../../../i386-pc-posnk/lib/crt0.o
 .rel.text.append_control_file_to_llist
                0x0000000000000000        0x0 /home/peterbjornx/nk/gcc_posnk/lib/gcc/i386-pc-posnk/4.7.2/../../../../i386-pc-posnk/lib/crt0.o
 .rel.text.remove_file_array
                0x0000000000000000        0x0 /home/peterbjornx/nk/gcc_posnk/lib/gcc/i386-pc-posnk/4.7.2/../../../../i386-pc-posnk/lib/crt0.o
 .rel.text.remove_package
                0x0000000000000000        0x0 /home/peterbjornx/nk/gcc_posnk/lib/gcc/i386-pc-posnk/4.7.2/../../../../i386-pc-posnk/lib/crt0.o
 .rel.text.unpack_package
                0x0000000000000000        0x0 /home/peterbjornx/nk/gcc_posnk/lib/gcc/i386-pc-posnk/4.7.2/../../../../i386-pc-posnk/lib/crt0.o
 .rel.text.write_buffer_no_status
                0x0000000000000000        0x0 /home/peterbjornx/nk/gcc_posnk/lib/gcc/i386-pc-posnk/4.7.2/../../../../i386-pc-posnk/lib/crt0.o
 .rel.text.filter_rename_config
                0x0000000000000000        0x0 /home/peterbjornx/nk/gcc_posnk/lib/gcc/i386-pc-posnk/4.7.2/../../../../i386-pc-posnk/lib/crt0.o
 .rel.text.data_extract_all_prefix
                0x0000000000000000        0x0 /home/peterbjornx/nk/gcc_posnk/lib/gcc/i386-pc-posnk/4.7.2/../../../../i386-pc-posnk/lib/crt0.o
 .rel.text.dpkg_main
                0x0000000000000000        0x0 /home/peterbjornx/nk/gcc_posnk/lib/gcc/i386-pc-posnk/4.7.2/../../../../i386-pc-posnk/lib/crt0.o
 .rel.text.init_block
                0x0000000000000000        0x0 /home/peterbjornx/nk/gcc_posnk/lib/gcc/i386-pc-posnk/4.7.2/../../../../i386-pc-posnk/lib/crt0.o
 .rel.text.pqdownheap
                0x0000000000000000        0x0 /home/peterbjornx/nk/gcc_posnk/lib/gcc/i386-pc-posnk/4.7.2/../../../../i386-pc-posnk/lib/crt0.o
 .rel.text.gen_codes
                0x0000000000000000        0x0 /home/peterbjornx/nk/gcc_posnk/lib/gcc/i386-pc-posnk/4.7.2/../../../../i386-pc-posnk/lib/crt0.o
 .rel.text.build_tree
                0x0000000000000000        0x0 /home/peterbjornx/nk/gcc_posnk/lib/gcc/i386-pc-posnk/4.7.2/../../../../i386-pc-posnk/lib/crt0.o
 .rel.text.scan_tree
                0x0000000000000000        0x0 /home/peterbjornx/nk/gcc_posnk/lib/gcc/i386-pc-posnk/4.7.2/../../../../i386-pc-posnk/lib/crt0.o
 .rel.text.ct_tally
                0x0000000000000000        0x0 /home/peterbjornx/nk/gcc_posnk/lib/gcc/i386-pc-posnk/4.7.2/../../../../i386-pc-posnk/lib/crt0.o
 .rel.text.file_read
                0x0000000000000000        0x0 /home/peterbjornx/nk/gcc_posnk/lib/gcc/i386-pc-posnk/4.7.2/../../../../i386-pc-posnk/lib/crt0.o
 .rel.text.fill_window
                0x0000000000000000        0x0 /home/peterbjornx/nk/gcc_posnk/lib/gcc/i386-pc-posnk/4.7.2/../../../../i386-pc-posnk/lib/crt0.o
 .rel.text.flush_outbuf
                0x0000000000000000        0x0 /home/peterbjornx/nk/gcc_posnk/lib/gcc/i386-pc-posnk/4.7.2/../../../../i386-pc-posnk/lib/crt0.o
 .rel.text.put_16bit
                0x0000000000000000        0x0 /home/peterbjornx/nk/gcc_posnk/lib/gcc/i386-pc-posnk/4.7.2/../../../../i386-pc-posnk/lib/crt0.o
 .rel.text.send_bits
                0x0000000000000000        0x0 /home/peterbjornx/nk/gcc_posnk/lib/gcc/i386-pc-posnk/4.7.2/../../../../i386-pc-posnk/lib/crt0.o
 .rel.text.send_tree
                0x0000000000000000        0x0 /home/peterbjornx/nk/gcc_posnk/lib/gcc/i386-pc-posnk/4.7.2/../../../../i386-pc-posnk/lib/crt0.o
 .rel.text.compress_block
                0x0000000000000000        0x0 /home/peterbjornx/nk/gcc_posnk/lib/gcc/i386-pc-posnk/4.7.2/../../../../i386-pc-posnk/lib/crt0.o
 .rel.text.bi_windup
                0x0000000000000000        0x0 /home/peterbjornx/nk/gcc_posnk/lib/gcc/i386-pc-posnk/4.7.2/../../../../i386-pc-posnk/lib/crt0.o
 .rel.text.flush_block
                0x0000000000000000        0x0 /home/peterbjornx/nk/gcc_posnk/lib/gcc/i386-pc-posnk/4.7.2/../../../../i386-pc-posnk/lib/crt0.o
 .rel.text.pack_gzip
                0x0000000000000000        0x0 /home/peterbjornx/nk/gcc_posnk/lib/gcc/i386-pc-posnk/4.7.2/../../../../i386-pc-posnk/lib/crt0.o
 .rel.text.gzip_main
                0x0000000000000000        0x0 /home/peterbjornx/nk/gcc_posnk/lib/gcc/i386-pc-posnk/4.7.2/../../../../i386-pc-posnk/lib/crt0.o
 .rel.text.append_file_list_to_list
                0x0000000000000000        0x0 /home/peterbjornx/nk/gcc_posnk/lib/gcc/i386-pc-posnk/4.7.2/../../../../i386-pc-posnk/lib/crt0.o
 .rel.text.vfork_compressor
                0x0000000000000000        0x0 /home/peterbjornx/nk/gcc_posnk/lib/gcc/i386-pc-posnk/4.7.2/../../../../i386-pc-posnk/lib/crt0.o
 .rel.text.writeTarFile
                0x0000000000000000        0x0 /home/peterbjornx/nk/gcc_posnk/lib/gcc/i386-pc-posnk/4.7.2/../../../../i386-pc-posnk/lib/crt0.o
 .rel.text.putOctal
                0x0000000000000000        0x0 /home/peterbjornx/nk/gcc_posnk/lib/gcc/i386-pc-posnk/4.7.2/../../../../i386-pc-posnk/lib/crt0.o
 .rel.text.chksum_and_xwrite
                0x0000000000000000        0x0 /home/peterbjornx/nk/gcc_posnk/lib/gcc/i386-pc-posnk/4.7.2/../../../../i386-pc-posnk/lib/crt0.o
 .rel.text.writeLongname
                0x0000000000000000        0x0 /home/peterbjornx/nk/gcc_posnk/lib/gcc/i386-pc-posnk/4.7.2/../../../../i386-pc-posnk/lib/crt0.o
 .rel.text.writeTarHeader
                0x0000000000000000        0x0 /home/peterbjornx/nk/gcc_posnk/lib/gcc/i386-pc-posnk/4.7.2/../../../../i386-pc-posnk/lib/crt0.o
 .rel.text.writeFileToTarball
                0x0000000000000000        0x0 /home/peterbjornx/nk/gcc_posnk/lib/gcc/i386-pc-posnk/4.7.2/../../../../i386-pc-posnk/lib/crt0.o
 .rel.text.tar_main
                0x0000000000000000        0x0 /home/peterbjornx/nk/gcc_posnk/lib/gcc/i386-pc-posnk/4.7.2/../../../../i386-pc-posnk/lib/crt0.o
 .rel.text.bbunpack
                0x0000000000000000        0x0 /home/peterbjornx/nk/gcc_posnk/lib/gcc/i386-pc-posnk/4.7.2/../../../../i386-pc-posnk/lib/crt0.o
 .rel.text.data_extract_all
                0x0000000000000000        0x0 /home/peterbjornx/nk/gcc_posnk/lib/gcc/i386-pc-posnk/4.7.2/../../../../i386-pc-posnk/lib/crt0.o
 .rel.text.get_bits
                0x0000000000000000        0x0 /home/peterbjornx/nk/gcc_posnk/lib/gcc/i386-pc-posnk/4.7.2/../../../../i386-pc-posnk/lib/crt0.o
 .rel.text.start_bunzip
                0x0000000000000000        0x0 /home/peterbjornx/nk/gcc_posnk/lib/gcc/i386-pc-posnk/4.7.2/../../../../i386-pc-posnk/lib/crt0.o
 .rel.text.dealloc_bunzip
                0x0000000000000000        0x0 /home/peterbjornx/nk/gcc_posnk/lib/gcc/i386-pc-posnk/4.7.2/../../../../i386-pc-posnk/lib/crt0.o
 .rel.text.unpack_bz2_stream
                0x0000000000000000        0x0 /home/peterbjornx/nk/gcc_posnk/lib/gcc/i386-pc-posnk/4.7.2/../../../../i386-pc-posnk/lib/crt0.o
 .rel.text.huft_free
                0x0000000000000000        0x0 /home/peterbjornx/nk/gcc_posnk/lib/gcc/i386-pc-posnk/4.7.2/../../../../i386-pc-posnk/lib/crt0.o
 .rel.text.abort_unzip
                0x0000000000000000        0x0 /home/peterbjornx/nk/gcc_posnk/lib/gcc/i386-pc-posnk/4.7.2/../../../../i386-pc-posnk/lib/crt0.o
 .rel.text.calculate_gunzip_crc
                0x0000000000000000        0x0 /home/peterbjornx/nk/gcc_posnk/lib/gcc/i386-pc-posnk/4.7.2/../../../../i386-pc-posnk/lib/crt0.o
 .rel.text.inflate_unzip_internal
                0x0000000000000000        0x0 /home/peterbjornx/nk/gcc_posnk/lib/gcc/i386-pc-posnk/4.7.2/../../../../i386-pc-posnk/lib/crt0.o
 .rel.text.top_up
                0x0000000000000000        0x0 /home/peterbjornx/nk/gcc_posnk/lib/gcc/i386-pc-posnk/4.7.2/../../../../i386-pc-posnk/lib/crt0.o
 .rel.text.inflate_unzip
                0x0000000000000000        0x0 /home/peterbjornx/nk/gcc_posnk/lib/gcc/i386-pc-posnk/4.7.2/../../../../i386-pc-posnk/lib/crt0.o
 .rel.text.unpack_gz_stream
                0x0000000000000000        0x0 /home/peterbjornx/nk/gcc_posnk/lib/gcc/i386-pc-posnk/4.7.2/../../../../i386-pc-posnk/lib/crt0.o
 .rel.text.filter_accept_list
                0x0000000000000000        0x0 /home/peterbjornx/nk/gcc_posnk/lib/gcc/i386-pc-posnk/4.7.2/../../../../i386-pc-posnk/lib/crt0.o
 .rel.text.filter_accept_list_reassign
                0x0000000000000000        0x0 /home/peterbjornx/nk/gcc_posnk/lib/gcc/i386-pc-posnk/4.7.2/../../../../i386-pc-posnk/lib/crt0.o
 .rel.text.filter_accept_reject_list
                0x0000000000000000        0x0 /home/peterbjornx/nk/gcc_posnk/lib/gcc/i386-pc-posnk/4.7.2/../../../../i386-pc-posnk/lib/crt0.o
 .rel.text.find_list_entry
                0x0000000000000000        0x0 /home/peterbjornx/nk/gcc_posnk/lib/gcc/i386-pc-posnk/4.7.2/../../../../i386-pc-posnk/lib/crt0.o
 .rel.text.find_list_entry2
                0x0000000000000000        0x0 /home/peterbjornx/nk/gcc_posnk/lib/gcc/i386-pc-posnk/4.7.2/../../../../i386-pc-posnk/lib/crt0.o
 .rel.text.get_header_cpio
                0x0000000000000000        0x0 /home/peterbjornx/nk/gcc_posnk/lib/gcc/i386-pc-posnk/4.7.2/../../../../i386-pc-posnk/lib/crt0.o
 .rel.text.getOctal
                0x0000000000000000        0x0 /home/peterbjornx/nk/gcc_posnk/lib/gcc/i386-pc-posnk/4.7.2/../../../../i386-pc-posnk/lib/crt0.o
 .rel.text.strip_unsafe_prefix
                0x0000000000000000        0x0 /home/peterbjornx/nk/gcc_posnk/lib/gcc/i386-pc-posnk/4.7.2/../../../../i386-pc-posnk/lib/crt0.o
 .rel.text.get_header_tar
                0x0000000000000000        0x0 /home/peterbjornx/nk/gcc_posnk/lib/gcc/i386-pc-posnk/4.7.2/../../../../i386-pc-posnk/lib/crt0.o
 .rel.text.get_header_tar_gz
                0x0000000000000000        0x0 /home/peterbjornx/nk/gcc_posnk/lib/gcc/i386-pc-posnk/4.7.2/../../../../i386-pc-posnk/lib/crt0.o
 .rel.text.header_list
                0x0000000000000000        0x0 /home/peterbjornx/nk/gcc_posnk/lib/gcc/i386-pc-posnk/4.7.2/../../../../i386-pc-posnk/lib/crt0.o
 .rel.text.header_verbose_list
                0x0000000000000000        0x0 /home/peterbjornx/nk/gcc_posnk/lib/gcc/i386-pc-posnk/4.7.2/../../../../i386-pc-posnk/lib/crt0.o
 .rel.text.init_handle
                0x0000000000000000        0x0 /home/peterbjornx/nk/gcc_posnk/lib/gcc/i386-pc-posnk/4.7.2/../../../../i386-pc-posnk/lib/crt0.o
 .rel.text.check_errors_in_children
                0x0000000000000000        0x0 /home/peterbjornx/nk/gcc_posnk/lib/gcc/i386-pc-posnk/4.7.2/../../../../i386-pc-posnk/lib/crt0.o
 .rel.text.open_transformer
                0x0000000000000000        0x0 /home/peterbjornx/nk/gcc_posnk/lib/gcc/i386-pc-posnk/4.7.2/../../../../i386-pc-posnk/lib/crt0.o
 .rel.text.setup_unzip_on_fd
                0x0000000000000000        0x0 /home/peterbjornx/nk/gcc_posnk/lib/gcc/i386-pc-posnk/4.7.2/../../../../i386-pc-posnk/lib/crt0.o
 .rel.text.open_zipped
                0x0000000000000000        0x0 /home/peterbjornx/nk/gcc_posnk/lib/gcc/i386-pc-posnk/4.7.2/../../../../i386-pc-posnk/lib/crt0.o
 .rel.text.xmalloc_open_zipped_read_close
                0x0000000000000000        0x0 /home/peterbjornx/nk/gcc_posnk/lib/gcc/i386-pc-posnk/4.7.2/../../../../i386-pc-posnk/lib/crt0.o
 .rel.text.seek_by_jump
                0x0000000000000000        0x0 /home/peterbjornx/nk/gcc_posnk/lib/gcc/i386-pc-posnk/4.7.2/../../../../i386-pc-posnk/lib/crt0.o
 .rel.text.unpack_ar_archive
                0x0000000000000000        0x0 /home/peterbjornx/nk/gcc_posnk/lib/gcc/i386-pc-posnk/4.7.2/../../../../i386-pc-posnk/lib/crt0.o
 .rel.text.get_header_ar
                0x0000000000000000        0x0 /home/peterbjornx/nk/gcc_posnk/lib/gcc/i386-pc-posnk/4.7.2/../../../../i386-pc-posnk/lib/crt0.o
 .rel.text.basename_main
                0x0000000000000000        0x0 /home/peterbjornx/nk/gcc_posnk/lib/gcc/i386-pc-posnk/4.7.2/../../../../i386-pc-posnk/lib/crt0.o
 .rel.text.trim_trailing_spaces_and_print
                0x0000000000000000        0x0 /home/peterbjornx/nk/gcc_posnk/lib/gcc/i386-pc-posnk/4.7.2/../../../../i386-pc-posnk/lib/crt0.o
 .rel.text.day_array
                0x0000000000000000        0x0 /home/peterbjornx/nk/gcc_posnk/lib/gcc/i386-pc-posnk/4.7.2/../../../../i386-pc-posnk/lib/crt0.o
 .rel.text.build_row
                0x0000000000000000        0x0 /home/peterbjornx/nk/gcc_posnk/lib/gcc/i386-pc-posnk/4.7.2/../../../../i386-pc-posnk/lib/crt0.o
 .rel.text.center
                0x0000000000000000        0x0 /home/peterbjornx/nk/gcc_posnk/lib/gcc/i386-pc-posnk/4.7.2/../../../../i386-pc-posnk/lib/crt0.o
 .rel.text.cal_main
                0x0000000000000000        0x0 /home/peterbjornx/nk/gcc_posnk/lib/gcc/i386-pc-posnk/4.7.2/../../../../i386-pc-posnk/lib/crt0.o
 .rel.text.bb_cat
                0x0000000000000000        0x0 /home/peterbjornx/nk/gcc_posnk/lib/gcc/i386-pc-posnk/4.7.2/../../../../i386-pc-posnk/lib/crt0.o
 .rel.text.cat_main
                0x0000000000000000        0x0 /home/peterbjornx/nk/gcc_posnk/lib/gcc/i386-pc-posnk/4.7.2/../../../../i386-pc-posnk/lib/crt0.o
 .rel.text.fileAction
                0x0000000000000000        0x0 /home/peterbjornx/nk/gcc_posnk/lib/gcc/i386-pc-posnk/4.7.2/../../../../i386-pc-posnk/lib/crt0.o
 .rel.text.chmod_main
                0x0000000000000000        0x0 /home/peterbjornx/nk/gcc_posnk/lib/gcc/i386-pc-posnk/4.7.2/../../../../i386-pc-posnk/lib/crt0.o
 .rel.text.chown_main
                0x0000000000000000        0x0 /home/peterbjornx/nk/gcc_posnk/lib/gcc/i386-pc-posnk/4.7.2/../../../../i386-pc-posnk/lib/crt0.o
 .rel.text.cp_main
                0x0000000000000000        0x0 /home/peterbjornx/nk/gcc_posnk/lib/gcc/i386-pc-posnk/4.7.2/../../../../i386-pc-posnk/lib/crt0.o
 .rel.text.echo_main
                0x0000000000000000        0x0 /home/peterbjornx/nk/gcc_posnk/lib/gcc/i386-pc-posnk/4.7.2/../../../../i386-pc-posnk/lib/crt0.o
 .rel.text.env_main
                0x0000000000000000        0x0 /home/peterbjornx/nk/gcc_posnk/lib/gcc/i386-pc-posnk/4.7.2/../../../../i386-pc-posnk/lib/crt0.o
 .rel.text.docolon
                0x0000000000000000        0x0 /home/peterbjornx/nk/gcc_posnk/lib/gcc/i386-pc-posnk/4.7.2/../../../../i386-pc-posnk/lib/crt0.o
 .rel.text.toarith
                0x0000000000000000        0x0 /home/peterbjornx/nk/gcc_posnk/lib/gcc/i386-pc-posnk/4.7.2/../../../../i386-pc-posnk/lib/crt0.o
 .rel.text.arithmetic_common
                0x0000000000000000        0x0 /home/peterbjornx/nk/gcc_posnk/lib/gcc/i386-pc-posnk/4.7.2/../../../../i386-pc-posnk/lib/crt0.o
 .rel.text.freev
                0x0000000000000000        0x0 /home/peterbjornx/nk/gcc_posnk/lib/gcc/i386-pc-posnk/4.7.2/../../../../i386-pc-posnk/lib/crt0.o
 .rel.text.nextarg
                0x0000000000000000        0x0 /home/peterbjornx/nk/gcc_posnk/lib/gcc/i386-pc-posnk/4.7.2/../../../../i386-pc-posnk/lib/crt0.o
 .rel.text.eval
                0x0000000000000000        0x0 /home/peterbjornx/nk/gcc_posnk/lib/gcc/i386-pc-posnk/4.7.2/../../../../i386-pc-posnk/lib/crt0.o
 .rel.text.eval6
                0x0000000000000000        0x0 /home/peterbjornx/nk/gcc_posnk/lib/gcc/i386-pc-posnk/4.7.2/../../../../i386-pc-posnk/lib/crt0.o
 .rel.text.eval5
                0x0000000000000000        0x0 /home/peterbjornx/nk/gcc_posnk/lib/gcc/i386-pc-posnk/4.7.2/../../../../i386-pc-posnk/lib/crt0.o
 .rel.text.eval4
                0x0000000000000000        0x0 /home/peterbjornx/nk/gcc_posnk/lib/gcc/i386-pc-posnk/4.7.2/../../../../i386-pc-posnk/lib/crt0.o
 .rel.text.eval3
                0x0000000000000000        0x0 /home/peterbjornx/nk/gcc_posnk/lib/gcc/i386-pc-posnk/4.7.2/../../../../i386-pc-posnk/lib/crt0.o
 .rel.text.eval2
                0x0000000000000000        0x0 /home/peterbjornx/nk/gcc_posnk/lib/gcc/i386-pc-posnk/4.7.2/../../../../i386-pc-posnk/lib/crt0.o
 .rel.text.eval1
                0x0000000000000000        0x0 /home/peterbjornx/nk/gcc_posnk/lib/gcc/i386-pc-posnk/4.7.2/../../../../i386-pc-posnk/lib/crt0.o
 .rel.text.expr_main
                0x0000000000000000        0x0 /home/peterbjornx/nk/gcc_posnk/lib/gcc/i386-pc-posnk/4.7.2/../../../../i386-pc-posnk/lib/crt0.o
 .rel.text.get_groups
                0x0000000000000000        0x0 /home/peterbjornx/nk/gcc_posnk/lib/gcc/i386-pc-posnk/4.7.2/../../../../i386-pc-posnk/lib/crt0.o
 .rel.text.print_common
                0x0000000000000000        0x0 /home/peterbjornx/nk/gcc_posnk/lib/gcc/i386-pc-posnk/4.7.2/../../../../i386-pc-posnk/lib/crt0.o
 .rel.text.print_user
                0x0000000000000000        0x0 /home/peterbjornx/nk/gcc_posnk/lib/gcc/i386-pc-posnk/4.7.2/../../../../i386-pc-posnk/lib/crt0.o
 .rel.text.print_group
                0x0000000000000000        0x0 /home/peterbjornx/nk/gcc_posnk/lib/gcc/i386-pc-posnk/4.7.2/../../../../i386-pc-posnk/lib/crt0.o
 .rel.text.id_main
                0x0000000000000000        0x0 /home/peterbjornx/nk/gcc_posnk/lib/gcc/i386-pc-posnk/4.7.2/../../../../i386-pc-posnk/lib/crt0.o
 .rel.text.ln_main
                0x0000000000000000        0x0 /home/peterbjornx/nk/gcc_posnk/lib/gcc/i386-pc-posnk/4.7.2/../../../../i386-pc-posnk/lib/crt0.o
 .rel.text.append_char
                0x0000000000000000        0x0 /home/peterbjornx/nk/gcc_posnk/lib/gcc/i386-pc-posnk/4.7.2/../../../../i386-pc-posnk/lib/crt0.o
 .rel.text.my_stat
                0x0000000000000000        0x0 /home/peterbjornx/nk/gcc_posnk/lib/gcc/i386-pc-posnk/4.7.2/../../../../i386-pc-posnk/lib/crt0.o
 .rel.text.print_name
                0x0000000000000000        0x0 /home/peterbjornx/nk/gcc_posnk/lib/gcc/i386-pc-posnk/4.7.2/../../../../i386-pc-posnk/lib/crt0.o
 .rel.text.display_single
                0x0000000000000000        0x0 /home/peterbjornx/nk/gcc_posnk/lib/gcc/i386-pc-posnk/4.7.2/../../../../i386-pc-posnk/lib/crt0.o
 .rel.text.dnsort
                0x0000000000000000        0x0 /home/peterbjornx/nk/gcc_posnk/lib/gcc/i386-pc-posnk/4.7.2/../../../../i386-pc-posnk/lib/crt0.o
 .rel.text.sort_and_display_files
                0x0000000000000000        0x0 /home/peterbjornx/nk/gcc_posnk/lib/gcc/i386-pc-posnk/4.7.2/../../../../i386-pc-posnk/lib/crt0.o
 .rel.text.sortcmp
                0x0000000000000000        0x0 /home/peterbjornx/nk/gcc_posnk/lib/gcc/i386-pc-posnk/4.7.2/../../../../i386-pc-posnk/lib/crt0.o
 .rel.text.scan_and_display_dirs_recur
                0x0000000000000000        0x0 /home/peterbjornx/nk/gcc_posnk/lib/gcc/i386-pc-posnk/4.7.2/../../../../i386-pc-posnk/lib/crt0.o
 .rel.text.ls_main
                0x0000000000000000        0x0 /home/peterbjornx/nk/gcc_posnk/lib/gcc/i386-pc-posnk/4.7.2/../../../../i386-pc-posnk/lib/crt0.o
 .rel.text.mkdir_main
                0x0000000000000000        0x0 /home/peterbjornx/nk/gcc_posnk/lib/gcc/i386-pc-posnk/4.7.2/../../../../i386-pc-posnk/lib/crt0.o
 .rel.text.mknod_main
                0x0000000000000000        0x0 /home/peterbjornx/nk/gcc_posnk/lib/gcc/i386-pc-posnk/4.7.2/../../../../i386-pc-posnk/lib/crt0.o
 .rel.text.od_main
                0x0000000000000000        0x0 /home/peterbjornx/nk/gcc_posnk/lib/gcc/i386-pc-posnk/4.7.2/../../../../i386-pc-posnk/lib/crt0.o
 .rel.text.printenv_main
                0x0000000000000000        0x0 /home/peterbjornx/nk/gcc_posnk/lib/gcc/i386-pc-posnk/4.7.2/../../../../i386-pc-posnk/lib/crt0.o
 .rel.text.get_width_prec
                0x0000000000000000        0x0 /home/peterbjornx/nk/gcc_posnk/lib/gcc/i386-pc-posnk/4.7.2/../../../../i386-pc-posnk/lib/crt0.o
 .rel.text.multiconvert
                0x0000000000000000        0x0 /home/peterbjornx/nk/gcc_posnk/lib/gcc/i386-pc-posnk/4.7.2/../../../../i386-pc-posnk/lib/crt0.o
 .rel.text.print_direc
                0x0000000000000000        0x0 /home/peterbjornx/nk/gcc_posnk/lib/gcc/i386-pc-posnk/4.7.2/../../../../i386-pc-posnk/lib/crt0.o
 .rel.text.conv_strtoull
                0x0000000000000000        0x0 /home/peterbjornx/nk/gcc_posnk/lib/gcc/i386-pc-posnk/4.7.2/../../../../i386-pc-posnk/lib/crt0.o
 .rel.text.conv_strtod
                0x0000000000000000        0x0 /home/peterbjornx/nk/gcc_posnk/lib/gcc/i386-pc-posnk/4.7.2/../../../../i386-pc-posnk/lib/crt0.o
 .rel.text.printf_main
                0x0000000000000000        0x0 /home/peterbjornx/nk/gcc_posnk/lib/gcc/i386-pc-posnk/4.7.2/../../../../i386-pc-posnk/lib/crt0.o
 .rel.text.pwd_main
                0x0000000000000000        0x0 /home/peterbjornx/nk/gcc_posnk/lib/gcc/i386-pc-posnk/4.7.2/../../../../i386-pc-posnk/lib/crt0.o
 .rel.text.readlink_main
                0x0000000000000000        0x0 /home/peterbjornx/nk/gcc_posnk/lib/gcc/i386-pc-posnk/4.7.2/../../../../i386-pc-posnk/lib/crt0.o
 .rel.text.seq_main
                0x0000000000000000        0x0 /home/peterbjornx/nk/gcc_posnk/lib/gcc/i386-pc-posnk/4.7.2/../../../../i386-pc-posnk/lib/crt0.o
 .rel.text.split_main
                0x0000000000000000        0x0 /home/peterbjornx/nk/gcc_posnk/lib/gcc/i386-pc-posnk/4.7.2/../../../../i386-pc-posnk/lib/crt0.o
 .rel.text.find_mode
                0x0000000000000000        0x0 /home/peterbjornx/nk/gcc_posnk/lib/gcc/i386-pc-posnk/4.7.2/../../../../i386-pc-posnk/lib/crt0.o
 .rel.text.find_control
                0x0000000000000000        0x0 /home/peterbjornx/nk/gcc_posnk/lib/gcc/i386-pc-posnk/4.7.2/../../../../i386-pc-posnk/lib/crt0.o
 .rel.text.find_param
                0x0000000000000000        0x0 /home/peterbjornx/nk/gcc_posnk/lib/gcc/i386-pc-posnk/4.7.2/../../../../i386-pc-posnk/lib/crt0.o
 .rel.text.set_control_char_or_die
                0x0000000000000000        0x0 /home/peterbjornx/nk/gcc_posnk/lib/gcc/i386-pc-posnk/4.7.2/../../../../i386-pc-posnk/lib/crt0.o
 .rel.text.perror_on_device
                0x0000000000000000        0x0 /home/peterbjornx/nk/gcc_posnk/lib/gcc/i386-pc-posnk/4.7.2/../../../../i386-pc-posnk/lib/crt0.o
 .rel.text.wrapf
                0x0000000000000000        0x0 /home/peterbjornx/nk/gcc_posnk/lib/gcc/i386-pc-posnk/4.7.2/../../../../i386-pc-posnk/lib/crt0.o
 .rel.text.display_window_size
                0x0000000000000000        0x0 /home/peterbjornx/nk/gcc_posnk/lib/gcc/i386-pc-posnk/4.7.2/../../../../i386-pc-posnk/lib/crt0.o
 .rel.text.newline
                0x0000000000000000        0x0 /home/peterbjornx/nk/gcc_posnk/lib/gcc/i386-pc-posnk/4.7.2/../../../../i386-pc-posnk/lib/crt0.o
 .rel.text.set_window_size
                0x0000000000000000        0x0 /home/peterbjornx/nk/gcc_posnk/lib/gcc/i386-pc-posnk/4.7.2/../../../../i386-pc-posnk/lib/crt0.o
 .rel.text.display_speed
                0x0000000000000000        0x0 /home/peterbjornx/nk/gcc_posnk/lib/gcc/i386-pc-posnk/4.7.2/../../../../i386-pc-posnk/lib/crt0.o
 .rel.text.recover_mode
                0x0000000000000000        0x0 /home/peterbjornx/nk/gcc_posnk/lib/gcc/i386-pc-posnk/4.7.2/../../../../i386-pc-posnk/lib/crt0.o
 .rel.text.set_speed_or_die
                0x0000000000000000        0x0 /home/peterbjornx/nk/gcc_posnk/lib/gcc/i386-pc-posnk/4.7.2/../../../../i386-pc-posnk/lib/crt0.o
 .rel.text.perror_on_device_and_die
                0x0000000000000000        0x0 /home/peterbjornx/nk/gcc_posnk/lib/gcc/i386-pc-posnk/4.7.2/../../../../i386-pc-posnk/lib/crt0.o
 .rel.text.display_recoverable
                0x0000000000000000        0x0 /home/peterbjornx/nk/gcc_posnk/lib/gcc/i386-pc-posnk/4.7.2/../../../../i386-pc-posnk/lib/crt0.o
 .rel.text.do_display
                0x0000000000000000        0x0 /home/peterbjornx/nk/gcc_posnk/lib/gcc/i386-pc-posnk/4.7.2/../../../../i386-pc-posnk/lib/crt0.o
 .rel.text.stty_main
                0x0000000000000000        0x0 /home/peterbjornx/nk/gcc_posnk/lib/gcc/i386-pc-posnk/4.7.2/../../../../i386-pc-posnk/lib/crt0.o
 .rel.text.eat_num
                0x0000000000000000        0x0 /home/peterbjornx/nk/gcc_posnk/lib/gcc/i386-pc-posnk/4.7.2/../../../../i386-pc-posnk/lib/crt0.o
 .rel.text.tail_read
                0x0000000000000000        0x0 /home/peterbjornx/nk/gcc_posnk/lib/gcc/i386-pc-posnk/4.7.2/../../../../i386-pc-posnk/lib/crt0.o
 .rel.text.tail_xprint_header
                0x0000000000000000        0x0 /home/peterbjornx/nk/gcc_posnk/lib/gcc/i386-pc-posnk/4.7.2/../../../../i386-pc-posnk/lib/crt0.o
 .rel.text.tail_main
                0x0000000000000000        0x0 /home/peterbjornx/nk/gcc_posnk/lib/gcc/i386-pc-posnk/4.7.2/../../../../i386-pc-posnk/lib/crt0.o
 .rel.text.check_operator
                0x0000000000000000        0x0 /home/peterbjornx/nk/gcc_posnk/lib/gcc/i386-pc-posnk/4.7.2/../../../../i386-pc-posnk/lib/crt0.o
 .rel.text.syntax
                0x0000000000000000        0x0 /home/peterbjornx/nk/gcc_posnk/lib/gcc/i386-pc-posnk/4.7.2/../../../../i386-pc-posnk/lib/crt0.o
 .rel.text.getn
                0x0000000000000000        0x0 /home/peterbjornx/nk/gcc_posnk/lib/gcc/i386-pc-posnk/4.7.2/../../../../i386-pc-posnk/lib/crt0.o
 .rel.text.binop
                0x0000000000000000        0x0 /home/peterbjornx/nk/gcc_posnk/lib/gcc/i386-pc-posnk/4.7.2/../../../../i386-pc-posnk/lib/crt0.o
 .rel.text.nexpr
                0x0000000000000000        0x0 /home/peterbjornx/nk/gcc_posnk/lib/gcc/i386-pc-posnk/4.7.2/../../../../i386-pc-posnk/lib/crt0.o
 .rel.text.aexpr
                0x0000000000000000        0x0 /home/peterbjornx/nk/gcc_posnk/lib/gcc/i386-pc-posnk/4.7.2/../../../../i386-pc-posnk/lib/crt0.o
 .rel.text.oexpr
                0x0000000000000000        0x0 /home/peterbjornx/nk/gcc_posnk/lib/gcc/i386-pc-posnk/4.7.2/../../../../i386-pc-posnk/lib/crt0.o
 .rel.text.test_main
                0x0000000000000000        0x0 /home/peterbjornx/nk/gcc_posnk/lib/gcc/i386-pc-posnk/4.7.2/../../../../i386-pc-posnk/lib/crt0.o
 .rel.text.touch_main
                0x0000000000000000        0x0 /home/peterbjornx/nk/gcc_posnk/lib/gcc/i386-pc-posnk/4.7.2/../../../../i386-pc-posnk/lib/crt0.o
 .rel.text.tty_main
                0x0000000000000000        0x0 /home/peterbjornx/nk/gcc_posnk/lib/gcc/i386-pc-posnk/4.7.2/../../../../i386-pc-posnk/lib/crt0.o
 .rel.text.wc_main
                0x0000000000000000        0x0 /home/peterbjornx/nk/gcc_posnk/lib/gcc/i386-pc-posnk/4.7.2/../../../../i386-pc-posnk/lib/crt0.o
 .rel.text.whoami_main
                0x0000000000000000        0x0 /home/peterbjornx/nk/gcc_posnk/lib/gcc/i386-pc-posnk/4.7.2/../../../../i386-pc-posnk/lib/crt0.o
 .rel.text.yes_main
                0x0000000000000000        0x0 /home/peterbjornx/nk/gcc_posnk/lib/gcc/i386-pc-posnk/4.7.2/../../../../i386-pc-posnk/lib/crt0.o
 .rel.text.cp_mv_stat2
                0x0000000000000000        0x0 /home/peterbjornx/nk/gcc_posnk/lib/gcc/i386-pc-posnk/4.7.2/../../../../i386-pc-posnk/lib/crt0.o
 .rel.text.cp_mv_stat
                0x0000000000000000        0x0 /home/peterbjornx/nk/gcc_posnk/lib/gcc/i386-pc-posnk/4.7.2/../../../../i386-pc-posnk/lib/crt0.o
 .rel.text.getopt_mk_fifo_nod
                0x0000000000000000        0x0 /home/peterbjornx/nk/gcc_posnk/lib/gcc/i386-pc-posnk/4.7.2/../../../../i386-pc-posnk/lib/crt0.o
 .rel.text.findLine
                0x0000000000000000        0x0 /home/peterbjornx/nk/gcc_posnk/lib/gcc/i386-pc-posnk/4.7.2/../../../../i386-pc-posnk/lib/crt0.o
 .rel.text.setCurNum
                0x0000000000000000        0x0 /home/peterbjornx/nk/gcc_posnk/lib/gcc/i386-pc-posnk/4.7.2/../../../../i386-pc-posnk/lib/crt0.o
 .rel.text.bad_nums
                0x0000000000000000        0x0 /home/peterbjornx/nk/gcc_posnk/lib/gcc/i386-pc-posnk/4.7.2/../../../../i386-pc-posnk/lib/crt0.o
 .rel.text.insertLine
                0x0000000000000000        0x0 /home/peterbjornx/nk/gcc_posnk/lib/gcc/i386-pc-posnk/4.7.2/../../../../i386-pc-posnk/lib/crt0.o
 .rel.text.readLines
                0x0000000000000000        0x0 /home/peterbjornx/nk/gcc_posnk/lib/gcc/i386-pc-posnk/4.7.2/../../../../i386-pc-posnk/lib/crt0.o
 .rel.text.deleteLines
                0x0000000000000000        0x0 /home/peterbjornx/nk/gcc_posnk/lib/gcc/i386-pc-posnk/4.7.2/../../../../i386-pc-posnk/lib/crt0.o
 .rel.text.addLines
                0x0000000000000000        0x0 /home/peterbjornx/nk/gcc_posnk/lib/gcc/i386-pc-posnk/4.7.2/../../../../i386-pc-posnk/lib/crt0.o
 .rel.text.findString
                0x0000000000000000        0x0 /home/peterbjornx/nk/gcc_posnk/lib/gcc/i386-pc-posnk/4.7.2/../../../../i386-pc-posnk/lib/crt0.o
 .rel.text.searchLines
                0x0000000000000000        0x0 /home/peterbjornx/nk/gcc_posnk/lib/gcc/i386-pc-posnk/4.7.2/../../../../i386-pc-posnk/lib/crt0.o
 .rel.text.getNum
                0x0000000000000000        0x0 /home/peterbjornx/nk/gcc_posnk/lib/gcc/i386-pc-posnk/4.7.2/../../../../i386-pc-posnk/lib/crt0.o
 .rel.text.printLines
                0x0000000000000000        0x0 /home/peterbjornx/nk/gcc_posnk/lib/gcc/i386-pc-posnk/4.7.2/../../../../i386-pc-posnk/lib/crt0.o
 .rel.text.doCommands
                0x0000000000000000        0x0 /home/peterbjornx/nk/gcc_posnk/lib/gcc/i386-pc-posnk/4.7.2/../../../../i386-pc-posnk/lib/crt0.o
 .rel.text.ed_main
                0x0000000000000000        0x0 /home/peterbjornx/nk/gcc_posnk/lib/gcc/i386-pc-posnk/4.7.2/../../../../i386-pc-posnk/lib/crt0.o
 .rel.text.xgetpwnam
                0x0000000000000000        0x0 /home/peterbjornx/nk/gcc_posnk/lib/gcc/i386-pc-posnk/4.7.2/../../../../i386-pc-posnk/lib/crt0.o
 .rel.text.xgetpwuid
                0x0000000000000000        0x0 /home/peterbjornx/nk/gcc_posnk/lib/gcc/i386-pc-posnk/4.7.2/../../../../i386-pc-posnk/lib/crt0.o
 .rel.text.uid2uname
                0x0000000000000000        0x0 /home/peterbjornx/nk/gcc_posnk/lib/gcc/i386-pc-posnk/4.7.2/../../../../i386-pc-posnk/lib/crt0.o
 .rel.text.get_ug_id
                0x0000000000000000        0x0 /home/peterbjornx/nk/gcc_posnk/lib/gcc/i386-pc-posnk/4.7.2/../../../../i386-pc-posnk/lib/crt0.o
 .rel.text.index_in_str_array
                0x0000000000000000        0x0 /home/peterbjornx/nk/gcc_posnk/lib/gcc/i386-pc-posnk/4.7.2/../../../../i386-pc-posnk/lib/crt0.o
 .rel.text.index_in_strings
                0x0000000000000000        0x0 /home/peterbjornx/nk/gcc_posnk/lib/gcc/i386-pc-posnk/4.7.2/../../../../i386-pc-posnk/lib/crt0.o
 .rel.text.index_in_substrings
                0x0000000000000000        0x0 /home/peterbjornx/nk/gcc_posnk/lib/gcc/i386-pc-posnk/4.7.2/../../../../i386-pc-posnk/lib/crt0.o
 .rel.text.nth_string
                0x0000000000000000        0x0 /home/peterbjornx/nk/gcc_posnk/lib/gcc/i386-pc-posnk/4.7.2/../../../../i386-pc-posnk/lib/crt0.o
 .rel.text.ask_and_unlink
                0x0000000000000000        0x0 /home/peterbjornx/nk/gcc_posnk/lib/gcc/i386-pc-posnk/4.7.2/../../../../i386-pc-posnk/lib/crt0.o
 .rel.text.copy_file
                0x0000000000000000        0x0 /home/peterbjornx/nk/gcc_posnk/lib/gcc/i386-pc-posnk/4.7.2/../../../../i386-pc-posnk/lib/crt0.o
 .rel.text.rewrite
                0x0000000000000000        0x0 /home/peterbjornx/nk/gcc_posnk/lib/gcc/i386-pc-posnk/4.7.2/../../../../i386-pc-posnk/lib/crt0.o
 .rel.text.next
                0x0000000000000000        0x0 /home/peterbjornx/nk/gcc_posnk/lib/gcc/i386-pc-posnk/4.7.2/../../../../i386-pc-posnk/lib/crt0.o
 .rel.text.bb_dump_size.isra.0
                0x0000000000000000        0x0 /home/peterbjornx/nk/gcc_posnk/lib/gcc/i386-pc-posnk/4.7.2/../../../../i386-pc-posnk/lib/crt0.o
 .rel.text.bb_dump_dump
                0x0000000000000000        0x0 /home/peterbjornx/nk/gcc_posnk/lib/gcc/i386-pc-posnk/4.7.2/../../../../i386-pc-posnk/lib/crt0.o
 .rel.text.bb_dump_add
                0x0000000000000000        0x0 /home/peterbjornx/nk/gcc_posnk/lib/gcc/i386-pc-posnk/4.7.2/../../../../i386-pc-posnk/lib/crt0.o
 .rel.text.execable_file
                0x0000000000000000        0x0 /home/peterbjornx/nk/gcc_posnk/lib/gcc/i386-pc-posnk/4.7.2/../../../../i386-pc-posnk/lib/crt0.o
 .rel.text.find_execable
                0x0000000000000000        0x0 /home/peterbjornx/nk/gcc_posnk/lib/gcc/i386-pc-posnk/4.7.2/../../../../i386-pc-posnk/lib/crt0.o
 .rel.text.exists_execable
                0x0000000000000000        0x0 /home/peterbjornx/nk/gcc_posnk/lib/gcc/i386-pc-posnk/4.7.2/../../../../i386-pc-posnk/lib/crt0.o
 .rel.text.BB_EXECVP
                0x0000000000000000        0x0 /home/peterbjornx/nk/gcc_posnk/lib/gcc/i386-pc-posnk/4.7.2/../../../../i386-pc-posnk/lib/crt0.o
 .rel.text.BB_EXECVP_or_die
                0x0000000000000000        0x0 /home/peterbjornx/nk/gcc_posnk/lib/gcc/i386-pc-posnk/4.7.2/../../../../i386-pc-posnk/lib/crt0.o
 .rel.text.fclose_if_not_stdin
                0x0000000000000000        0x0 /home/peterbjornx/nk/gcc_posnk/lib/gcc/i386-pc-posnk/4.7.2/../../../../i386-pc-posnk/lib/crt0.o
 .rel.text.fflush_stdout_and_exit
                0x0000000000000000        0x0 /home/peterbjornx/nk/gcc_posnk/lib/gcc/i386-pc-posnk/4.7.2/../../../../i386-pc-posnk/lib/crt0.o
 .rel.text.xmalloc_fgets_internal
                0x0000000000000000        0x0 /home/peterbjornx/nk/gcc_posnk/lib/gcc/i386-pc-posnk/4.7.2/../../../../i386-pc-posnk/lib/crt0.o
 .rel.text.bb_get_chunk_from_file
                0x0000000000000000        0x0 /home/peterbjornx/nk/gcc_posnk/lib/gcc/i386-pc-posnk/4.7.2/../../../../i386-pc-posnk/lib/crt0.o
 .rel.text.getopt32
                0x0000000000000000        0x0 /home/peterbjornx/nk/gcc_posnk/lib/gcc/i386-pc-posnk/4.7.2/../../../../i386-pc-posnk/lib/crt0.o
 .rel.text.sha512_process_block128
                0x0000000000000000        0x0 /home/peterbjornx/nk/gcc_posnk/lib/gcc/i386-pc-posnk/4.7.2/../../../../i386-pc-posnk/lib/crt0.o
 .rel.text.common64_end
                0x0000000000000000        0x0 /home/peterbjornx/nk/gcc_posnk/lib/gcc/i386-pc-posnk/4.7.2/../../../../i386-pc-posnk/lib/crt0.o
 .rel.text.sha1_process_block64
                0x0000000000000000        0x0 /home/peterbjornx/nk/gcc_posnk/lib/gcc/i386-pc-posnk/4.7.2/../../../../i386-pc-posnk/lib/crt0.o
 .rel.text.sha256_process_block64
                0x0000000000000000        0x0 /home/peterbjornx/nk/gcc_posnk/lib/gcc/i386-pc-posnk/4.7.2/../../../../i386-pc-posnk/lib/crt0.o
 .rel.text.sha1_end
                0x0000000000000000        0x0 /home/peterbjornx/nk/gcc_posnk/lib/gcc/i386-pc-posnk/4.7.2/../../../../i386-pc-posnk/lib/crt0.o
 .rel.text.sha512_end
                0x0000000000000000        0x0 /home/peterbjornx/nk/gcc_posnk/lib/gcc/i386-pc-posnk/4.7.2/../../../../i386-pc-posnk/lib/crt0.o
 .rel.text.make_human_readable_str
                0x0000000000000000        0x0 /home/peterbjornx/nk/gcc_posnk/lib/gcc/i386-pc-posnk/4.7.2/../../../../i386-pc-posnk/lib/crt0.o
 .rel.text.add_to_ino_dev_hashtable
                0x0000000000000000        0x0 /home/peterbjornx/nk/gcc_posnk/lib/gcc/i386-pc-posnk/4.7.2/../../../../i386-pc-posnk/lib/crt0.o
 .rel.text.is_directory
                0x0000000000000000        0x0 /home/peterbjornx/nk/gcc_posnk/lib/gcc/i386-pc-posnk/4.7.2/../../../../i386-pc-posnk/lib/crt0.o
 .rel.text.read_line_input
                0x0000000000000000        0x0 /home/peterbjornx/nk/gcc_posnk/lib/gcc/i386-pc-posnk/4.7.2/../../../../i386-pc-posnk/lib/crt0.o
 .rel.text.bb_make_directory
                0x0000000000000000        0x0 /home/peterbjornx/nk/gcc_posnk/lib/gcc/i386-pc-posnk/4.7.2/../../../../i386-pc-posnk/lib/crt0.o
 .rel.text.bb_parse_mode
                0x0000000000000000        0x0 /home/peterbjornx/nk/gcc_posnk/lib/gcc/i386-pc-posnk/4.7.2/../../../../i386-pc-posnk/lib/crt0.o
 .rel.text.fputc_printable
                0x0000000000000000        0x0 /home/peterbjornx/nk/gcc_posnk/lib/gcc/i386-pc-posnk/4.7.2/../../../../i386-pc-posnk/lib/crt0.o
 .rel.text.printable_string
                0x0000000000000000        0x0 /home/peterbjornx/nk/gcc_posnk/lib/gcc/i386-pc-posnk/4.7.2/../../../../i386-pc-posnk/lib/crt0.o
 .rel.text.clear_cache
                0x0000000000000000        0x0 /home/peterbjornx/nk/gcc_posnk/lib/gcc/i386-pc-posnk/4.7.2/../../../../i386-pc-posnk/lib/crt0.o
 .rel.text.read_to_buf
                0x0000000000000000        0x0 /home/peterbjornx/nk/gcc_posnk/lib/gcc/i386-pc-posnk/4.7.2/../../../../i386-pc-posnk/lib/crt0.o
 .rel.text.get_cached
                0x0000000000000000        0x0 /home/peterbjornx/nk/gcc_posnk/lib/gcc/i386-pc-posnk/4.7.2/../../../../i386-pc-posnk/lib/crt0.o
 .rel.text.free_procps_scan
                0x0000000000000000        0x0 /home/peterbjornx/nk/gcc_posnk/lib/gcc/i386-pc-posnk/4.7.2/../../../../i386-pc-posnk/lib/crt0.o
 .rel.text.procps_scan
                0x0000000000000000        0x0 /home/peterbjornx/nk/gcc_posnk/lib/gcc/i386-pc-posnk/4.7.2/../../../../i386-pc-posnk/lib/crt0.o
 .rel.text.read_cmdline
                0x0000000000000000        0x0 /home/peterbjornx/nk/gcc_posnk/lib/gcc/i386-pc-posnk/4.7.2/../../../../i386-pc-posnk/lib/crt0.o
 .rel.text.nonblock_immune_read
                0x0000000000000000        0x0 /home/peterbjornx/nk/gcc_posnk/lib/gcc/i386-pc-posnk/4.7.2/../../../../i386-pc-posnk/lib/crt0.o
 .rel.text.xmalloc_reads
                0x0000000000000000        0x0 /home/peterbjornx/nk/gcc_posnk/lib/gcc/i386-pc-posnk/4.7.2/../../../../i386-pc-posnk/lib/crt0.o
 .rel.text.xmalloc_read
                0x0000000000000000        0x0 /home/peterbjornx/nk/gcc_posnk/lib/gcc/i386-pc-posnk/4.7.2/../../../../i386-pc-posnk/lib/crt0.o
 .rel.text.xmalloc_open_read_close
                0x0000000000000000        0x0 /home/peterbjornx/nk/gcc_posnk/lib/gcc/i386-pc-posnk/4.7.2/../../../../i386-pc-posnk/lib/crt0.o
 .rel.text.recursive_action
                0x0000000000000000        0x0 /home/peterbjornx/nk/gcc_posnk/lib/gcc/i386-pc-posnk/4.7.2/../../../../i386-pc-posnk/lib/crt0.o
 .rel.text.safe_strncpy
                0x0000000000000000        0x0 /home/peterbjornx/nk/gcc_posnk/lib/gcc/i386-pc-posnk/4.7.2/../../../../i386-pc-posnk/lib/crt0.o
 .rel.text.record_signo
                0x0000000000000000        0x0 /home/peterbjornx/nk/gcc_posnk/lib/gcc/i386-pc-posnk/4.7.2/../../../../i386-pc-posnk/lib/crt0.o
 .rel.text.sigprocmask_allsigs
                0x0000000000000000        0x0 /home/peterbjornx/nk/gcc_posnk/lib/gcc/i386-pc-posnk/4.7.2/../../../../i386-pc-posnk/lib/crt0.o
 .rel.text.bb_signals
                0x0000000000000000        0x0 /home/peterbjornx/nk/gcc_posnk/lib/gcc/i386-pc-posnk/4.7.2/../../../../i386-pc-posnk/lib/crt0.o
 .rel.text.sig_block
                0x0000000000000000        0x0 /home/peterbjornx/nk/gcc_posnk/lib/gcc/i386-pc-posnk/4.7.2/../../../../i386-pc-posnk/lib/crt0.o
 .rel.text.sig_unblock
                0x0000000000000000        0x0 /home/peterbjornx/nk/gcc_posnk/lib/gcc/i386-pc-posnk/4.7.2/../../../../i386-pc-posnk/lib/crt0.o
 .rel.text.wait_for_any_sig
                0x0000000000000000        0x0 /home/peterbjornx/nk/gcc_posnk/lib/gcc/i386-pc-posnk/4.7.2/../../../../i386-pc-posnk/lib/crt0.o
 .rel.text.kill_myself_with_sig
                0x0000000000000000        0x0 /home/peterbjornx/nk/gcc_posnk/lib/gcc/i386-pc-posnk/4.7.2/../../../../i386-pc-posnk/lib/crt0.o
 .rel.text.get_signum
                0x0000000000000000        0x0 /home/peterbjornx/nk/gcc_posnk/lib/gcc/i386-pc-posnk/4.7.2/../../../../i386-pc-posnk/lib/crt0.o
 .rel.text.print_signames
                0x0000000000000000        0x0 /home/peterbjornx/nk/gcc_posnk/lib/gcc/i386-pc-posnk/4.7.2/../../../../i386-pc-posnk/lib/crt0.o
 .rel.text.fopen_or_warn_stdin
                0x0000000000000000        0x0 /home/peterbjornx/nk/gcc_posnk/lib/gcc/i386-pc-posnk/4.7.2/../../../../i386-pc-posnk/lib/crt0.o
 .rel.text.xstrtoull_range_sfx
                0x0000000000000000        0x0 /home/peterbjornx/nk/gcc_posnk/lib/gcc/i386-pc-posnk/4.7.2/../../../../i386-pc-posnk/lib/crt0.o
 .rel.text.xstrtoul_range_sfx
                0x0000000000000000        0x0 /home/peterbjornx/nk/gcc_posnk/lib/gcc/i386-pc-posnk/4.7.2/../../../../i386-pc-posnk/lib/crt0.o
 .rel.text.xrealloc_getcwd_or_warn
                0x0000000000000000        0x0 /home/peterbjornx/nk/gcc_posnk/lib/gcc/i386-pc-posnk/4.7.2/../../../../i386-pc-posnk/lib/crt0.o
 .rel.text.regcomp_or_errmsg
                0x0000000000000000        0x0 /home/peterbjornx/nk/gcc_posnk/lib/gcc/i386-pc-posnk/4.7.2/../../../../i386-pc-posnk/lib/crt0.o
 .rel.text.bb_ask_confirmation
                0x0000000000000000        0x0 /home/peterbjornx/nk/gcc_posnk/lib/gcc/i386-pc-posnk/4.7.2/../../../../i386-pc-posnk/lib/crt0.o
 *(SORT(.rel.fini))
 *(SORT(.rel.rodata) SORT(.rel.rodata.*) SORT(.rel.gnu.linkonce.r.*))
 .rel.rodata.applet_main
                0x0000000000000000        0x0 /home/peterbjornx/nk/gcc_posnk/lib/gcc/i386-pc-posnk/4.7.2/../../../../i386-pc-posnk/lib/crt0.o
 .rel.rodata.varinit_data
                0x0000000000000000        0x0 /home/peterbjornx/nk/gcc_posnk/lib/gcc/i386-pc-posnk/4.7.2/../../../../i386-pc-posnk/lib/crt0.o
 *(SORT(.rel.data.rel.ro) SORT(.rel.data.rel.ro.*) SORT(.rel.gnu.linkonce.d.rel.ro.*))
 *(SORT(.rel.data) SORT(.rel.data.*) SORT(.rel.gnu.linkonce.d.*))
 *(SORT(.rel.tdata) SORT(.rel.tdata.*) SORT(.rel.gnu.linkonce.td.*))
 *(SORT(.rel.tbss) SORT(.rel.tbss.*) SORT(.rel.gnu.linkonce.tb.*))
 *(SORT(.rel.ctors))
 *(SORT(.rel.dtors))
 *(SORT(.rel.got))
 *(SORT(.rel.bss) SORT(.rel.bss.*) SORT(.rel.gnu.linkonce.b.*))
 *(SORT(.rel.ifunc))

.rela.dyn
 *(SORT(.rela.init))
 *(SORT(.rela.text) SORT(.rela.text.*) SORT(.rela.gnu.linkonce.t.*))
 *(SORT(.rela.fini))
 *(SORT(.rela.rodata) SORT(.rela.rodata.*) SORT(.rela.gnu.linkonce.r.*))
 *(SORT(.rela.data) SORT(.rela.data.*) SORT(.rela.gnu.linkonce.d.*))
 *(SORT(.rela.tdata) SORT(.rela.tdata.*) SORT(.rela.gnu.linkonce.td.*))
 *(SORT(.rela.tbss) SORT(.rela.tbss.*) SORT(.rela.gnu.linkonce.tb.*))
 *(SORT(.rela.ctors))
 *(SORT(.rela.dtors))
 *(SORT(.rela.got))
 *(SORT(.rela.bss) SORT(.rela.bss.*) SORT(.rela.gnu.linkonce.b.*))
 *(SORT(.rela.ifunc))

.rel.plt        0x0000000008048074        0x0
 *(SORT(.rel.plt))
                0x0000000008048074                PROVIDE (__rel_iplt_start, .)
 *(SORT(.rel.iplt))
 .rel.iplt      0x0000000000000000        0x0 /home/peterbjornx/nk/gcc_posnk/lib/gcc/i386-pc-posnk/4.7.2/../../../../i386-pc-posnk/lib/crt0.o
                0x0000000008048074                PROVIDE (__rel_iplt_end, .)

.rela.plt       0x0000000008048074        0x0
 *(SORT(.rela.plt))
                0x0000000008048074                PROVIDE (__rela_iplt_start, .)
 *(SORT(.rela.iplt))
                0x0000000008048074                PROVIDE (__rela_iplt_end, .)

.init           0x0000000008048074        0xa
 *(SORT(.init))
 .init          0x0000000008048074        0x5 /home/peterbjornx/nk/gcc_posnk/lib/gcc/i386-pc-posnk/4.7.2/crtbegin.o
 .init          0x0000000008048079        0x5 /home/peterbjornx/nk/gcc_posnk/lib/gcc/i386-pc-posnk/4.7.2/crtend.o

.plt            0x0000000008048080        0x0
 *(SORT(.plt))
 *(SORT(.iplt))
 .iplt          0x0000000000000000        0x0 /home/peterbjornx/nk/gcc_posnk/lib/gcc/i386-pc-posnk/4.7.2/../../../../i386-pc-posnk/lib/crt0.o

.text           0x0000000008048080    0x3da74
 *(SORT(.text.unlikely) SORT(.text.*_unlikely))
 *(SORT(.text.exit) SORT(.text.exit.*))
 *(SORT(.text.startup) SORT(.text.startup.*))
 *(SORT(.text.hot) SORT(.text.hot.*))
 *(SORT(.text) SORT(.stub) SORT(.text.*) SORT(.gnu.linkonce.t.*))
 .text          0x0000000008048080       0x95 /home/peterbjornx/nk/gcc_posnk/lib/gcc/i386-pc-posnk/4.7.2/../../../../i386-pc-posnk/lib/libc.a(lib_a-memchr.o)
                0x0000000008048080                memchr
 *fill*         0x0000000008048115        0xb 90909090
 .text          0x0000000008048120       0x8d /home/peterbjornx/nk/gcc_posnk/lib/gcc/i386-pc-posnk/4.7.2/../../../../i386-pc-posnk/lib/libc.a(lib_a-memmove.o)
                0x0000000008048120                memmove
 *fill*         0x00000000080481ad        0x3 90909090
 .text          0x00000000080481b0       0xfc /home/peterbjornx/nk/gcc_posnk/lib/gcc/i386-pc-posnk/4.7.2/../../../../i386-pc-posnk/lib/libc.a(lib_a-strchr.o)
                0x00000000080481b0                strchr
 *fill*         0x00000000080482ac        0x4 90909090
 .text          0x00000000080482b0       0x79 /home/peterbjornx/nk/gcc_posnk/lib/gcc/i386-pc-posnk/4.7.2/../../../../i386-pc-posnk/lib/libc.a(lib_a-strlen.o)
                0x00000000080482b0                strlen
 *fill*         0x0000000008048329        0x3 90909090
 .text          0x000000000804832c       0x1e /home/peterbjornx/nk/gcc_posnk/lib/gcc/i386-pc-posnk/4.7.2/../../../../i386-pc-posnk/lib/crt0.o
                0x000000000804832c                _start
 *fill*         0x000000000804834a        0x2 90909090
 .text          0x000000000804834c      0x110 /home/peterbjornx/nk/gcc_posnk/lib/gcc/i386-pc-posnk/4.7.2/crtbegin.o
 .text          0x000000000804845c      0x14f /home/peterbjornx/nk/gcc_posnk/lib/gcc/i386-pc-posnk/4.7.2/libgcc.a(_divdi3.o)
                0x000000000804845c                __divdi3
 *fill*         0x00000000080485ab        0x1 90909090