Archive member included because of file (symbol)

libbb/lib.a(appletlib.o)      /home/peterbjornx/nk/gcc_posnk/lib/gcc/i386-pc-posnk/4.7.2/../../../../i386-pc-posnk/lib/crt0.o (main)
libbb/lib.a(concat_path_file.o)
                              libbb/lib.a(appletlib.o) (concat_path_file)
libbb/lib.a(default_error_retval.o)
                              libbb/lib.a(appletlib.o) (xfunc_error_retval)
libbb/lib.a(get_last_path_component.o)
                              libbb/lib.a(appletlib.o) (bb_basename)
libbb/lib.a(last_char_is.o)   libbb/lib.a(concat_path_file.o) (last_char_is)
libbb/lib.a(llist.o)          libbb/lib.a(appletlib.o) (llist_free)
libbb/lib.a(messages.o)       libbb/lib.a(appletlib.o) (bb_busybox_exec_path)
libbb/lib.a(perror_msg.o)     libbb/lib.a(appletlib.o) (bb_perror_msg_and_die)
libbb/lib.a(skip_whitespace.o)
                              libbb/lib.a(appletlib.o) (skip_whitespace)
libbb/lib.a(verror_msg.o)     libbb/lib.a(perror_msg.o) (bb_verror_msg)
libbb/lib.a(wfopen.o)         libbb/lib.a(appletlib.o) (fopen_for_read)
libbb/lib.a(xfunc_die.o)      libbb/lib.a(appletlib.o) (xfunc_die)
libbb/lib.a(xfuncs.o)         libbb/lib.a(appletlib.o) (full_write2_str)
libbb/lib.a(xfuncs_printf.o)  libbb/lib.a(appletlib.o) (malloc_or_warn)
libbb/lib.a(xgethostbyname.o)
                              libbb/lib.a(xfuncs_printf.o) (setuid)
libbb/lib.a(xreadlink.o)      libbb/lib.a(appletlib.o) (xmalloc_readlink)
libbb/lib.a(copyfd.o)         libbb/lib.a(xfuncs_printf.o) (bb_copyfd_eof)
libbb/lib.a(full_write.o)     libbb/lib.a(verror_msg.o) (full_write)
libbb/lib.a(read.o)           libbb/lib.a(copyfd.o) (safe_read)
libbb/lib.a(safe_write.o)     libbb/lib.a(full_write.o) (safe_write)
libbb/lib.a(time.o)           libbb/lib.a(xfuncs_printf.o) (monotonic_us)
libbb/lib.a(bb_strtonum.o)    libbb/lib.a(time.o) (bb_strtol)
libpwdgrp/lib.a(uidgid_get.o)
                              libbb/lib.a(appletlib.o) (get_uidgid)
miscutils/lib.a(setsid.o)     libbb/lib.a(appletlib.o) (setsid_main)
miscutils/lib.a(strings.o)    libbb/lib.a(appletlib.o) (strings_main)
procps/lib.a(kill.o)          libbb/lib.a(appletlib.o) (kill_main)
archival/lib.a(bzip2.o)       libbb/lib.a(appletlib.o) (bzip2_main)
archival/lib.a(cpio.o)        libbb/lib.a(appletlib.o) (cpio_main)
archival/lib.a(dpkg.o)        libbb/lib.a(appletlib.o) (dpkg_main)
archival/lib.a(gzip.o)        libbb/lib.a(appletlib.o) (gzip_main)
archival/lib.a(tar.o)         libbb/lib.a(appletlib.o) (tar_main)
archival/lib.a(bbunzip.o)     archival/lib.a(bzip2.o) (append_ext)
archival/libarchive/lib.a(data_extract_all.o)
                              archival/lib.a(cpio.o) (data_extract_all)
archival/libarchive/lib.a(data_extract_to_stdout.o)
                              archival/lib.a(tar.o) (data_extract_to_stdout)
archival/libarchive/lib.a(data_skip.o)
                              archival/libarchive/lib.a(data_extract_all.o) (data_skip)
archival/libarchive/lib.a(decompress_bunzip2.o)
                              libbb/lib.a(appletlib.o) (read_bunzip)
archival/libarchive/lib.a(decompress_gunzip.o)
                              archival/lib.a(tar.o) (unpack_gz_stream)
archival/libarchive/lib.a(filter_accept_list.o)
                              archival/lib.a(cpio.o) (filter_accept_list)
archival/libarchive/lib.a(filter_accept_list_reassign.o)
                              archival/lib.a(dpkg.o) (filter_accept_list_reassign)
archival/libarchive/lib.a(filter_accept_reject_list.o)
                              archival/lib.a(tar.o) (filter_accept_reject_list)
archival/libarchive/lib.a(find_list_entry.o)
                              archival/lib.a(dpkg.o) (find_list_entry)
archival/libarchive/lib.a(get_header_cpio.o)
                              archival/lib.a(cpio.o) (get_header_cpio)
archival/libarchive/lib.a(get_header_tar.o)
                              archival/lib.a(tar.o) (strip_unsafe_prefix)
archival/libarchive/lib.a(get_header_tar_gz.o)
                              archival/libarchive/lib.a(filter_accept_list_reassign.o) (get_header_tar_gz)
archival/libarchive/lib.a(header_list.o)
                              archival/lib.a(cpio.o) (header_list)
archival/libarchive/lib.a(header_verbose_list.o)
                              archival/lib.a(cpio.o) (header_verbose_list)
archival/libarchive/lib.a(init_handle.o)
                              archival/lib.a(cpio.o) (init_handle)
archival/libarchive/lib.a(open_transformer.o)
                              archival/lib.a(bbunzip.o) (init_transformer_aux_data)
archival/libarchive/lib.a(seek_by_jump.o)
                              archival/libarchive/lib.a(init_handle.o) (seek_by_jump)
archival/libarchive/lib.a(seek_by_read.o)
                              archival/lib.a(tar.o) (seek_by_read)
archival/libarchive/lib.a(unpack_ar_archive.o)
                              archival/lib.a(dpkg.o) (unpack_ar_archive)
archival/libarchive/lib.a(data_align.o)
[...]
Memory Configuration

Name             Origin             Length             Attributes
*default*        0x0000000000000000 0xffffffffffffffff

Linker script and memory map

LOAD /home/peterbjornx/nk/gcc_posnk/lib/gcc/i386-pc-posnk/4.7.2/../../../../i386-pc-posnk/lib/crt0.o
LOAD /home/peterbjornx/nk/gcc_posnk/lib/gcc/i386-pc-posnk/4.7.2/crtbegin.o
START GROUP
LOAD applets/built-in.o
LOAD archival/lib.a
LOAD archival/libarchive/lib.a
LOAD console-tools/lib.a
LOAD coreutils/lib.a
LOAD coreutils/libcoreutils/lib.a
LOAD debianutils/lib.a
LOAD e2fsprogs/lib.a
LOAD editors/lib.a
LOAD findutils/lib.a
LOAD init/lib.a
LOAD libbb/lib.a
LOAD libpwdgrp/lib.a
LOAD loginutils/lib.a
LOAD mailutils/lib.a
LOAD miscutils/lib.a
LOAD modutils/lib.a
LOAD networking/lib.a
LOAD networking/libiproute/lib.a
LOAD networking/udhcp/lib.a
LOAD printutils/lib.a
LOAD procps/lib.a
LOAD runit/lib.a
LOAD selinux/lib.a
LOAD shell/lib.a
LOAD sysklogd/lib.a
LOAD util-linux/lib.a
LOAD util-linux/volume_id/lib.a
LOAD archival/built-in.o
LOAD archival/libarchive/built-in.o
LOAD console-tools/built-in.o
LOAD coreutils/built-in.o
LOAD coreutils/libcoreutils/built-in.o
LOAD debianutils/built-in.o
LOAD e2fsprogs/built-in.o
LOAD editors/built-in.o
LOAD findutils/built-in.o
LOAD init/built-in.o
LOAD libbb/built-in.o
LOAD libpwdgrp/built-in.o
LOAD loginutils/built-in.o
LOAD mailutils/built-in.o
LOAD miscutils/built-in.o
LOAD modutils/built-in.o
LOAD networking/built-in.o
LOAD networking/libiproute/built-in.o
LOAD networking/udhcp/built-in.o
LOAD printutils/built-in.o
LOAD procps/built-in.o
LOAD runit/built-in.o
LOAD selinux/built-in.o
LOAD shell/built-in.o
LOAD sysklogd/built-in.o
LOAD util-linux/built-in.o
LOAD util-linux/volume_id/built-in.o
END GROUP
START GROUP
END GROUP
LOAD /home/peterbjornx/nk/gcc_posnk/lib/gcc/i386-pc-posnk/4.7.2/libgcc.a
LOAD /home/peterbjornx/nk/gcc_posnk/lib/gcc/i386-pc-posnk/4.7.2/../../../../i386-pc-posnk/lib/libc.a
LOAD /home/peterbjornx/nk/gcc_posnk/lib/gcc/i386-pc-posnk/4.7.2/libgcc.a
LOAD /home/peterbjornx/nk/gcc_posnk/lib/gcc/i386-pc-posnk/4.7.2/crtend.o
                0x0000000008048000                PROVIDE (__executable_start, 0x8048000)
                0x0000000008048074                . = (0x8048000 + SIZEOF_HEADERS)

.interp
 *(SORT(.interp))

.note.gnu.build-id
 *(SORT(.note.gnu.build-id))

.hash
 *(SORT(.hash))

.gnu.hash
 *(SORT(.gnu.hash))

.dynsym
 *(SORT(.dynsym))

.dynstr
 *(SORT(.dynstr))

.gnu.version
 *(SORT(.gnu.version))

.gnu.version_d
 *(SORT(.gnu.version_d))

.gnu.version_r
 *(SORT(.gnu.version_r))

.rel.dyn        0x0000000008048074        0x0
 *(SORT(.rel.init))
 *(SORT(.rel.text) SORT(.rel.text.*) SORT(.rel.gnu.linkonce.t.*))
 .rel.text      0x0000000000000000        0x0 /home/peterbjornx/nk/gcc_posnk/lib/gcc/i386-pc-posnk/4.7.2/../../../../i386-pc-posnk/lib/crt0.o
 .rel.text.get_trimmed_slice
                0x0000000000000000        0x0 /home/peterbjornx/nk/gcc_posnk/lib/gcc/i386-pc-posnk/4.7.2/../../../../i386-pc-posnk/lib/crt0.o
 .rel.text.applet_name_compare
                0x0000000000000000        0x0 /home/peterbjornx/nk/gcc_posnk/lib/gcc/i386-pc-posnk/4.7.2/../../../../i386-pc-posnk/lib/crt0.o
 .rel.text.find_applet_by_name
                0x0000000000000000        0x0 /home/peterbjornx/nk/gcc_posnk/lib/gcc/i386-pc-posnk/4.7.2/../../../../i386-pc-posnk/lib/crt0.o
 .rel.text.parse_config_file
                0x0000000000000000        0x0 /home/peterbjornx/nk/gcc_posnk/lib/gcc/i386-pc-posnk/4.7.2/../../../../i386-pc-posnk/lib/crt0.o
 .rel.text.bb_show_usage
                0x0000000000000000        0x0 /home/peterbjornx/nk/gcc_posnk/lib/gcc/i386-pc-posnk/4.7.2/../../../../i386-pc-posnk/lib/crt0.o
 .rel.text.lbb_prepare
                0x0000000000000000        0x0 /home/peterbjornx/nk/gcc_posnk/lib/gcc/i386-pc-posnk/4.7.2/../../../../i386-pc-posnk/lib/crt0.o
 .rel.text.run_applet_no_and_exit
                0x0000000000000000        0x0 /home/peterbjornx/nk/gcc_posnk/lib/gcc/i386-pc-posnk/4.7.2/../../../../i386-pc-posnk/lib/crt0.o
 .rel.text.run_applet_and_exit
                0x0000000000000000        0x0 /home/peterbjornx/nk/gcc_posnk/lib/gcc/i386-pc-posnk/4.7.2/../../../../i386-pc-posnk/lib/crt0.o
 .rel.text.main
                0x0000000000000000        0x0 /home/peterbjornx/nk/gcc_posnk/lib/gcc/i386-pc-posnk/4.7.2/../../../../i386-pc-posnk/lib/crt0.o
 .rel.text.concat_path_file
                0x0000000000000000        0x0 /home/peterbjornx/nk/gcc_posnk/lib/gcc/i386-pc-posnk/4.7.2/../../../../i386-pc-posnk/lib/crt0.o
 .rel.text.bb_basename
                0x0000000000000000        0x0 /home/peterbjornx/nk/gcc_posnk/lib/gcc/i386-pc-posnk/4.7.2/../../../../i386-pc-posnk/lib/crt0.o
 .rel.text.bb_get_last_path_component_nostrip
                0x0000000000000000        0x0 /home/peterbjornx/nk/gcc_posnk/lib/gcc/i386-pc-posnk/4.7.2/../../../../i386-pc-posnk/lib/crt0.o
 .rel.text.bb_get_last_path_component_strip
                0x0000000000000000        0x0 /home/peterbjornx/nk/gcc_posnk/lib/gcc/i386-pc-posnk/4.7.2/../../../../i386-pc-posnk/lib/crt0.o
 .rel.text.last_char_is
                0x0000000000000000        0x0 /home/peterbjornx/nk/gcc_posnk/lib/gcc/i386-pc-posnk/4.7.2/../../../../i386-pc-posnk/lib/crt0.o
 .rel.text.llist_add_to
                0x0000000000000000        0x0 /home/peterbjornx/nk/gcc_posnk/lib/gcc/i386-pc-posnk/4.7.2/../../../../i386-pc-posnk/lib/crt0.o
 .rel.text.llist_add_to_end
                0x0000000000000000        0x0 /home/peterbjornx/nk/gcc_posnk/lib/gcc/i386-pc-posnk/4.7.2/../../../../i386-pc-posnk/lib/crt0.o
 .rel.text.llist_pop
                0x0000000000000000        0x0 /home/peterbjornx/nk/gcc_posnk/lib/gcc/i386-pc-posnk/4.7.2/../../../../i386-pc-posnk/lib/crt0.o
 .rel.text.llist_find_str
                0x0000000000000000        0x0 /home/peterbjornx/nk/gcc_posnk/lib/gcc/i386-pc-posnk/4.7.2/../../../../i386-pc-posnk/lib/crt0.o
 .rel.text.bb_perror_msg
                0x0000000000000000        0x0 /home/peterbjornx/nk/gcc_posnk/lib/gcc/i386-pc-posnk/4.7.2/../../../../i386-pc-posnk/lib/crt0.o
 .rel.text.bb_perror_msg_and_die
                0x0000000000000000        0x0 /home/peterbjornx/nk/gcc_posnk/lib/gcc/i386-pc-posnk/4.7.2/../../../../i386-pc-posnk/lib/crt0.o
 .rel.text.skip_dev_pfx
                0x0000000000000000        0x0 /home/peterbjornx/nk/gcc_posnk/lib/gcc/i386-pc-posnk/4.7.2/../../../../i386-pc-posnk/lib/crt0.o
 .rel.text.bb_verror_msg
                0x0000000000000000        0x0 /home/peterbjornx/nk/gcc_posnk/lib/gcc/i386-pc-posnk/4.7.2/../../../../i386-pc-posnk/lib/crt0.o
 .rel.text.bb_error_msg_and_die
                0x0000000000000000        0x0 /home/peterbjornx/nk/gcc_posnk/lib/gcc/i386-pc-posnk/4.7.2/../../../../i386-pc-posnk/lib/crt0.o
 .rel.text.xfdopen_helper
                0x0000000000000000        0x0 /home/peterbjornx/nk/gcc_posnk/lib/gcc/i386-pc-posnk/4.7.2/../../../../i386-pc-posnk/lib/crt0.o
 .rel.text.fopen_or_warn
                0x0000000000000000        0x0 /home/peterbjornx/nk/gcc_posnk/lib/gcc/i386-pc-posnk/4.7.2/../../../../i386-pc-posnk/lib/crt0.o
 .rel.text.fopen_for_read
                0x0000000000000000        0x0 /home/peterbjornx/nk/gcc_posnk/lib/gcc/i386-pc-posnk/4.7.2/../../../../i386-pc-posnk/lib/crt0.o
 .rel.text.xfopen_for_read
                0x0000000000000000        0x0 /home/peterbjornx/nk/gcc_posnk/lib/gcc/i386-pc-posnk/4.7.2/../../../../i386-pc-posnk/lib/crt0.o
 .rel.text.fopen_for_write
                0x0000000000000000        0x0 /home/peterbjornx/nk/gcc_posnk/lib/gcc/i386-pc-posnk/4.7.2/../../../../i386-pc-posnk/lib/crt0.o
 .rel.text.xfopen_for_write
                0x0000000000000000        0x0 /home/peterbjornx/nk/gcc_posnk/lib/gcc/i386-pc-posnk/4.7.2/../../../../i386-pc-posnk/lib/crt0.o
 .rel.text.xfunc_die
                0x0000000000000000        0x0 /home/peterbjornx/nk/gcc_posnk/lib/gcc/i386-pc-posnk/4.7.2/../../../../i386-pc-posnk/lib/crt0.o
 .rel.text.ndelay_on
                0x0000000000000000        0x0 /home/peterbjornx/nk/gcc_posnk/lib/gcc/i386-pc-posnk/4.7.2/../../../../i386-pc-posnk/lib/crt0.o
 .rel.text.ndelay_off
                0x0000000000000000        0x0 /home/peterbjornx/nk/gcc_posnk/lib/gcc/i386-pc-posnk/4.7.2/../../../../i386-pc-posnk/lib/crt0.o
 .rel.text.close_on_exec_on
                0x0000000000000000        0x0 /home/peterbjornx/nk/gcc_posnk/lib/gcc/i386-pc-posnk/4.7.2/../../../../i386-pc-posnk/lib/crt0.o
 .rel.text.strncpy_IFNAMSIZ
                0x0000000000000000        0x0 /home/peterbjornx/nk/gcc_posnk/lib/gcc/i386-pc-posnk/4.7.2/../../../../i386-pc-posnk/lib/crt0.o
 .rel.text.hex2bin
                0x0000000000000000        0x0 /home/peterbjornx/nk/gcc_posnk/lib/gcc/i386-pc-posnk/4.7.2/../../../../i386-pc-posnk/lib/crt0.o
 .rel.text.bb_putchar_stderr
                0x0000000000000000        0x0 /home/peterbjornx/nk/gcc_posnk/lib/gcc/i386-pc-posnk/4.7.2/../../../../i386-pc-posnk/lib/crt0.o
 .rel.text.full_write1_str
                0x0000000000000000        0x0 /home/peterbjornx/nk/gcc_posnk/lib/gcc/i386-pc-posnk/4.7.2/../../../../i386-pc-posnk/lib/crt0.o
 .rel.text.full_write2_str
                0x0000000000000000        0x0 /home/peterbjornx/nk/gcc_posnk/lib/gcc/i386-pc-posnk/4.7.2/../../../../i386-pc-posnk/lib/crt0.o
 .rel.text.safe_waitpid
                0x0000000000000000        0x0 /home/peterbjornx/nk/gcc_posnk/lib/gcc/i386-pc-posnk/4.7.2/../../../../i386-pc-posnk/lib/crt0.o
 .rel.text.malloc_or_warn
                0x0000000000000000        0x0 /home/peterbjornx/nk/gcc_posnk/lib/gcc/i386-pc-posnk/4.7.2/../../../../i386-pc-posnk/lib/crt0.o
 .rel.text.xmalloc
                0x0000000000000000        0x0 /home/peterbjornx/nk/gcc_posnk/lib/gcc/i386-pc-posnk/4.7.2/../../../../i386-pc-posnk/lib/crt0.o
 .rel.text.xrealloc
                0x0000000000000000        0x0 /home/peterbjornx/nk/gcc_posnk/lib/gcc/i386-pc-posnk/4.7.2/../../../../i386-pc-posnk/lib/crt0.o
 .rel.text.xstrdup
                0x0000000000000000        0x0 /home/peterbjornx/nk/gcc_posnk/lib/gcc/i386-pc-posnk/4.7.2/../../../../i386-pc-posnk/lib/crt0.o
 .rel.text.xfopen
                0x0000000000000000        0x0 /home/peterbjornx/nk/gcc_posnk/lib/gcc/i386-pc-posnk/4.7.2/../../../../i386-pc-posnk/lib/crt0.o
 .rel.text.xopen3
                0x0000000000000000        0x0 /home/peterbjornx/nk/gcc_posnk/lib/gcc/i386-pc-posnk/4.7.2/../../../../i386-pc-posnk/lib/crt0.o
 .rel.text.open3_or_warn
                0x0000000000000000        0x0 /home/peterbjornx/nk/gcc_posnk/lib/gcc/i386-pc-posnk/4.7.2/../../../../i386-pc-posnk/lib/crt0.o
 .rel.text.xunlink
                0x0000000000000000        0x0 /home/peterbjornx/nk/gcc_posnk/lib/gcc/i386-pc-posnk/4.7.2/../../../../i386-pc-posnk/lib/crt0.o
 .rel.text.xrename
                0x0000000000000000        0x0 /home/peterbjornx/nk/gcc_posnk/lib/gcc/i386-pc-posnk/4.7.2/../../../../i386-pc-posnk/lib/crt0.o
 .rel.text.rename_or_warn
                0x0000000000000000        0x0 /home/peterbjornx/nk/gcc_posnk/lib/gcc/i386-pc-posnk/4.7.2/../../../../i386-pc-posnk/lib/crt0.o
 .rel.text.xpipe
                0x0000000000000000        0x0 /home/peterbjornx/nk/gcc_posnk/lib/gcc/i386-pc-posnk/4.7.2/../../../../i386-pc-posnk/lib/crt0.o
 .rel.text.xdup2
                0x0000000000000000        0x0 /home/peterbjornx/nk/gcc_posnk/lib/gcc/i386-pc-posnk/4.7.2/../../../../i386-pc-posnk/lib/crt0.o
 .rel.text.xmove_fd
                0x0000000000000000        0x0 /home/peterbjornx/nk/gcc_posnk/lib/gcc/i386-pc-posnk/4.7.2/../../../../i386-pc-posnk/lib/crt0.o
 .rel.text.xwrite
                0x0000000000000000        0x0 /home/peterbjornx/nk/gcc_posnk/lib/gcc/i386-pc-posnk/4.7.2/../../../../i386-pc-posnk/lib/crt0.o
 .rel.text.xwrite_str
                0x0000000000000000        0x0 /home/peterbjornx/nk/gcc_posnk/lib/gcc/i386-pc-posnk/4.7.2/../../../../i386-pc-posnk/lib/crt0.o
 .rel.text.xclose
                0x0000000000000000        0x0 /home/peterbjornx/nk/gcc_posnk/lib/gcc/i386-pc-posnk/4.7.2/../../../../i386-pc-posnk/lib/crt0.o
 .rel.text.xlseek
                0x0000000000000000        0x0 /home/peterbjornx/nk/gcc_posnk/lib/gcc/i386-pc-posnk/4.7.2/../../../../i386-pc-posnk/lib/crt0.o
 .rel.text.xmkstemp
                0x0000000000000000        0x0 /home/peterbjornx/nk/gcc_posnk/lib/gcc/i386-pc-posnk/4.7.2/../../../../i386-pc-posnk/lib/crt0.o
 .rel.text.die_if_ferror_stdout
                0x0000000000000000        0x0 /home/peterbjornx/nk/gcc_posnk/lib/gcc/i386-pc-posnk/4.7.2/../../../../i386-pc-posnk/lib/crt0.o
 .rel.text.fflush_all
                0x0000000000000000        0x0 /home/peterbjornx/nk/gcc_posnk/lib/gcc/i386-pc-posnk/4.7.2/../../../../i386-pc-posnk/lib/crt0.o
 .rel.text.bb_putchar
                0x0000000000000000        0x0 /home/peterbjornx/nk/gcc_posnk/lib/gcc/i386-pc-posnk/4.7.2/../../../../i386-pc-posnk/lib/crt0.o
 .rel.text.xprint_and_close_file
                0x0000000000000000        0x0 /home/peterbjornx/nk/gcc_posnk/lib/gcc/i386-pc-posnk/4.7.2/../../../../i386-pc-posnk/lib/crt0.o
 .rel.text.xasprintf
                0x0000000000000000        0x0 /home/peterbjornx/nk/gcc_posnk/lib/gcc/i386-pc-posnk/4.7.2/../../../../i386-pc-posnk/lib/crt0.o
 .rel.text.xsetenv
                0x0000000000000000        0x0 /home/peterbjornx/nk/gcc_posnk/lib/gcc/i386-pc-posnk/4.7.2/../../../../i386-pc-posnk/lib/crt0.o
 .rel.text.bb_unsetenv
                0x0000000000000000        0x0 /home/peterbjornx/nk/gcc_posnk/lib/gcc/i386-pc-posnk/4.7.2/../../../../i386-pc-posnk/lib/crt0.o
 .rel.text.bb_unsetenv_and_free
                0x0000000000000000        0x0 /home/peterbjornx/nk/gcc_posnk/lib/gcc/i386-pc-posnk/4.7.2/../../../../i386-pc-posnk/lib/crt0.o
 .rel.text.xsetgid
                0x0000000000000000        0x0 /home/peterbjornx/nk/gcc_posnk/lib/gcc/i386-pc-posnk/4.7.2/../../../../i386-pc-posnk/lib/crt0.o
 .rel.text.xsetuid
                0x0000000000000000        0x0 /home/peterbjornx/nk/gcc_posnk/lib/gcc/i386-pc-posnk/4.7.2/../../../../i386-pc-posnk/lib/crt0.o
 .rel.text.xsetegid
                0x0000000000000000        0x0 /home/peterbjornx/nk/gcc_posnk/lib/gcc/i386-pc-posnk/4.7.2/../../../../i386-pc-posnk/lib/crt0.o
 .rel.text.xseteuid
                0x0000000000000000        0x0 /home/peterbjornx/nk/gcc_posnk/lib/gcc/i386-pc-posnk/4.7.2/../../../../i386-pc-posnk/lib/crt0.o
 .rel.text.xopen_as_uid_gid
                0x0000000000000000        0x0 /home/peterbjornx/nk/gcc_posnk/lib/gcc/i386-pc-posnk/4.7.2/../../../../i386-pc-posnk/lib/crt0.o
 .rel.text.xchdir
                0x0000000000000000        0x0 /home/peterbjornx/nk/gcc_posnk/lib/gcc/i386-pc-posnk/4.7.2/../../../../i386-pc-posnk/lib/crt0.o
 .rel.text.xchroot
                0x0000000000000000        0x0 /home/peterbjornx/nk/gcc_posnk/lib/gcc/i386-pc-posnk/4.7.2/../../../../i386-pc-posnk/lib/crt0.o
 .rel.text.warn_opendir
                0x0000000000000000        0x0 /home/peterbjornx/nk/gcc_posnk/lib/gcc/i386-pc-posnk/4.7.2/../../../../i386-pc-posnk/lib/crt0.o
 .rel.text.xopendir
                0x0000000000000000        0x0 /home/peterbjornx/nk/gcc_posnk/lib/gcc/i386-pc-posnk/4.7.2/../../../../i386-pc-posnk/lib/crt0.o
 .rel.text.xsocket
                0x0000000000000000        0x0 /home/peterbjornx/nk/gcc_posnk/lib/gcc/i386-pc-posnk/4.7.2/../../../../i386-pc-posnk/lib/crt0.o
 .rel.text.xbind
                0x0000000000000000        0x0 /home/peterbjornx/nk/gcc_posnk/lib/gcc/i386-pc-posnk/4.7.2/../../../../i386-pc-posnk/lib/crt0.o
 .rel.text.xlisten
                0x0000000000000000        0x0 /home/peterbjornx/nk/gcc_posnk/lib/gcc/i386-pc-posnk/4.7.2/../../../../i386-pc-posnk/lib/crt0.o
 .rel.text.xsendto
                0x0000000000000000        0x0 /home/peterbjornx/nk/gcc_posnk/lib/gcc/i386-pc-posnk/4.7.2/../../../../i386-pc-posnk/lib/crt0.o
 .rel.text.xstat
                0x0000000000000000        0x0 /home/peterbjornx/nk/gcc_posnk/lib/gcc/i386-pc-posnk/4.7.2/../../../../i386-pc-posnk/lib/crt0.o
 .rel.text.xfstat
                0x0000000000000000        0x0 /home/peterbjornx/nk/gcc_posnk/lib/gcc/i386-pc-posnk/4.7.2/../../../../i386-pc-posnk/lib/crt0.o
 .rel.text.ioctl_or_perror_and_die
                0x0000000000000000        0x0 /home/peterbjornx/nk/gcc_posnk/lib/gcc/i386-pc-posnk/4.7.2/../../../../i386-pc-posnk/lib/crt0.o
 .rel.text.ioctl_or_perror
                0x0000000000000000        0x0 /home/peterbjornx/nk/gcc_posnk/lib/gcc/i386-pc-posnk/4.7.2/../../../../i386-pc-posnk/lib/crt0.o
 .rel.text.bb_ioctl_or_warn
                0x0000000000000000        0x0 /home/peterbjornx/nk/gcc_posnk/lib/gcc/i386-pc-posnk/4.7.2/../../../../i386-pc-posnk/lib/crt0.o
 .rel.text.bb_xioctl
                0x0000000000000000        0x0 /home/peterbjornx/nk/gcc_posnk/lib/gcc/i386-pc-posnk/4.7.2/../../../../i386-pc-posnk/lib/crt0.o
 .rel.text.xmalloc_ttyname
                0x0000000000000000        0x0 /home/peterbjornx/nk/gcc_posnk/lib/gcc/i386-pc-posnk/4.7.2/../../../../i386-pc-posnk/lib/crt0.o
 .rel.text.generate_uuid
                0x0000000000000000        0x0 /home/peterbjornx/nk/gcc_posnk/lib/gcc/i386-pc-posnk/4.7.2/../../../../i386-pc-posnk/lib/crt0.o
 .rel.text.xfork
                0x0000000000000000        0x0 /home/peterbjornx/nk/gcc_posnk/lib/gcc/i386-pc-posnk/4.7.2/../../../../i386-pc-posnk/lib/crt0.o
 .rel.text.getgrgid
                0x0000000000000000        0x0 /home/peterbjornx/nk/gcc_posnk/lib/gcc/i386-pc-posnk/4.7.2/../../../../i386-pc-posnk/lib/crt0.o
 .rel.text.xmalloc_readlink
                0x0000000000000000        0x0 /home/peterbjornx/nk/gcc_posnk/lib/gcc/i386-pc-posnk/4.7.2/../../../../i386-pc-posnk/lib/crt0.o
 .rel.text.xmalloc_follow_symlinks
                0x0000000000000000        0x0 /home/peterbjornx/nk/gcc_posnk/lib/gcc/i386-pc-posnk/4.7.2/../../../../i386-pc-posnk/lib/crt0.o
 .rel.text.xmalloc_readlink_or_warn
                0x0000000000000000        0x0 /home/peterbjornx/nk/gcc_posnk/lib/gcc/i386-pc-posnk/4.7.2/../../../../i386-pc-posnk/lib/crt0.o
 .rel.text.xmalloc_realpath
                0x0000000000000000        0x0 /home/peterbjornx/nk/gcc_posnk/lib/gcc/i386-pc-posnk/4.7.2/../../../../i386-pc-posnk/lib/crt0.o
 .rel.text.bb_full_fd_action
                0x0000000000000000        0x0 /home/peterbjornx/nk/gcc_posnk/lib/gcc/i386-pc-posnk/4.7.2/../../../../i386-pc-posnk/lib/crt0.o
 .rel.text.full_write
                0x0000000000000000        0x0 /home/peterbjornx/nk/gcc_posnk/lib/gcc/i386-pc-posnk/4.7.2/../../../../i386-pc-posnk/lib/crt0.o
 .rel.text.safe_read
                0x0000000000000000        0x0 /home/peterbjornx/nk/gcc_posnk/lib/gcc/i386-pc-posnk/4.7.2/../../../../i386-pc-posnk/lib/crt0.o
 .rel.text.read_close
                0x0000000000000000        0x0 /home/peterbjornx/nk/gcc_posnk/lib/gcc/i386-pc-posnk/4.7.2/../../../../i386-pc-posnk/lib/crt0.o
 .rel.text.open_read_close
                0x0000000000000000        0x0 /home/peterbjornx/nk/gcc_posnk/lib/gcc/i386-pc-posnk/4.7.2/../../../../i386-pc-posnk/lib/crt0.o
 .rel.text.safe_write
                0x0000000000000000        0x0 /home/peterbjornx/nk/gcc_posnk/lib/gcc/i386-pc-posnk/4.7.2/../../../../i386-pc-posnk/lib/crt0.o
 .rel.text.strftime_fmt
                0x0000000000000000        0x0 /home/peterbjornx/nk/gcc_posnk/lib/gcc/i386-pc-posnk/4.7.2/../../../../i386-pc-posnk/lib/crt0.o
 .rel.text.parse_datestr
                0x0000000000000000        0x0 /home/peterbjornx/nk/gcc_posnk/lib/gcc/i386-pc-posnk/4.7.2/../../../../i386-pc-posnk/lib/crt0.o
 .rel.text.validate_tm_time
                0x0000000000000000        0x0 /home/peterbjornx/nk/gcc_posnk/lib/gcc/i386-pc-posnk/4.7.2/../../../../i386-pc-posnk/lib/crt0.o
 .rel.text.monotonic_ns
                0x0000000000000000        0x0 /home/peterbjornx/nk/gcc_posnk/lib/gcc/i386-pc-posnk/4.7.2/../../../../i386-pc-posnk/lib/crt0.o
 .rel.text.monotonic_us
                0x0000000000000000        0x0 /home/peterbjornx/nk/gcc_posnk/lib/gcc/i386-pc-posnk/4.7.2/../../../../i386-pc-posnk/lib/crt0.o
 .rel.text.monotonic_ms
                0x0000000000000000        0x0 /home/peterbjornx/nk/gcc_posnk/lib/gcc/i386-pc-posnk/4.7.2/../../../../i386-pc-posnk/lib/crt0.o
 .rel.text.monotonic_sec
                0x0000000000000000        0x0 /home/peterbjornx/nk/gcc_posnk/lib/gcc/i386-pc-posnk/4.7.2/../../../../i386-pc-posnk/lib/crt0.o
 .rel.text.handle_errors
                0x0000000000000000        0x0 /home/peterbjornx/nk/gcc_posnk/lib/gcc/i386-pc-posnk/4.7.2/../../../../i386-pc-posnk/lib/crt0.o
 .rel.text.bb_strtoull
                0x0000000000000000        0x0 /home/peterbjornx/nk/gcc_posnk/lib/gcc/i386-pc-posnk/4.7.2/../../../../i386-pc-posnk/lib/crt0.o
 .rel.text.bb_strtoll
                0x0000000000000000        0x0 /home/peterbjornx/nk/gcc_posnk/lib/gcc/i386-pc-posnk/4.7.2/../../../../i386-pc-posnk/lib/crt0.o
 .rel.text.bb_strtoul
                0x0000000000000000        0x0 /home/peterbjornx/nk/gcc_posnk/lib/gcc/i386-pc-posnk/4.7.2/../../../../i386-pc-posnk/lib/crt0.o
 .rel.text.bb_strtol
                0x0000000000000000        0x0 /home/peterbjornx/nk/gcc_posnk/lib/gcc/i386-pc-posnk/4.7.2/../../../../i386-pc-posnk/lib/crt0.o
 .rel.text.get_uidgid
                0x0000000000000000        0x0 /home/peterbjornx/nk/gcc_posnk/lib/gcc/i386-pc-posnk/4.7.2/../../../../i386-pc-posnk/lib/crt0.o
 .rel.text.parse_chown_usergroup_or_die
                0x0000000000000000        0x0 /home/peterbjornx/nk/gcc_posnk/lib/gcc/i386-pc-posnk/4.7.2/../../../../i386-pc-posnk/lib/crt0.o
 .rel.text.setsid_main
                0x0000000000000000        0x0 /home/peterbjornx/nk/gcc_posnk/lib/gcc/i386-pc-posnk/4.7.2/../../../../i386-pc-posnk/lib/crt0.o
 .rel.text.strings_main
                0x0000000000000000        0x0 /home/peterbjornx/nk/gcc_posnk/lib/gcc/i386-pc-posnk/4.7.2/../../../../i386-pc-posnk/lib/crt0.o
 .rel.text.kill_main
                0x0000000000000000        0x0 /home/peterbjornx/nk/gcc_posnk/lib/gcc/i386-pc-posnk/4.7.2/../../../../i386-pc-posnk/lib/crt0.o
 .rel.text.compressStream
                0x0000000000000000        0x0 /home/peterbjornx/nk/gcc_posnk/lib/gcc/i386-pc-posnk/4.7.2/../../../../i386-pc-posnk/lib/crt0.o
 .rel.text.bzip2_main
                0x0000000000000000        0x0 /home/peterbjornx/nk/gcc_posnk/lib/gcc/i386-pc-posnk/4.7.2/../../../../i386-pc-posnk/lib/crt0.o
 .rel.text.cpio_o
                0x0000000000000000        0x0 /home/peterbjornx/nk/gcc_posnk/lib/gcc/i386-pc-posnk/4.7.2/../../../../i386-pc-posnk/lib/crt0.o
 .rel.text.cpio_main
                0x0000000000000000        0x0 /home/peterbjornx/nk/gcc_posnk/lib/gcc/i386-pc-posnk/4.7.2/../../../../i386-pc-posnk/lib/crt0.o
 .rel.text.add_edge_to_node
                0x0000000000000000        0x0 /home/peterbjornx/nk/gcc_posnk/lib/gcc/i386-pc-posnk/4.7.2/../../../../i386-pc-posnk/lib/crt0.o
 .rel.text.free_package
                0x0000000000000000        0x0 /home/peterbjornx/nk/gcc_posnk/lib/gcc/i386-pc-posnk/4.7.2/../../../../i386-pc-posnk/lib/crt0.o
 .rel.text.free_array
                0x0000000000000000        0x0 /home/peterbjornx/nk/gcc_posnk/lib/gcc/i386-pc-posnk/4.7.2/../../../../i386-pc-posnk/lib/crt0.o
 .rel.text.init_archive_deb_control
                0x0000000000000000        0x0 /home/peterbjornx/nk/gcc_posnk/lib/gcc/i386-pc-posnk/4.7.2/../../../../i386-pc-posnk/lib/crt0.o
 .rel.text.init_archive_deb_ar
                0x0000000000000000        0x0 /home/peterbjornx/nk/gcc_posnk/lib/gcc/i386-pc-posnk/4.7.2/../../../../i386-pc-posnk/lib/crt0.o
 .rel.text.data_extract_to_buffer
                0x0000000000000000        0x0 /home/peterbjornx/nk/gcc_posnk/lib/gcc/i386-pc-posnk/4.7.2/../../../../i386-pc-posnk/lib/crt0.o
 .rel.text.make_hash
                0x0000000000000000        0x0 /home/peterbjornx/nk/gcc_posnk/lib/gcc/i386-pc-posnk/4.7.2/../../../../i386-pc-posnk/lib/crt0.o
 .rel.text.search_name_hashtable
                0x0000000000000000        0x0 /home/peterbjornx/nk/gcc_posnk/lib/gcc/i386-pc-posnk/4.7.2/../../../../i386-pc-posnk/lib/crt0.o
 .rel.text.get_status
                0x0000000000000000        0x0 /home/peterbjornx/nk/gcc_posnk/lib/gcc/i386-pc-posnk/4.7.2/../../../../i386-pc-posnk/lib/crt0.o
 .rel.text.search_status_hashtable
                0x0000000000000000        0x0 /home/peterbjornx/nk/gcc_posnk/lib/gcc/i386-pc-posnk/4.7.2/../../../../i386-pc-posnk/lib/crt0.o
 .rel.text.package_satisfies_dependency
                0x0000000000000000        0x0 /home/peterbjornx/nk/gcc_posnk/lib/gcc/i386-pc-posnk/4.7.2/../../../../i386-pc-posnk/lib/crt0.o
 .rel.text.add_split_dependencies
                0x0000000000000000        0x0 /home/peterbjornx/nk/gcc_posnk/lib/gcc/i386-pc-posnk/4.7.2/../../../../i386-pc-posnk/lib/crt0.o
 .rel.text.test_version
                0x0000000000000000        0x0 /home/peterbjornx/nk/gcc_posnk/lib/gcc/i386-pc-posnk/4.7.2/../../../../i386-pc-posnk/lib/crt0.o
 .rel.text.search_package_hashtable
                0x0000000000000000        0x0 /home/peterbjornx/nk/gcc_posnk/lib/gcc/i386-pc-posnk/4.7.2/../../../../i386-pc-posnk/lib/crt0.o
 .rel.text.fill_package_struct
                0x0000000000000000        0x0 /home/peterbjornx/nk/gcc_posnk/lib/gcc/i386-pc-posnk/4.7.2/../../../../i386-pc-posnk/lib/crt0.o
 .rel.text.set_status
                0x0000000000000000        0x0 /home/peterbjornx/nk/gcc_posnk/lib/gcc/i386-pc-posnk/4.7.2/../../../../i386-pc-posnk/lib/crt0.o
 .rel.text.run_package_script_or_die
                0x0000000000000000        0x0 /home/peterbjornx/nk/gcc_posnk/lib/gcc/i386-pc-posnk/4.7.2/../../../../i386-pc-posnk/lib/crt0.o
 .rel.text.configure_package
                0x0000000000000000        0x0 /home/peterbjornx/nk/gcc_posnk/lib/gcc/i386-pc-posnk/4.7.2/../../../../i386-pc-posnk/lib/crt0.o
 .rel.text.create_list
                0x0000000000000000        0x0 /home/peterbjornx/nk/gcc_posnk/lib/gcc/i386-pc-posnk/4.7.2/../../../../i386-pc-posnk/lib/crt0.o
 .rel.text.append_control_file_to_llist
                0x0000000000000000        0x0 /home/peterbjornx/nk/gcc_posnk/lib/gcc/i386-pc-posnk/4.7.2/../../../../i386-pc-posnk/lib/crt0.o
 .rel.text.remove_file_array
                0x0000000000000000        0x0 /home/peterbjornx/nk/gcc_posnk/lib/gcc/i386-pc-posnk/4.7.2/../../../../i386-pc-posnk/lib/crt0.o
 .rel.text.remove_package
                0x0000000000000000        0x0 /home/peterbjornx/nk/gcc_posnk/lib/gcc/i386-pc-posnk/4.7.2/../../../../i386-pc-posnk/lib/crt0.o
 .rel.text.unpack_package
                0x0000000000000000        0x0 /home/peterbjornx/nk/gcc_posnk/lib/gcc/i386-pc-posnk/4.7.2/../../../../i386-pc-posnk/lib/crt0.o
 .rel.text.write_buffer_no_status
                0x0000000000000000        0x0 /home/peterbjornx/nk/gcc_posnk/lib/gcc/i386-pc-posnk/4.7.2/../../../../i386-pc-posnk/lib/crt0.o
 .rel.text.filter_rename_config
                0x0000000000000000        0x0 /home/peterbjornx/nk/gcc_posnk/lib/gcc/i386-pc-posnk/4.7.2/../../../../i386-pc-posnk/lib/crt0.o
 .rel.text.data_extract_all_prefix
                0x0000000000000000        0x0 /home/peterbjornx/nk/gcc_posnk/lib/gcc/i386-pc-posnk/4.7.2/../../../../i386-pc-posnk/lib/crt0.o
 .rel.text.dpkg_main
                0x0000000000000000        0x0 /home/peterbjornx/nk/gcc_posnk/lib/gcc/i386-pc-posnk/4.7.2/../../../../i386-pc-posnk/lib/crt0.o
 .rel.text.init_block
                0x0000000000000000        0x0 /home/peterbjornx/nk/gcc_posnk/lib/gcc/i386-pc-posnk/4.7.2/../../../../i386-pc-posnk/lib/crt0.o
 .rel.text.pqdownheap
                0x0000000000000000        0x0 /home/peterbjornx/nk/gcc_posnk/lib/gcc/i386-pc-posnk/4.7.2/../../../../i386-pc-posnk/lib/crt0.o
 .rel.text.gen_codes
                0x0000000000000000        0x0 /home/peterbjornx/nk/gcc_posnk/lib/gcc/i386-pc-posnk/4.7.2/../../../../i386-pc-posnk/lib/crt0.o
 .rel.text.build_tree
                0x0000000000000000        0x0 /home/peterbjornx/nk/gcc_posnk/lib/gcc/i386-pc-posnk/4.7.2/../../../../i386-pc-posnk/lib/crt0.o
 .rel.text.scan_tree
                0x0000000000000000        0x0 /home/peterbjornx/nk/gcc_posnk/lib/gcc/i386-pc-posnk/4.7.2/../../../../i386-pc-posnk/lib/crt0.o
 .rel.text.ct_tally
                0x0000000000000000        0x0 /home/peterbjornx/nk/gcc_posnk/lib/gcc/i386-pc-posnk/4.7.2/../../../../i386-pc-posnk/lib/crt0.o
 .rel.text.file_read
                0x0000000000000000        0x0 /home/peterbjornx/nk/gcc_posnk/lib/gcc/i386-pc-posnk/4.7.2/../../../../i386-pc-posnk/lib/crt0.o
 .rel.text.fill_window
                0x0000000000000000        0x0 /home/peterbjornx/nk/gcc_posnk/lib/gcc/i386-pc-posnk/4.7.2/../../../../i386-pc-posnk/lib/crt0.o
 .rel.text.flush_outbuf
                0x0000000000000000        0x0 /home/peterbjornx/nk/gcc_posnk/lib/gcc/i386-pc-posnk/4.7.2/../../../../i386-pc-posnk/lib/crt0.o
 .rel.text.put_16bit
                0x0000000000000000        0x0 /home/peterbjornx/nk/gcc_posnk/lib/gcc/i386-pc-posnk/4.7.2/../../../../i386-pc-posnk/lib/crt0.o
 .rel.text.send_bits
                0x0000000000000000        0x0 /home/peterbjornx/nk/gcc_posnk/lib/gcc/i386-pc-posnk/4.7.2/../../../../i386-pc-posnk/lib/crt0.o
 .rel.text.send_tree
                0x0000000000000000        0x0 /home/peterbjornx/nk/gcc_posnk/lib/gcc/i386-pc-posnk/4.7.2/../../../../i386-pc-posnk/lib/crt0.o
 .rel.text.compress_block
                0x0000000000000000        0x0 /home/peterbjornx/nk/gcc_posnk/lib/gcc/i386-pc-posnk/4.7.2/../../../../i386-pc-posnk/lib/crt0.o
 .rel.text.bi_windup
                0x0000000000000000        0x0 /home/peterbjornx/nk/gcc_posnk/lib/gcc/i386-pc-posnk/4.7.2/../../../../i386-pc-posnk/lib/crt0.o
 .rel.text.flush_block
                0x0000000000000000        0x0 /home/peterbjornx/nk/gcc_posnk/lib/gcc/i386-pc-posnk/4.7.2/../../../../i386-pc-posnk/lib/crt0.o
 .rel.text.pack_gzip
                0x0000000000000000        0x0 /home/peterbjornx/nk/gcc_posnk/lib/gcc/i386-pc-posnk/4.7.2/../../../../i386-pc-posnk/lib/crt0.o
 .rel.text.gzip_main
                0x0000000000000000        0x0 /home/peterbjornx/nk/gcc_posnk/lib/gcc/i386-pc-posnk/4.7.2/../../../../i386-pc-posnk/lib/crt0.o
 .rel.text.append_file_list_to_list
                0x0000000000000000        0x0 /home/peterbjornx/nk/gcc_posnk/lib/gcc/i386-pc-posnk/4.7.2/../../../../i386-pc-posnk/lib/crt0.o
 .rel.text.vfork_compressor
                0x0000000000000000        0x0 /home/peterbjornx/nk/gcc_posnk/lib/gcc/i386-pc-posnk/4.7.2/../../../../i386-pc-posnk/lib/crt0.o
 .rel.text.writeTarFile
                0x0000000000000000        0x0 /home/peterbjornx/nk/gcc_posnk/lib/gcc/i386-pc-posnk/4.7.2/../../../../i386-pc-posnk/lib/crt0.o
 .rel.text.putOctal
                0x0000000000000000        0x0 /home/peterbjornx/nk/gcc_posnk/lib/gcc/i386-pc-posnk/4.7.2/../../../../i386-pc-posnk/lib/crt0.o
 .rel.text.chksum_and_xwrite
                0x0000000000000000        0x0 /home/peterbjornx/nk/gcc_posnk/lib/gcc/i386-pc-posnk/4.7.2/../../../../i386-pc-posnk/lib/crt0.o
 .rel.text.writeLongname
                0x0000000000000000        0x0 /home/peterbjornx/nk/gcc_posnk/lib/gcc/i386-pc-posnk/4.7.2/../../../../i386-pc-posnk/lib/crt0.o
 .rel.text.writeTarHeader
                0x0000000000000000        0x0 /home/peterbjornx/nk/gcc_posnk/lib/gcc/i386-pc-posnk/4.7.2/../../../../i386-pc-posnk/lib/crt0.o
 .rel.text.writeFileToTarball
                0x0000000000000000        0x0 /home/peterbjornx/nk/gcc_posnk/lib/gcc/i386-pc-posnk/4.7.2/../../../../i386-pc-posnk/lib/crt0.o
 .rel.text.tar_main
                0x0000000000000000        0x0 /home/peterbjornx/nk/gcc_posnk/lib/gcc/i386-pc-posnk/4.7.2/../../../../i386-pc-posnk/lib/crt0.o
 .rel.text.bbunpack
                0x0000000000000000        0x0 /home/peterbjornx/nk/gcc_posnk/lib/gcc/i386-pc-posnk/4.7.2/../../../../i386-pc-posnk/lib/crt0.o
 .rel.text.data_extract_all
                0x0000000000000000        0x0 /home/peterbjornx/nk/gcc_posnk/lib/gcc/i386-pc-posnk/4.7.2/../../../../i386-pc-posnk/lib/crt0.o
 .rel.text.get_bits
                0x0000000000000000        0x0 /home/peterbjornx/nk/gcc_posnk/lib/gcc/i386-pc-posnk/4.7.2/../../../../i386-pc-posnk/lib/crt0.o
 .rel.text.start_bunzip
                0x0000000000000000        0x0 /home/peterbjornx/nk/gcc_posnk/lib/gcc/i386-pc-posnk/4.7.2/../../../../i386-pc-posnk/lib/crt0.o
 .rel.text.dealloc_bunzip
                0x0000000000000000        0x0 /home/peterbjornx/nk/gcc_posnk/lib/gcc/i386-pc-posnk/4.7.2/../../../../i386-pc-posnk/lib/crt0.o
 .rel.text.unpack_bz2_stream
                0x0000000000000000        0x0 /home/peterbjornx/nk/gcc_posnk/lib/gcc/i386-pc-posnk/4.7.2/../../../../i386-pc-posnk/lib/crt0.o
 .rel.text.huft_free
                0x0000000000000000        0x0 /home/peterbjornx/nk/gcc_posnk/lib/gcc/i386-pc-posnk/4.7.2/../../../../i386-pc-posnk/lib/crt0.o
 .rel.text.abort_unzip
                0x0000000000000000        0x0 /home/peterbjornx/nk/gcc_posnk/lib/gcc/i386-pc-posnk/4.7.2/../../../../i386-pc-posnk/lib/crt0.o
 .rel.text.calculate_gunzip_crc
                0x0000000000000000        0x0 /home/peterbjornx/nk/gcc_posnk/lib/gcc/i386-pc-posnk/4.7.2/../../../../i386-pc-posnk/lib/crt0.o
 .rel.text.inflate_unzip_internal
                0x0000000000000000        0x0 /home/peterbjornx/nk/gcc_posnk/lib/gcc/i386-pc-posnk/4.7.2/../../../../i386-pc-posnk/lib/crt0.o
 .rel.text.top_up
                0x0000000000000000        0x0 /home/peterbjornx/nk/gcc_posnk/lib/gcc/i386-pc-posnk/4.7.2/../../../../i386-pc-posnk/lib/crt0.o
 .rel.text.inflate_unzip
                0x0000000000000000        0x0 /home/peterbjornx/nk/gcc_posnk/lib/gcc/i386-pc-posnk/4.7.2/../../../../i386-pc-posnk/lib/crt0.o
 .rel.text.unpack_gz_stream
                0x0000000000000000        0x0 /home/peterbjornx/nk/gcc_posnk/lib/gcc/i386-pc-posnk/4.7.2/../../../../i386-pc-posnk/lib/crt0.o
 .rel.text.filter_accept_list
                0x0000000000000000        0x0 /home/peterbjornx/nk/gcc_posnk/lib/gcc/i386-pc-posnk/4.7.2/../../../../i386-pc-posnk/lib/crt0.o
 .rel.text.filter_accept_list_reassign
                0x0000000000000000        0x0 /home/peterbjornx/nk/gcc_posnk/lib/gcc/i386-pc-posnk/4.7.2/../../../../i386-pc-posnk/lib/crt0.o
 .rel.text.filter_accept_reject_list
                0x0000000000000000        0x0 /home/peterbjornx/nk/gcc_posnk/lib/gcc/i386-pc-posnk/4.7.2/../../../../i386-pc-posnk/lib/crt0.o
 .rel.text.find_list_entry
                0x0000000000000000        0x0 /home/peterbjornx/nk/gcc_posnk/lib/gcc/i386-pc-posnk/4.7.2/../../../../i386-pc-posnk/lib/crt0.o
 .rel.text.find_list_entry2
                0x0000000000000000        0x0 /home/peterbjornx/nk/gcc_posnk/lib/gcc/i386-pc-posnk/4.7.2/../../../../i386-pc-posnk/lib/crt0.o
 .rel.text.get_header_cpio
                0x0000000000000000        0x0 /home/peterbjornx/nk/gcc_posnk/lib/gcc/i386-pc-posnk/4.7.2/../../../../i386-pc-posnk/lib/crt0.o
 .rel.text.getOctal
                0x0000000000000000        0x0 /home/peterbjornx/nk/gcc_posnk/lib/gcc/i386-pc-posnk/4.7.2/../../../../i386-pc-posnk/lib/crt0.o
 .rel.text.strip_unsafe_prefix
                0x0000000000000000        0x0 /home/peterbjornx/nk/gcc_posnk/lib/gcc/i386-pc-posnk/4.7.2/../../../../i386-pc-posnk/lib/crt0.o
 .rel.text.get_header_tar
                0x0000000000000000        0x0 /home/peterbjornx/nk/gcc_posnk/lib/gcc/i386-pc-posnk/4.7.2/../../../../i386-pc-posnk/lib/crt0.o
 .rel.text.get_header_tar_gz
                0x0000000000000000        0x0 /home/peterbjornx/nk/gcc_posnk/lib/gcc/i386-pc-posnk/4.7.2/../../../../i386-pc-posnk/lib/crt0.o
 .rel.text.header_list
                0x0000000000000000        0x0 /home/peterbjornx/nk/gcc_posnk/lib/gcc/i386-pc-posnk/4.7.2/../../../../i386-pc-posnk/lib/crt0.o
 .rel.text.header_verbose_list
                0x0000000000000000        0x0 /home/peterbjornx/nk/gcc_posnk/lib/gcc/i386-pc-posnk/4.7.2/../../../../i386-pc-posnk/lib/crt0.o
 .rel.text.init_handle
                0x0000000000000000        0x0 /home/peterbjornx/nk/gcc_posnk/lib/gcc/i386-pc-posnk/4.7.2/../../../../i386-pc-posnk/lib/crt0.o
 .rel.text.check_errors_in_children
                0x0000000000000000        0x0 /home/peterbjornx/nk/gcc_posnk/lib/gcc/i386-pc-posnk/4.7.2/../../../../i386-pc-posnk/lib/crt0.o
 .rel.text.open_transformer
                0x0000000000000000        0x0 /home/peterbjornx/nk/gcc_posnk/lib/gcc/i386-pc-posnk/4.7.2/../../../../i386-pc-posnk/lib/crt0.o
 .rel.text.setup_unzip_on_fd
                0x0000000000000000        0x0 /home/peterbjornx/nk/gcc_posnk/lib/gcc/i386-pc-posnk/4.7.2/../../../../i386-pc-posnk/lib/crt0.o
 .rel.text.open_zipped
                0x0000000000000000        0x0 /home/peterbjornx/nk/gcc_posnk/lib/gcc/i386-pc-posnk/4.7.2/../../../../i386-pc-posnk/lib/crt0.o
 .rel.text.xmalloc_open_zipped_read_close
                0x0000000000000000        0x0 /home/peterbjornx/nk/gcc_posnk/lib/gcc/i386-pc-posnk/4.7.2/../../../../i386-pc-posnk/lib/crt0.o
 .rel.text.seek_by_jump
                0x0000000000000000        0x0 /home/peterbjornx/nk/gcc_posnk/lib/gcc/i386-pc-posnk/4.7.2/../../../../i386-pc-posnk/lib/crt0.o
 .rel.text.unpack_ar_archive
                0x0000000000000000        0x0 /home/peterbjornx/nk/gcc_posnk/lib/gcc/i386-pc-posnk/4.7.2/../../../../i386-pc-posnk/lib/crt0.o
 .rel.text.get_header_ar
                0x0000000000000000        0x0 /home/peterbjornx/nk/gcc_posnk/lib/gcc/i386-pc-posnk/4.7.2/../../../../i386-pc-posnk/lib/crt0.o
 .rel.text.basename_main
                0x0000000000000000        0x0 /home/peterbjornx/nk/gcc_posnk/lib/gcc/i386-pc-posnk/4.7.2/../../../../i386-pc-posnk/lib/crt0.o
 .rel.text.trim_trailing_spaces_and_print
                0x0000000000000000        0x0 /home/peterbjornx/nk/gcc_posnk/lib/gcc/i386-pc-posnk/4.7.2/../../../../i386-pc-posnk/lib/crt0.o
 .rel.text.day_array
                0x0000000000000000        0x0 /home/peterbjornx/nk/gcc_posnk/lib/gcc/i386-pc-posnk/4.7.2/../../../../i386-pc-posnk/lib/crt0.o
 .rel.text.build_row
                0x0000000000000000        0x0 /home/peterbjornx/nk/gcc_posnk/lib/gcc/i386-pc-posnk/4.7.2/../../../../i386-pc-posnk/lib/crt0.o
 .rel.text.center
                0x0000000000000000        0x0 /home/peterbjornx/nk/gcc_posnk/lib/gcc/i386-pc-posnk/4.7.2/../../../../i386-pc-posnk/lib/crt0.o
 .rel.text.cal_main
                0x0000000000000000        0x0 /home/peterbjornx/nk/gcc_posnk/lib/gcc/i386-pc-posnk/4.7.2/../../../../i386-pc-posnk/lib/crt0.o
 .rel.text.bb_cat
                0x0000000000000000        0x0 /home/peterbjornx/nk/gcc_posnk/lib/gcc/i386-pc-posnk/4.7.2/../../../../i386-pc-posnk/lib/crt0.o
 .rel.text.cat_main
                0x0000000000000000        0x0 /home/peterbjornx/nk/gcc_posnk/lib/gcc/i386-pc-posnk/4.7.2/../../../../i386-pc-posnk/lib/crt0.o
 .rel.text.fileAction
                0x0000000000000000        0x0 /home/peterbjornx/nk/gcc_posnk/lib/gcc/i386-pc-posnk/4.7.2/../../../../i386-pc-posnk/lib/crt0.o
 .rel.text.chmod_main
                0x0000000000000000        0x0 /home/peterbjornx/nk/gcc_posnk/lib/gcc/i386-pc-posnk/4.7.2/../../../../i386-pc-posnk/lib/crt0.o
 .rel.text.chown_main
                0x0000000000000000        0x0 /home/peterbjornx/nk/gcc_posnk/lib/gcc/i386-pc-posnk/4.7.2/../../../../i386-pc-posnk/lib/crt0.o
 .rel.text.cp_main
                0x0000000000000000        0x0 /home/peterbjornx/nk/gcc_posnk/lib/gcc/i386-pc-posnk/4.7.2/../../../../i386-pc-posnk/lib/crt0.o
 .rel.text.echo_main
                0x0000000000000000        0x0 /home/peterbjornx/nk/gcc_posnk/lib/gcc/i386-pc-posnk/4.7.2/../../../../i386-pc-posnk/lib/crt0.o
 .rel.text.env_main
                0x0000000000000000        0x0 /home/peterbjornx/nk/gcc_posnk/lib/gcc/i386-pc-posnk/4.7.2/../../../../i386-pc-posnk/lib/crt0.o
 .rel.text.docolon
                0x0000000000000000        0x0 /home/peterbjornx/nk/gcc_posnk/lib/gcc/i386-pc-posnk/4.7.2/../../../../i386-pc-posnk/lib/crt0.o
 .rel.text.toarith
                0x0000000000000000        0x0 /home/peterbjornx/nk/gcc_posnk/lib/gcc/i386-pc-posnk/4.7.2/../../../../i386-pc-posnk/lib/crt0.o
 .rel.text.arithmetic_common
                0x0000000000000000        0x0 /home/peterbjornx/nk/gcc_posnk/lib/gcc/i386-pc-posnk/4.7.2/../../../../i386-pc-posnk/lib/crt0.o
 .rel.text.freev
                0x0000000000000000        0x0 /home/peterbjornx/nk/gcc_posnk/lib/gcc/i386-pc-posnk/4.7.2/../../../../i386-pc-posnk/lib/crt0.o
 .rel.text.nextarg
                0x0000000000000000        0x0 /home/peterbjornx/nk/gcc_posnk/lib/gcc/i386-pc-posnk/4.7.2/../../../../i386-pc-posnk/lib/crt0.o
 .rel.text.eval
                0x0000000000000000        0x0 /home/peterbjornx/nk/gcc_posnk/lib/gcc/i386-pc-posnk/4.7.2/../../../../i386-pc-posnk/lib/crt0.o
 .rel.text.eval6
                0x0000000000000000        0x0 /home/peterbjornx/nk/gcc_posnk/lib/gcc/i386-pc-posnk/4.7.2/../../../../i386-pc-posnk/lib/crt0.o
 .rel.text.eval5
                0x0000000000000000        0x0 /home/peterbjornx/nk/gcc_posnk/lib/gcc/i386-pc-posnk/4.7.2/../../../../i386-pc-posnk/lib/crt0.o
 .rel.text.eval4
                0x0000000000000000        0x0 /home/peterbjornx/nk/gcc_posnk/lib/gcc/i386-pc-posnk/4.7.2/../../../../i386-pc-posnk/lib/crt0.o
 .rel.text.eval3
                0x0000000000000000        0x0 /home/peterbjornx/nk/gcc_posnk/lib/gcc/i386-pc-posnk/4.7.2/../../../../i386-pc-posnk/lib/crt0.o
 .rel.text.eval2
                0x0000000000000000        0x0 /home/peterbjornx/nk/gcc_posnk/lib/gcc/i386-pc-posnk/4.7.2/../../../../i386-pc-posnk/lib/crt0.o
 .rel.text.eval1
                0x0000000000000000        0x0 /home/peterbjornx/nk/gcc_posnk/lib/gcc/i386-pc-posnk/4.7.2/../../../../i386-pc-posnk/lib/crt0.o
 .rel.text.expr_main
                0x0000000000000000        0x0 /home/peterbjornx/nk/gcc_posnk/lib/gcc/i386-pc-posnk/4.7.2/../../../../i386-pc-posnk/lib/crt0.o
 .rel.text.get_groups
                0x0000000000000000        0x0 /home/peterbjornx/nk/gcc_posnk/lib/gcc/i386-pc-posnk/4.7.2/../../../../i386-pc-posnk/lib/crt0.o
 .rel.text.print_common
                0x0000000000000000        0x0 /home/peterbjornx/nk/gcc_posnk/lib/gcc/i386-pc-posnk/4.7.2/../../../../i386-pc-posnk/lib/crt0.o
 .rel.text.print_user
                0x0000000000000000        0x0 /home/peterbjornx/nk/gcc_posnk/lib/gcc/i386-pc-posnk/4.7.2/../../../../i386-pc-posnk/lib/crt0.o
 .rel.text.print_group
                0x0000000000000000        0x0 /home/peterbjornx/nk/gcc_posnk/lib/gcc/i386-pc-posnk/4.7.2/../../../../i386-pc-posnk/lib/crt0.o
 .rel.text.id_main
                0x0000000000000000        0x0 /home/peterbjornx/nk/gcc_posnk/lib/gcc/i386-pc-posnk/4.7.2/../../../../i386-pc-posnk/lib/crt0.o
 .rel.text.ln_main
                0x0000000000000000        0x0 /home/peterbjornx/nk/gcc_posnk/lib/gcc/i386-pc-posnk/4.7.2/../../../../i386-pc-posnk/lib/crt0.o
 .rel.text.append_char
                0x0000000000000000        0x0 /home/peterbjornx/nk/gcc_posnk/lib/gcc/i386-pc-posnk/4.7.2/../../../../i386-pc-posnk/lib/crt0.o
 .rel.text.my_stat
                0x0000000000000000        0x0 /home/peterbjornx/nk/gcc_posnk/lib/gcc/i386-pc-posnk/4.7.2/../../../../i386-pc-posnk/lib/crt0.o
 .rel.text.print_name
                0x0000000000000000        0x0 /home/peterbjornx/nk/gcc_posnk/lib/gcc/i386-pc-posnk/4.7.2/../../../../i386-pc-posnk/lib/crt0.o
 .rel.text.display_single
                0x0000000000000000        0x0 /home/peterbjornx/nk/gcc_posnk/lib/gcc/i386-pc-posnk/4.7.2/../../../../i386-pc-posnk/lib/crt0.o
 .rel.text.dnsort
                0x0000000000000000        0x0 /home/peterbjornx/nk/gcc_posnk/lib/gcc/i386-pc-posnk/4.7.2/../../../../i386-pc-posnk/lib/crt0.o
 .rel.text.sort_and_display_files
                0x0000000000000000        0x0 /home/peterbjornx/nk/gcc_posnk/lib/gcc/i386-pc-posnk/4.7.2/../../../../i386-pc-posnk/lib/crt0.o
 .rel.text.sortcmp
                0x0000000000000000        0x0 /home/peterbjornx/nk/gcc_posnk/lib/gcc/i386-pc-posnk/4.7.2/../../../../i386-pc-posnk/lib/crt0.o
 .rel.text.scan_and_display_dirs_recur
                0x0000000000000000        0x0 /home/peterbjornx/nk/gcc_posnk/lib/gcc/i386-pc-posnk/4.7.2/../../../../i386-pc-posnk/lib/crt0.o
 .rel.text.ls_main
                0x0000000000000000        0x0 /home/peterbjornx/nk/gcc_posnk/lib/gcc/i386-pc-posnk/4.7.2/../../../../i386-pc-posnk/lib/crt0.o
 .rel.text.mkdir_main
                0x0000000000000000        0x0 /home/peterbjornx/nk/gcc_posnk/lib/gcc/i386-pc-posnk/4.7.2/../../../../i386-pc-posnk/lib/crt0.o
 .rel.text.mknod_main
                0x0000000000000000        0x0 /home/peterbjornx/nk/gcc_posnk/lib/gcc/i386-pc-posnk/4.7.2/../../../../i386-pc-posnk/lib/crt0.o
 .rel.text.od_main
                0x0000000000000000        0x0 /home/peterbjornx/nk/gcc_posnk/lib/gcc/i386-pc-posnk/4.7.2/../../../../i386-pc-posnk/lib/crt0.o
 .rel.text.printenv_main
                0x0000000000000000        0x0 /home/peterbjornx/nk/gcc_posnk/lib/gcc/i386-pc-posnk/4.7.2/../../../../i386-pc-posnk/lib/crt0.o
 .rel.text.pwd_main
                0x0000000000000000        0x0 /home/peterbjornx/nk/gcc_posnk/lib/gcc/i386-pc-posnk/4.7.2/../../../../i386-pc-posnk/lib/crt0.o
 .rel.text.readlink_main
                0x0000000000000000        0x0 /home/peterbjornx/nk/gcc_posnk/lib/gcc/i386-pc-posnk/4.7.2/../../../../i386-pc-posnk/lib/crt0.o
 .rel.text.seq_main
                0x0000000000000000        0x0 /home/peterbjornx/nk/gcc_posnk/lib/gcc/i386-pc-posnk/4.7.2/../../../../i386-pc-posnk/lib/crt0.o
 .rel.text.split_main
                0x0000000000000000        0x0 /home/peterbjornx/nk/gcc_posnk/lib/gcc/i386-pc-posnk/4.7.2/../../../../i386-pc-posnk/lib/crt0.o
 .rel.text.find_mode
                0x0000000000000000        0x0 /home/peterbjornx/nk/gcc_posnk/lib/gcc/i386-pc-posnk/4.7.2/../../../../i386-pc-posnk/lib/crt0.o
 .rel.text.find_control
                0x0000000000000000        0x0 /home/peterbjornx/nk/gcc_posnk/lib/gcc/i386-pc-posnk/4.7.2/../../../../i386-pc-posnk/lib/crt0.o
 .rel.text.find_param
                0x0000000000000000        0x0 /home/peterbjornx/nk/gcc_posnk/lib/gcc/i386-pc-posnk/4.7.2/../../../../i386-pc-posnk/lib/crt0.o
 .rel.text.set_control_char_or_die
                0x0000000000000000        0x0 /home/peterbjornx/nk/gcc_posnk/lib/gcc/i386-pc-posnk/4.7.2/../../../../i386-pc-posnk/lib/crt0.o
 .rel.text.perror_on_device
                0x0000000000000000        0x0 /home/peterbjornx/nk/gcc_posnk/lib/gcc/i386-pc-posnk/4.7.2/../../../../i386-pc-posnk/lib/crt0.o
 .rel.text.wrapf
                0x0000000000000000        0x0 /home/peterbjornx/nk/gcc_posnk/lib/gcc/i386-pc-posnk/4.7.2/../../../../i386-pc-posnk/lib/crt0.o
 .rel.text.display_window_size
                0x0000000000000000        0x0 /home/peterbjornx/nk/gcc_posnk/lib/gcc/i386-pc-posnk/4.7.2/../../../../i386-pc-posnk/lib/crt0.o
 .rel.text.newline
                0x0000000000000000        0x0 /home/peterbjornx/nk/gcc_posnk/lib/gcc/i386-pc-posnk/4.7.2/../../../../i386-pc-posnk/lib/crt0.o
 .rel.text.set_window_size
                0x0000000000000000        0x0 /home/peterbjornx/nk/gcc_posnk/lib/gcc/i386-pc-posnk/4.7.2/../../../../i386-pc-posnk/lib/crt0.o
 .rel.text.display_speed
                0x0000000000000000        0x0 /home/peterbjornx/nk/gcc_posnk/lib/gcc/i386-pc-posnk/4.7.2/../../../../i386-pc-posnk/lib/crt0.o
 .rel.text.recover_mode
                0x0000000000000000        0x0 /home/peterbjornx/nk/gcc_posnk/lib/gcc/i386-pc-posnk/4.7.2/../../../../i386-pc-posnk/lib/crt0.o
 .rel.text.set_speed_or_die
                0x0000000000000000        0x0 /home/peterbjornx/nk/gcc_posnk/lib/gcc/i386-pc-posnk/4.7.2/../../../../i386-pc-posnk/lib/crt0.o
 .rel.text.perror_on_device_and_die
                0x0000000000000000        0x0 /home/peterbjornx/nk/gcc_posnk/lib/gcc/i386-pc-posnk/4.7.2/../../../../i386-pc-posnk/lib/crt0.o
 .rel.text.display_recoverable
                0x0000000000000000        0x0 /home/peterbjornx/nk/gcc_posnk/lib/gcc/i386-pc-posnk/4.7.2/../../../../i386-pc-posnk/lib/crt0.o
 .rel.text.do_display
                0x0000000000000000        0x0 /home/peterbjornx/nk/gcc_posnk/lib/gcc/i386-pc-posnk/4.7.2/../../../../i386-pc-posnk/lib/crt0.o
 .rel.text.stty_main
                0x0000000000000000        0x0 /home/peterbjornx/nk/gcc_posnk/lib/gcc/i386-pc-posnk/4.7.2/../../../../i386-pc-posnk/lib/crt0.o
 .rel.text.eat_num
                0x0000000000000000        0x0 /home/peterbjornx/nk/gcc_posnk/lib/gcc/i386-pc-posnk/4.7.2/../../../../i386-pc-posnk/lib/crt0.o
 .rel.text.tail_read
                0x0000000000000000        0x0 /home/peterbjornx/nk/gcc_posnk/lib/gcc/i386-pc-posnk/4.7.2/../../../../i386-pc-posnk/lib/crt0.o
 .rel.text.tail_xprint_header
                0x0000000000000000        0x0 /home/peterbjornx/nk/gcc_posnk/lib/gcc/i386-pc-posnk/4.7.2/../../../../i386-pc-posnk/lib/crt0.o
 .rel.text.tail_main
                0x0000000000000000        0x0 /home/peterbjornx/nk/gcc_posnk/lib/gcc/i386-pc-posnk/4.7.2/../../../../i386-pc-posnk/lib/crt0.o
 .rel.text.touch_main
                0x0000000000000000        0x0 /home/peterbjornx/nk/gcc_posnk/lib/gcc/i386-pc-posnk/4.7.2/../../../../i386-pc-posnk/lib/crt0.o
 .rel.text.tty_main
                0x0000000000000000        0x0 /home/peterbjornx/nk/gcc_posnk/lib/gcc/i386-pc-posnk/4.7.2/../../../../i386-pc-posnk/lib/crt0.o
 .rel.text.wc_main
                0x0000000000000000        0x0 /home/peterbjornx/nk/gcc_posnk/lib/gcc/i386-pc-posnk/4.7.2/../../../../i386-pc-posnk/lib/crt0.o
 .rel.text.whoami_main
                0x0000000000000000        0x0 /home/peterbjornx/nk/gcc_posnk/lib/gcc/i386-pc-posnk/4.7.2/../../../../i386-pc-posnk/lib/crt0.o
 .rel.text.yes_main
                0x0000000000000000        0x0 /home/peterbjornx/nk/gcc_posnk/lib/gcc/i386-pc-posnk/4.7.2/../../../../i386-pc-posnk/lib/crt0.o
 .rel.text.cp_mv_stat2
                0x0000000000000000        0x0 /home/peterbjornx/nk/gcc_posnk/lib/gcc/i386-pc-posnk/4.7.2/../../../../i386-pc-posnk/lib/crt0.o
 .rel.text.cp_mv_stat
                0x0000000000000000        0x0 /home/peterbjornx/nk/gcc_posnk/lib/gcc/i386-pc-posnk/4.7.2/../../../../i386-pc-posnk/lib/crt0.o
 .rel.text.getopt_mk_fifo_nod
                0x0000000000000000        0x0 /home/peterbjornx/nk/gcc_posnk/lib/gcc/i386-pc-posnk/4.7.2/../../../../i386-pc-posnk/lib/crt0.o
 .rel.text.findLine
                0x0000000000000000        0x0 /home/peterbjornx/nk/gcc_posnk/lib/gcc/i386-pc-posnk/4.7.2/../../../../i386-pc-posnk/lib/crt0.o
 .rel.text.setCurNum
                0x0000000000000000        0x0 /home/peterbjornx/nk/gcc_posnk/lib/gcc/i386-pc-posnk/4.7.2/../../../../i386-pc-posnk/lib/crt0.o
 .rel.text.bad_nums
                0x0000000000000000        0x0 /home/peterbjornx/nk/gcc_posnk/lib/gcc/i386-pc-posnk/4.7.2/../../../../i386-pc-posnk/lib/crt0.o
 .rel.text.insertLine
                0x0000000000000000        0x0 /home/peterbjornx/nk/gcc_posnk/lib/gcc/i386-pc-posnk/4.7.2/../../../../i386-pc-posnk/lib/crt0.o
 .rel.text.readLines
                0x0000000000000000        0x0 /home/peterbjornx/nk/gcc_posnk/lib/gcc/i386-pc-posnk/4.7.2/../../../../i386-pc-posnk/lib/crt0.o
 .rel.text.deleteLines
                0x0000000000000000        0x0 /home/peterbjornx/nk/gcc_posnk/lib/gcc/i386-pc-posnk/4.7.2/../../../../i386-pc-posnk/lib/crt0.o
 .rel.text.addLines
                0x0000000000000000        0x0 /home/peterbjornx/nk/gcc_posnk/lib/gcc/i386-pc-posnk/4.7.2/../../../../i386-pc-posnk/lib/crt0.o
 .rel.text.findString
                0x0000000000000000        0x0 /home/peterbjornx/nk/gcc_posnk/lib/gcc/i386-pc-posnk/4.7.2/../../../../i386-pc-posnk/lib/crt0.o
 .rel.text.searchLines
                0x0000000000000000        0x0 /home/peterbjornx/nk/gcc_posnk/lib/gcc/i386-pc-posnk/4.7.2/../../../../i386-pc-posnk/lib/crt0.o
 .rel.text.getNum
                0x0000000000000000        0x0 /home/peterbjornx/nk/gcc_posnk/lib/gcc/i386-pc-posnk/4.7.2/../../../../i386-pc-posnk/lib/crt0.o
 .rel.text.printLines
                0x0000000000000000        0x0 /home/peterbjornx/nk/gcc_posnk/lib/gcc/i386-pc-posnk/4.7.2/../../../../i386-pc-posnk/lib/crt0.o
 .rel.text.doCommands
                0x0000000000000000        0x0 /home/peterbjornx/nk/gcc_posnk/lib/gcc/i386-pc-posnk/4.7.2/../../../../i386-pc-posnk/lib/crt0.o
 .rel.text.ed_main
                0x0000000000000000        0x0 /home/peterbjornx/nk/gcc_posnk/lib/gcc/i386-pc-posnk/4.7.2/../../../../i386-pc-posnk/lib/crt0.o
 .rel.text.xgetpwnam
                0x0000000000000000        0x0 /home/peterbjornx/nk/gcc_posnk/lib/gcc/i386-pc-posnk/4.7.2/../../../../i386-pc-posnk/lib/crt0.o
 .rel.text.xgetpwuid
                0x0000000000000000        0x0 /home/peterbjornx/nk/gcc_posnk/lib/gcc/i386-pc-posnk/4.7.2/../../../../i386-pc-posnk/lib/crt0.o
 .rel.text.uid2uname
                0x0000000000000000        0x0 /home/peterbjornx/nk/gcc_posnk/lib/gcc/i386-pc-posnk/4.7.2/../../../../i386-pc-posnk/lib/crt0.o
 .rel.text.get_ug_id
                0x0000000000000000        0x0 /home/peterbjornx/nk/gcc_posnk/lib/gcc/i386-pc-posnk/4.7.2/../../../../i386-pc-posnk/lib/crt0.o
 .rel.text.index_in_str_array
                0x0000000000000000        0x0 /home/peterbjornx/nk/gcc_posnk/lib/gcc/i386-pc-posnk/4.7.2/../../../../i386-pc-posnk/lib/crt0.o
 .rel.text.index_in_strings
                0x0000000000000000        0x0 /home/peterbjornx/nk/gcc_posnk/lib/gcc/i386-pc-posnk/4.7.2/../../../../i386-pc-posnk/lib/crt0.o
 .rel.text.index_in_substrings
                0x0000000000000000        0x0 /home/peterbjornx/nk/gcc_posnk/lib/gcc/i386-pc-posnk/4.7.2/../../../../i386-pc-posnk/lib/crt0.o
 .rel.text.nth_string
                0x0000000000000000        0x0 /home/peterbjornx/nk/gcc_posnk/lib/gcc/i386-pc-posnk/4.7.2/../../../../i386-pc-posnk/lib/crt0.o
 .rel.text.ask_and_unlink
                0x0000000000000000        0x0 /home/peterbjornx/nk/gcc_posnk/lib/gcc/i386-pc-posnk/4.7.2/../../../../i386-pc-posnk/lib/crt0.o
 .rel.text.copy_file
                0x0000000000000000        0x0 /home/peterbjornx/nk/gcc_posnk/lib/gcc/i386-pc-posnk/4.7.2/../../../../i386-pc-posnk/lib/crt0.o
 .rel.text.rewrite
                0x0000000000000000        0x0 /home/peterbjornx/nk/gcc_posnk/lib/gcc/i386-pc-posnk/4.7.2/../../../../i386-pc-posnk/lib/crt0.o
 .rel.text.next
                0x0000000000000000        0x0 /home/peterbjornx/nk/gcc_posnk/lib/gcc/i386-pc-posnk/4.7.2/../../../../i386-pc-posnk/lib/crt0.o
 .rel.text.bb_dump_size.isra.0
                0x0000000000000000        0x0 /home/peterbjornx/nk/gcc_posnk/lib/gcc/i386-pc-posnk/4.7.2/../../../../i386-pc-posnk/lib/crt0.o
 .rel.text.bb_dump_dump
                0x0000000000000000        0x0 /home/peterbjornx/nk/gcc_posnk/lib/gcc/i386-pc-posnk/4.7.2/../../../../i386-pc-posnk/lib/crt0.o
 .rel.text.bb_dump_add
                0x0000000000000000        0x0 /home/peterbjornx/nk/gcc_posnk/lib/gcc/i386-pc-posnk/4.7.2/../../../../i386-pc-posnk/lib/crt0.o
 .rel.text.execable_file
                0x0000000000000000        0x0 /home/peterbjornx/nk/gcc_posnk/lib/gcc/i386-pc-posnk/4.7.2/../../../../i386-pc-posnk/lib/crt0.o
 .rel.text.find_execable
                0x0000000000000000        0x0 /home/peterbjornx/nk/gcc_posnk/lib/gcc/i386-pc-posnk/4.7.2/../../../../i386-pc-posnk/lib/crt0.o
 .rel.text.exists_execable
                0x0000000000000000        0x0 /home/peterbjornx/nk/gcc_posnk/lib/gcc/i386-pc-posnk/4.7.2/../../../../i386-pc-posnk/lib/crt0.o
 .rel.text.BB_EXECVP
                0x0000000000000000        0x0 /home/peterbjornx/nk/gcc_posnk/lib/gcc/i386-pc-posnk/4.7.2/../../../../i386-pc-posnk/lib/crt0.o
 .rel.text.BB_EXECVP_or_die
                0x0000000000000000        0x0 /home/peterbjornx/nk/gcc_posnk/lib/gcc/i386-pc-posnk/4.7.2/../../../../i386-pc-posnk/lib/crt0.o
 .rel.text.fclose_if_not_stdin
                0x0000000000000000        0x0 /home/peterbjornx/nk/gcc_posnk/lib/gcc/i386-pc-posnk/4.7.2/../../../../i386-pc-posnk/lib/crt0.o
 .rel.text.fflush_stdout_and_exit
                0x0000000000000000        0x0 /home/peterbjornx/nk/gcc_posnk/lib/gcc/i386-pc-posnk/4.7.2/../../../../i386-pc-posnk/lib/crt0.o
 .rel.text.xmalloc_fgets_internal
                0x0000000000000000        0x0 /home/peterbjornx/nk/gcc_posnk/lib/gcc/i386-pc-posnk/4.7.2/../../../../i386-pc-posnk/lib/crt0.o
 .rel.text.bb_get_chunk_from_file
                0x0000000000000000        0x0 /home/peterbjornx/nk/gcc_posnk/lib/gcc/i386-pc-posnk/4.7.2/../../../../i386-pc-posnk/lib/crt0.o
 .rel.text.getopt32
                0x0000000000000000        0x0 /home/peterbjornx/nk/gcc_posnk/lib/gcc/i386-pc-posnk/4.7.2/../../../../i386-pc-posnk/lib/crt0.o
 .rel.text.sha512_process_block128
                0x0000000000000000        0x0 /home/peterbjornx/nk/gcc_posnk/lib/gcc/i386-pc-posnk/4.7.2/../../../../i386-pc-posnk/lib/crt0.o
 .rel.text.common64_end
                0x0000000000000000        0x0 /home/peterbjornx/nk/gcc_posnk/lib/gcc/i386-pc-posnk/4.7.2/../../../../i386-pc-posnk/lib/crt0.o
 .rel.text.sha1_process_block64
                0x0000000000000000        0x0 /home/peterbjornx/nk/gcc_posnk/lib/gcc/i386-pc-posnk/4.7.2/../../../../i386-pc-posnk/lib/crt0.o
 .rel.text.sha256_process_block64
                0x0000000000000000        0x0 /home/peterbjornx/nk/gcc_posnk/lib/gcc/i386-pc-posnk/4.7.2/../../../../i386-pc-posnk/lib/crt0.o
 .rel.text.sha1_end
                0x0000000000000000        0x0 /home/peterbjornx/nk/gcc_posnk/lib/gcc/i386-pc-posnk/4.7.2/../../../../i386-pc-posnk/lib/crt0.o
 .rel.text.sha512_end
                0x0000000000000000        0x0 /home/peterbjornx/nk/gcc_posnk/lib/gcc/i386-pc-posnk/4.7.2/../../../../i386-pc-posnk/lib/crt0.o
 .rel.text.make_human_readable_str
                0x0000000000000000        0x0 /home/peterbjornx/nk/gcc_posnk/lib/gcc/i386-pc-posnk/4.7.2/../../../../i386-pc-posnk/lib/crt0.o
 .rel.text.add_to_ino_dev_hashtable
                0x0000000000000000        0x0 /home/peterbjornx/nk/gcc_posnk/lib/gcc/i386-pc-posnk/4.7.2/../../../../i386-pc-posnk/lib/crt0.o
 .rel.text.is_directory
                0x0000000000000000        0x0 /home/peterbjornx/nk/gcc_posnk/lib/gcc/i386-pc-posnk/4.7.2/../../../../i386-pc-posnk/lib/crt0.o
 .rel.text.read_line_input
                0x0000000000000000        0x0 /home/peterbjornx/nk/gcc_posnk/lib/gcc/i386-pc-posnk/4.7.2/../../../../i386-pc-posnk/lib/crt0.o
 .rel.text.bb_make_directory
                0x0000000000000000        0x0 /home/peterbjornx/nk/gcc_posnk/lib/gcc/i386-pc-posnk/4.7.2/../../../../i386-pc-posnk/lib/crt0.o
 .rel.text.bb_parse_mode
                0x0000000000000000        0x0 /home/peterbjornx/nk/gcc_posnk/lib/gcc/i386-pc-posnk/4.7.2/../../../../i386-pc-posnk/lib/crt0.o
 .rel.text.fputc_printable
                0x0000000000000000        0x0 /home/peterbjornx/nk/gcc_posnk/lib/gcc/i386-pc-posnk/4.7.2/../../../../i386-pc-posnk/lib/crt0.o
 .rel.text.printable_string
                0x0000000000000000        0x0 /home/peterbjornx/nk/gcc_posnk/lib/gcc/i386-pc-posnk/4.7.2/../../../../i386-pc-posnk/lib/crt0.o
 .rel.text.clear_cache
                0x0000000000000000        0x0 /home/peterbjornx/nk/gcc_posnk/lib/gcc/i386-pc-posnk/4.7.2/../../../../i386-pc-posnk/lib/crt0.o
 .rel.text.read_to_buf
                0x0000000000000000        0x0 /home/peterbjornx/nk/gcc_posnk/lib/gcc/i386-pc-posnk/4.7.2/../../../../i386-pc-posnk/lib/crt0.o
 .rel.text.get_cached
                0x0000000000000000        0x0 /home/peterbjornx/nk/gcc_posnk/lib/gcc/i386-pc-posnk/4.7.2/../../../../i386-pc-posnk/lib/crt0.o
 .rel.text.free_procps_scan
                0x0000000000000000        0x0 /home/peterbjornx/nk/gcc_posnk/lib/gcc/i386-pc-posnk/4.7.2/../../../../i386-pc-posnk/lib/crt0.o
 .rel.text.procps_scan
                0x0000000000000000        0x0 /home/peterbjornx/nk/gcc_posnk/lib/gcc/i386-pc-posnk/4.7.2/../../../../i386-pc-posnk/lib/crt0.o
 .rel.text.read_cmdline
                0x0000000000000000        0x0 /home/peterbjornx/nk/gcc_posnk/lib/gcc/i386-pc-posnk/4.7.2/../../../../i386-pc-posnk/lib/crt0.o
 .rel.text.nonblock_immune_read
                0x0000000000000000        0x0 /home/peterbjornx/nk/gcc_posnk/lib/gcc/i386-pc-posnk/4.7.2/../../../../i386-pc-posnk/lib/crt0.o
 .rel.text.xmalloc_reads
                0x0000000000000000        0x0 /home/peterbjornx/nk/gcc_posnk/lib/gcc/i386-pc-posnk/4.7.2/../../../../i386-pc-posnk/lib/crt0.o
 .rel.text.xmalloc_read
                0x0000000000000000        0x0 /home/peterbjornx/nk/gcc_posnk/lib/gcc/i386-pc-posnk/4.7.2/../../../../i386-pc-posnk/lib/crt0.o
 .rel.text.xmalloc_open_read_close
                0x0000000000000000        0x0 /home/peterbjornx/nk/gcc_posnk/lib/gcc/i386-pc-posnk/4.7.2/../../../../i386-pc-posnk/lib/crt0.o
 .rel.text.recursive_action
                0x0000000000000000        0x0 /home/peterbjornx/nk/gcc_posnk/lib/gcc/i386-pc-posnk/4.7.2/../../../../i386-pc-posnk/lib/crt0.o
 .rel.text.safe_strncpy
                0x0000000000000000        0x0 /home/peterbjornx/nk/gcc_posnk/lib/gcc/i386-pc-posnk/4.7.2/../../../../i386-pc-posnk/lib/crt0.o
 .rel.text.record_signo
                0x0000000000000000        0x0 /home/peterbjornx/nk/gcc_posnk/lib/gcc/i386-pc-posnk/4.7.2/../../../../i386-pc-posnk/lib/crt0.o
 .rel.text.sigprocmask_allsigs
                0x0000000000000000        0x0 /home/peterbjornx/nk/gcc_posnk/lib/gcc/i386-pc-posnk/4.7.2/../../../../i386-pc-posnk/lib/crt0.o
 .rel.text.bb_signals
                0x0000000000000000        0x0 /home/peterbjornx/nk/gcc_posnk/lib/gcc/i386-pc-posnk/4.7.2/../../../../i386-pc-posnk/lib/crt0.o
 .rel.text.sig_block
                0x0000000000000000        0x0 /home/peterbjornx/nk/gcc_posnk/lib/gcc/i386-pc-posnk/4.7.2/../../../../i386-pc-posnk/lib/crt0.o
 .rel.text.sig_unblock
                0x0000000000000000        0x0 /home/peterbjornx/nk/gcc_posnk/lib/gcc/i386-pc-posnk/4.7.2/../../../../i386-pc-posnk/lib/crt0.o
 .rel.text.wait_for_any_sig
                0x0000000000000000        0x0 /home/peterbjornx/nk/gcc_posnk/lib/gcc/i386-pc-posnk/4.7.2/../../../../i386-pc-posnk/lib/crt0.o
 .rel.text.kill_myself_with_sig
                0x0000000000000000        0x0 /home/peterbjornx/nk/gcc_posnk/lib/gcc/i386-pc-posnk/4.7.2/../../../../i386-pc-posnk/lib/crt0.o
 .rel.text.get_signum
                0x0000000000000000        0x0 /home/peterbjornx/nk/gcc_posnk/lib/gcc/i386-pc-posnk/4.7.2/../../../../i386-pc-posnk/lib/crt0.o
 .rel.text.print_signames
                0x0000000000000000        0x0 /home/peterbjornx/nk/gcc_posnk/lib/gcc/i386-pc-posnk/4.7.2/../../../../i386-pc-posnk/lib/crt0.o
 .rel.text.fopen_or_warn_stdin
                0x0000000000000000        0x0 /home/peterbjornx/nk/gcc_posnk/lib/gcc/i386-pc-posnk/4.7.2/../../../../i386-pc-posnk/lib/crt0.o
 .rel.text.xstrtoull_range_sfx
                0x0000000000000000        0x0 /home/peterbjornx/nk/gcc_posnk/lib/gcc/i386-pc-posnk/4.7.2/../../../../i386-pc-posnk/lib/crt0.o
 .rel.text.xstrtoul_range_sfx
                0x0000000000000000        0x0 /home/peterbjornx/nk/gcc_posnk/lib/gcc/i386-pc-posnk/4.7.2/../../../../i386-pc-posnk/lib/crt0.o
 .rel.text.xrealloc_getcwd_or_warn
                0x0000000000000000        0x0 /home/peterbjornx/nk/gcc_posnk/lib/gcc/i386-pc-posnk/4.7.2/../../../../i386-pc-posnk/lib/crt0.o
 .rel.text.regcomp_or_errmsg
                0x0000000000000000        0x0 /home/peterbjornx/nk/gcc_posnk/lib/gcc/i386-pc-posnk/4.7.2/../../../../i386-pc-posnk/lib/crt0.o
 .rel.text.bb_ask_confirmation
                0x0000000000000000        0x0 /home/peterbjornx/nk/gcc_posnk/lib/gcc/i386-pc-posnk/4.7.2/../../../../i386-pc-posnk/lib/crt0.o
 *(SORT(.rel.fini))
 *(SORT(.rel.rodata) SORT(.rel.rodata.*) SORT(.rel.gnu.linkonce.r.*))
 .rel.rodata.applet_main
                0x0000000000000000        0x0 /home/peterbjornx/nk/gcc_posnk/lib/gcc/i386-pc-posnk/4.7.2/../../../../i386-pc-posnk/lib/crt0.o
 *(SORT(.rel.data.rel.ro) SORT(.rel.data.rel.ro.*) SORT(.rel.gnu.linkonce.d.rel.ro.*))
 *(SORT(.rel.data) SORT(.rel.data.*) SORT(.rel.gnu.linkonce.d.*))
 *(SORT(.rel.tdata) SORT(.rel.tdata.*) SORT(.rel.gnu.linkonce.td.*))
 *(SORT(.rel.tbss) SORT(.rel.tbss.*) SORT(.rel.gnu.linkonce.tb.*))
 *(SORT(.rel.ctors))
 *(SORT(.rel.dtors))
 *(SORT(.rel.got))
 *(SORT(.rel.bss) SORT(.rel.bss.*) SORT(.rel.gnu.linkonce.b.*))
 *(SORT(.rel.ifunc))

.rela.dyn
 *(SORT(.rela.init))
 *(SORT(.rela.text) SORT(.rela.text.*) SORT(.rela.gnu.linkonce.t.*))
 *(SORT(.rela.fini))
 *(SORT(.rela.rodata) SORT(.rela.rodata.*) SORT(.rela.gnu.linkonce.r.*))
 *(SORT(.rela.data) SORT(.rela.data.*) SORT(.rela.gnu.linkonce.d.*))
 *(SORT(.rela.tdata) SORT(.rela.tdata.*) SORT(.rela.gnu.linkonce.td.*))
 *(SORT(.rela.tbss) SORT(.rela.tbss.*) SORT(.rela.gnu.linkonce.tb.*))
 *(SORT(.rela.ctors))
 *(SORT(.rela.dtors))
 *(SORT(.rela.got))
 *(SORT(.rela.bss) SORT(.rela.bss.*) SORT(.rela.gnu.linkonce.b.*))
 *(SORT(.rela.ifunc))

.rel.plt        0x0000000008048074        0x0
 *(SORT(.rel.plt))
                0x0000000008048074                PROVIDE (__rel_iplt_start, .)
 *(SORT(.rel.iplt))
 .rel.iplt      0x0000000000000000        0x0 /home/peterbjornx/nk/gcc_posnk/lib/gcc/i386-pc-posnk/4.7.2/../../../../i386-pc-posnk/lib/crt0.o
                0x0000000008048074                PROVIDE (__rel_iplt_end, .)

.rela.plt       0x0000000008048074        0x0
 *(SORT(.rela.plt))
                0x0000000008048074                PROVIDE (__rela_iplt_start, .)
 *(SORT(.rela.iplt))
                0x0000000008048074                PROVIDE (__rela_iplt_end, .)

.init           0x0000000008048074        0xa
 *(SORT(.init))
 .init          0x0000000008048074        0x5 /home/peterbjornx/nk/gcc_posnk/lib/gcc/i386-pc-posnk/4.7.2/crtbegin.o
 .init          0x0000000008048079        0x5 /home/peterbjornx/nk/gcc_posnk/lib/gcc/i386-pc-posnk/4.7.2/crtend.o

.plt            0x0000000008048080        0x0
 *(SORT(.plt))
 *(SORT(.iplt))
 .iplt          0x0000000000000000        0x0 /home/peterbjornx/nk/gcc_posnk/lib/gcc/i386-pc-posnk/4.7.2/../../../../i386-pc-posnk/lib/crt0.o

.text           0x0000000008048080    0x32b03
 *(SORT(.text.unlikely) SORT(.text.*_unlikely))
 *(SORT(.text.exit) SORT(.text.exit.*))
 *(SORT(.text.startup) SORT(.text.startup.*))
 *(SORT(.text.hot) SORT(.text.hot.*))
 *(SORT(.text) SORT(.stub) SORT(.text.*) SORT(.gnu.linkonce.t.*))
 .text          0x0000000008048080       0x95 /home/peterbjornx/nk/gcc_posnk/lib/gcc/i386-pc-posnk/4.7.2/../../../../i386-pc-posnk/lib/libc.a(lib_a-memchr.o)
                0x0000000008048080                memchr
 *fill*         0x0000000008048115        0xb 90909090
 .text          0x0000000008048120       0x8d /home/peterbjornx/nk/gcc_posnk/lib/gcc/i386-pc-posnk/4.7.2/../../../../i386-pc-posnk/lib/libc.a(lib_a-memmove.o)
                0x0000000008048120                memmove
 *fill*         0x00000000080481ad        0x3 90909090
 .text          0x00000000080481b0       0xfc /home/peterbjornx/nk/gcc_posnk/lib/gcc/i386-pc-posnk/4.7.2/../../../../i386-pc-posnk/lib/libc.a(lib_a-strchr.o)
                0x00000000080481b0                strchr
 *fill*         0x00000000080482ac        0x4 90909090
 .text          0x00000000080482b0       0x79 /home/peterbjornx/nk/gcc_posnk/lib/gcc/i386-pc-posnk/4.7.2/../../../../i386-pc-posnk/lib/libc.a(lib_a-strlen.o)
                0x00000000080482b0                strlen
 *fill*         0x0000000008048329        0x3 90909090
 .text          0x000000000804832c       0x1e /home/peterbjornx/nk/gcc_posnk/lib/gcc/i386-pc-posnk/4.7.2/../../../../i386-pc-posnk/lib/crt0.o
                0x000000000804832c                _start
 *fill*         0x000000000804834a        0x2 90909090
 .text          0x000000000804834c      0x110 /home/peterbjornx/nk/gcc_posnk/lib/gcc/i386-pc-posnk/4.7.2/crtbegin.o
 .text          0x000000000804845c      0x14f /home/peterbjornx/nk/gcc_posnk/lib/gcc/i386-pc-posnk/4.7.2/libgcc.a(_divdi3.o)
                0x000000000804845c                __divdi3
 *fill*         0x00000000080485ab        0x1 90909090
 .text          0x00000000080485ac      0x18a /home/peterbjornx/nk/gcc_posnk/lib/gcc/i386-pc-posnk/4.7.2/libgcc.a(_moddi3.o)
                0x00000000080485ac                __moddi3
 *fill*         0x0000000008048736        0x2 90909090
 .text          0x0000000008048738      0x103 /home/peterbjornx/nk/gcc_posnk/lib/gcc/i386-pc-posnk/4.7.2/libgcc.a(_udivdi3.o)
                0x0000000008048738                __udivdi3
 *fill*         0x000000000804883b        0x1 90909090
 .text          0x000000000804883c       0x4f /home/peterbjornx/nk/gcc_posnk/lib/gcc/i386-pc-posnk/4.7.2/../../../../i386-pc-posnk/lib/libc.a(lib_a-atoi.o)
                0x000000000804883c                atoi
                0x0000000008048860                _atoi_r
 *fill*         0x000000000804888b        0x1 90909090
 .text          0x000000000804888c       0x60 /home/peterbjornx/nk/gcc_posnk/lib/gcc/i386-pc-posnk/4.7.2/../../../../i386-pc-posnk/lib/libc.a(lib_a-bsearch.o)
                0x000000000804888c                bsearch
 .text          0x00000000080488ec       0x3a /home/peterbjornx/nk/gcc_posnk/lib/gcc/i386-pc-posnk/4.7.2/../../../../i386-pc-posnk/lib/libc.a(lib_a-closedir.o)
                0x00000000080488ec                closedir
 *fill*         0x0000000008048926        0x2 90909090
 .text          0x0000000008048928       0x23 /home/peterbjornx/nk/gcc_posnk/lib/gcc/i386-pc-posnk/4.7.2/../../../../i386-pc-posnk/lib/libc.a(lib_a-creat.o)
                0x0000000008048928                creat
 *fill*         0x000000000804894b        0x1 90909090
 .text          0x000000000804894c       0x1b /home/peterbjornx/nk/gcc_posnk/lib/gcc/i386-pc-posnk/4.7.2/../../../../i386-pc-posnk/lib/libc.a(lib_a-ctime.o)
                0x000000000804894c                ctime
 *fill*         0x0000000008048967        0x1 90909090
 .text          0x0000000008048968       0x58 /home/peterbjornx/nk/gcc_posnk/lib/gcc/i386-pc-posnk/4.7.2/../../../../i386-pc-posnk/lib/libc.a(lib_a-dprintf.o)
                0x0000000008048968                _dprintf_r
                0x0000000008048994                dprintf
 .text          0x00000000080489c0        0x6 /home/peterbjornx/nk/gcc_posnk/lib/gcc/i386-pc-posnk/4.7.2/../../../../i386-pc-posnk/lib/libc.a(lib_a-errno.o)
                0x00000000080489c0                __errno
 *fill*         0x00000000080489c6        0x2 90909090
 .text          0x00000000080489c8       0x49 /home/peterbjornx/nk/gcc_posnk/lib/gcc/i386-pc-posnk/4.7.2/../../../../i386-pc-posnk/lib/libc.a(lib_a-execlp.o)
                0x00000000080489c8                execlp
 *fill*         0x0000000008048a11        0x3 90909090
 .text          0x0000000008048a14       0xf9 /home/peterbjornx/nk/gcc_posnk/lib/gcc/i386-pc-posnk/4.7.2/../../../../i386-pc-posnk/lib/libc.a(lib_a-execvp.o)
                0x0000000008048a14                execvp
 *fill*         0x0000000008048b0d        0x3 90909090
 .text          0x0000000008048b10       0x32 /home/peterbjornx/nk/gcc_posnk/lib/gcc/i386-pc-posnk/4.7.2/../../../../i386-pc-posnk/lib/libc.a(lib_a-exit.o)
                0x0000000008048b10                exit
 *fill*         0x0000000008048b42        0x2 90909090
 .text          0x0000000008048b44       0xfc /home/peterbjornx/nk/gcc_posnk/lib/gcc/i386-pc-posnk/4.7.2/../../../../i386-pc-posnk/lib/libc.a(lib_a-fclose.o)
                0x0000000008048b44                _fclose_r
                0x0000000008048c24                fclose
 .text          0x0000000008048c40      0x239 /home/peterbjornx/nk/gcc_posnk/lib/gcc/i386-pc-posnk/4.7.2/../../../../i386-pc-posnk/lib/libc.a(lib_a-fflush.o)
                0x0000000008048c40                __sflush_r
                0x0000000008048df8                _fflush_r
                0x0000000008048e40                fflush
 *fill*         0x0000000008048e79        0x3 90909090
 .text          0x0000000008048e7c      0x128 /home/peterbjornx/nk/gcc_posnk/lib/gcc/i386-pc-posnk/4.7.2/../../../../i386-pc-posnk/lib/libc.a(lib_a-fgets.o)
                0x0000000008048e7c                _fgets_r
                0x0000000008048f78                fgets
 .text          0x0000000008048fa4      0x2e4 /home/peterbjornx/nk/gcc_posnk/lib/gcc/i386-pc-posnk/4.7.2/../../../../i386-pc-posnk/lib/libc.a(lib_a-findfp.o)
                0x0000000008048fac                _cleanup_r
                0x0000000008049048                __sfmoreglue
                0x00000000080490b0                _cleanup
                0x00000000080490c4                __sinit
                0x000000000804913c                __sfp
                0x0000000008049240                __sfp_lock_acquire
                0x0000000008049244                __sfp_lock_release
                0x0000000008049248                __sinit_lock_acquire
                0x000000000804924c                __sinit_lock_release
                0x0000000008049250                __fp_lock_all
                0x000000000804926c                __fp_unlock_all
 .text          0x0000000008049288       0x8b /home/peterbjornx/nk/gcc_posnk/lib/gcc/i386-pc-posnk/4.7.2/../../../../i386-pc-posnk/lib/libc.a(lib_a-flags.o)
                0x0000000008049288                __sflags
 *fill*         0x0000000008049313        0x1 90909090
 .text          0x0000000008049314      0x4d9 /home/peterbjornx/nk/gcc_posnk/lib/gcc/i386-pc-posnk/4.7.2/../../../../i386-pc-posnk/lib/libc.a(lib_a-fnmatch.o)
                0x0000000008049314                fnmatch
 *fill*         0x00000000080497ed        0x3 90909090
 .text          0x00000000080497f0       0xfc /home/peterbjornx/nk/gcc_posnk/lib/gcc/i386-pc-posnk/4.7.2/../../../../i386-pc-posnk/lib/libc.a(lib_a-fopen.o)
                0x00000000080497f0                _fopen_r
                0x00000000080498c8                fopen
 .text          0x00000000080498ec       0x58 /home/peterbjornx/nk/gcc_posnk/lib/gcc/i386-pc-posnk/4.7.2/../../../../i386-pc-posnk/lib/libc.a(lib_a-fprintf.o)
                0x00000000080498ec                _fprintf_r
                0x0000000008049918                fprintf
 .text          0x0000000008049944       0x76 /home/peterbjornx/nk/gcc_posnk/lib/gcc/i386-pc-posnk/4.7.2/../../../../i386-pc-posnk/lib/libc.a(lib_a-fputc.o)
                0x0000000008049944                _fputc_r
                0x0000000008049980                fputc
 *fill*         0x00000000080499ba        0x2 90909090
 .text          0x00000000080499bc       0xa0 /home/peterbjornx/nk/gcc_posnk/lib/gcc/i386-pc-posnk/4.7.2/../../../../i386-pc-posnk/lib/libc.a(lib_a-fputs.o)
                0x00000000080499bc                _fputs_r
                0x0000000008049a38                fputs
 .text          0x0000000008049a5c      0x260 /home/peterbjornx/nk/gcc_posnk/lib/gcc/i386-pc-posnk/4.7.2/../../../../i386-pc-posnk/lib/libc.a(lib_a-fread.o)
                0x0000000008049a5c                _fread_r
                0x0000000008049c88                fread
 .text          0x0000000008049cbc      0x330 /home/peterbjornx/nk/gcc_posnk/lib/gcc/i386-pc-posnk/4.7.2/../../../../i386-pc-posnk/lib/libc.a(lib_a-freer.o)
                0x0000000008049cbc                _malloc_trim_r
                0x0000000008049d94                _free_r
 .text          0x0000000008049fec      0x25c /home/peterbjornx/nk/gcc_posnk/lib/gcc/i386-pc-posnk/4.7.2/../../../../i386-pc-posnk/lib/libc.a(lib_a-freopen.o)
                0x0000000008049fec                _freopen_r
                0x000000000804a21c                freopen
 .text          0x000000000804a248       0x34 /home/peterbjornx/nk/gcc_posnk/lib/gcc/i386-pc-posnk/4.7.2/../../../../i386-pc-posnk/lib/libc.a(lib_a-fseek.o)
                0x000000000804a248                _fseek_r
                0x000000000804a250                fseek
 .text          0x000000000804a27c      0x4a4 /home/peterbjornx/nk/gcc_posnk/lib/gcc/i386-pc-posnk/4.7.2/../../../../i386-pc-posnk/lib/libc.a(lib_a-fseeko.o)
                0x000000000804a27c                _fseeko_r
                0x000000000804a6f4                fseeko
 .text          0x000000000804a720       0x40 /home/peterbjornx/nk/gcc_posnk/lib/gcc/i386-pc-posnk/4.7.2/../../../../i386-pc-posnk/lib/libc.a(lib_a-fstatr.o)
                0x000000000804a720                _fstat_r
 .text          0x000000000804a760      0x494 /home/peterbjornx/nk/gcc_posnk/lib/gcc/i386-pc-posnk/4.7.2/../../../../i386-pc-posnk/lib/libc.a(lib_a-fvwrite.o)
                0x000000000804a760                __sfvwrite_r
 .text          0x000000000804abf4       0xc2 /home/peterbjornx/nk/gcc_posnk/lib/gcc/i386-pc-posnk/4.7.2/../../../../i386-pc-posnk/lib/libc.a(lib_a-fwalk.o)
                0x000000000804abf4                _fwalk
                0x000000000804ac4c                _fwalk_reent
 *fill*         0x000000000804acb6        0x2 90909090
 .text          0x000000000804acb8       0x37 /home/peterbjornx/nk/gcc_posnk/lib/gcc/i386-pc-posnk/4.7.2/../../../../i386-pc-posnk/lib/libc.a(lib_a-getchar_u.o)
                0x000000000804acb8                _getchar_unlocked_r
                0x000000000804acd4                getchar_unlocked
 *fill*         0x000000000804acef        0x1 90909090
 .text          0x000000000804acf0       0x47 /home/peterbjornx/nk/gcc_posnk/lib/gcc/i386-pc-posnk/4.7.2/../../../../i386-pc-posnk/lib/libc.a(lib_a-getc_u.o)
                0x000000000804acf0                _getc_unlocked_r
                0x000000000804ad0c                getc_unlocked
 *fill*         0x000000000804ad37        0x1 90909090
 .text          0x000000000804ad38      0x489 /home/peterbjornx/nk/gcc_posnk/lib/gcc/i386-pc-posnk/4.7.2/../../../../i386-pc-posnk/lib/libc.a(lib_a-getcwd.o)
                0x000000000804ad38                __dirfd
                0x000000000804ad40                getcwd
 *fill*         0x000000000804b1c1        0x3 90909090
 .text          0x000000000804b1c4       0x48 /home/peterbjornx/nk/gcc_posnk/lib/gcc/i386-pc-posnk/4.7.2/../../../../i386-pc-posnk/lib/libc.a(lib_a-getenv.o)
                0x000000000804b1c4                _findenv
                0x000000000804b1e8                getenv
 .text          0x000000000804b20c       0xcb /home/peterbjornx/nk/gcc_posnk/lib/gcc/i386-pc-posnk/4.7.2/../../../../i386-pc-posnk/lib/libc.a(lib_a-getenv_r.o)
                0x000000000804b20c                _findenv_r
                0x000000000804b2b4                _getenv_r
 *fill*         0x000000000804b2d7        0x1 90909090
 .text          0x000000000804b2d8      0xb87 /home/peterbjornx/nk/gcc_posnk/lib/gcc/i386-pc-posnk/4.7.2/../../../../i386-pc-posnk/lib/libc.a(lib_a-getopt.o)
                0x000000000804bc04                getopt
                0x000000000804bc9c                getopt_long
                0x000000000804bd34                getopt_long_only
                0x000000000804bdcc                __getopt_r
                0x000000000804bdf8                __getopt_long_r
                0x000000000804be2c                __getopt_long_only_r
 *fill*         0x000000000804be5f        0x1 90909090
 .text          0x000000000804be60      0x348 /home/peterbjornx/nk/gcc_posnk/lib/gcc/i386-pc-posnk/4.7.2/../../../../i386-pc-posnk/lib/libc.a(lib_a-getpwent.o)
                0x000000000804be60                getpwnam
                0x000000000804bf7c                getpwuid
                0x000000000804c08c                getpwent
                0x000000000804c15c                setpwent
                0x000000000804c190                endpwent
 .text          0x000000000804c1a8        0x5 /home/peterbjornx/nk/gcc_posnk/lib/gcc/i386-pc-posnk/4.7.2/../../../../i386-pc-posnk/lib/libc.a(lib_a-isatty.o)
                0x000000000804c1a8                isatty
 *fill*         0x000000000804c1ad        0x3 90909090
 .text          0x000000000804c1b0       0x1f /home/peterbjornx/nk/gcc_posnk/lib/gcc/i386-pc-posnk/4.7.2/../../../../i386-pc-posnk/lib/libc.a(lib_a-lcltime.o)
                0x000000000804c1b0                localtime
 *fill*         0x000000000804c1cf        0x1 90909090
 .text          0x000000000804c1d0       0x23 /home/peterbjornx/nk/gcc_posnk/lib/gcc/i386-pc-posnk/4.7.2/../../../../i386-pc-posnk/lib/libc.a(lib_a-lcltime_r.o)
                0x000000000804c1d0                localtime_r
 *fill*         0x000000000804c1f3        0x1 90909090
 .text          0x000000000804c1f4      0x123 /home/peterbjornx/nk/gcc_posnk/lib/gcc/i386-pc-posnk/4.7.2/../../../../i386-pc-posnk/lib/libc.a(lib_a-makebuf.o)
                0x000000000804c1f4                __smakebuf_r
 *fill*         0x000000000804c317        0x1 90909090
 .text          0x000000000804c318       0x38 /home/peterbjornx/nk/gcc_posnk/lib/gcc/i386-pc-posnk/4.7.2/../../../../i386-pc-posnk/lib/libc.a(lib_a-malloc.o)
                0x000000000804c318                malloc
                0x000000000804c334                free
 .text          0x000000000804c350      0x6f3 /home/peterbjornx/nk/gcc_posnk/lib/gcc/i386-pc-posnk/4.7.2/../../../../i386-pc-posnk/lib/libc.a(lib_a-mallocr.o)
                0x000000000804c350                _malloc_r
 *fill*         0x000000000804ca43        0x1 90909090
 .text          0x000000000804ca44       0x52 /home/peterbjornx/nk/gcc_posnk/lib/gcc/i386-pc-posnk/4.7.2/../../../../i386-pc-posnk/lib/libc.a(lib_a-memcmp.o)
                0x000000000804ca44                memcmp
 *fill*         0x000000000804ca96        0x2 90909090
 .text          0x000000000804ca98       0x48 /home/peterbjornx/nk/gcc_posnk/lib/gcc/i386-pc-posnk/4.7.2/../../../../i386-pc-posnk/lib/libc.a(lib_a-memcpy.o)
                0x000000000804ca98                memcpy
 .text          0x000000000804cae0       0x88 /home/peterbjornx/nk/gcc_posnk/lib/gcc/i386-pc-posnk/4.7.2/../../../../i386-pc-posnk/lib/libc.a(lib_a-memset.o)
                0x000000000804cae0                memset
 .text          0x000000000804cb68      0x61a /home/peterbjornx/nk/gcc_posnk/lib/gcc/i386-pc-posnk/4.7.2/../../../../i386-pc-posnk/lib/libc.a(lib_a-mktm_r.o)
                0x000000000804cb68                __tzcalc_limits
                0x000000000804cd8c                _mktm_r
 *fill*         0x000000000804d182        0x2 90909090
 .text          0x000000000804d184        0x5 /home/peterbjornx/nk/gcc_posnk/lib/gcc/i386-pc-posnk/4.7.2/../../../../i386-pc-posnk/lib/libc.a(lib_a-mlock.o)
                0x000000000804d184                __malloc_lock
                0x000000000804d188                __malloc_unlock
 *fill*         0x000000000804d189        0x3 90909090
 .text          0x000000000804d18c       0xa8 /home/peterbjornx/nk/gcc_posnk/lib/gcc/i386-pc-posnk/4.7.2/../../../../i386-pc-posnk/lib/libc.a(lib_a-mstats.o)
                0x000000000804d18c                mallinfo
                0x000000000804d1b0                malloc_stats
                0x000000000804d1c4                mallopt
                0x000000000804d1e8                _mstats_r
                0x000000000804d218                mstats
 .text          0x000000000804d234       0x86 /home/peterbjornx/nk/gcc_posnk/lib/gcc/i386-pc-posnk/4.7.2/../../../../i386-pc-posnk/lib/libc.a(lib_a-opendir.o)
                0x000000000804d234                opendir
 *fill*         0x000000000804d2ba        0x2 90909090
 .text          0x000000000804d2bc       0x48 /home/peterbjornx/nk/gcc_posnk/lib/gcc/i386-pc-posnk/4.7.2/../../../../i386-pc-posnk/lib/libc.a(lib_a-openr.o)
                0x000000000804d2bc                _open_r
 .text          0x000000000804d304       0x97 /home/peterbjornx/nk/gcc_posnk/lib/gcc/i386-pc-posnk/4.7.2/../../../../i386-pc-posnk/lib/libc.a(lib_a-posnk_sc.o)
                0x000000000804d304                nk_do_syscall
 *fill*         0x000000000804d39b        0x1 90909090
 .text          0x000000000804d39c       0x57 /home/peterbjornx/nk/gcc_posnk/lib/gcc/i386-pc-posnk/4.7.2/../../../../i386-pc-posnk/lib/libc.a(lib_a-printf.o)
                0x000000000804d39c                _printf_r
                0x000000000804d3c8                printf
 *fill*         0x000000000804d3f3        0x1 90909090
 .text          0x000000000804d3f4       0x34 /home/peterbjornx/nk/gcc_posnk/lib/gcc/i386-pc-posnk/4.7.2/../../../../i386-pc-posnk/lib/libc.a(lib_a-putchar_u.o)
                0x000000000804d3f4                _putchar_unlocked_r
                0x000000000804d40c                putchar_unlocked
 .text          0x000000000804d428      0x112 /home/peterbjornx/nk/gcc_posnk/lib/gcc/i386-pc-posnk/4.7.2/../../../../i386-pc-posnk/lib/libc.a(lib_a-putc.o)
                0x000000000804d428                _putc_r
                0x000000000804d4b0                putc
 *fill*         0x000000000804d53a        0x2 90909090
 .text          0x000000000804d53c       0xdb /home/peterbjornx/nk/gcc_posnk/lib/gcc/i386-pc-posnk/4.7.2/../../../../i386-pc-posnk/lib/libc.a(lib_a-putc_u.o)
                0x000000000804d53c                _putc_unlocked_r
                0x000000000804d5a0                putc_unlocked
 *fill*         0x000000000804d617        0x1 90909090
 .text          0x000000000804d618       0x1c /home/peterbjornx/nk/gcc_posnk/lib/gcc/i386-pc-posnk/4.7.2/../../../../i386-pc-posnk/lib/libc.a(lib_a-putenv.o)
                0x000000000804d618                putenv
 .text          0x000000000804d634       0x8b /home/peterbjornx/nk/gcc_posnk/lib/gcc/i386-pc-posnk/4.7.2/../../../../i386-pc-posnk/lib/libc.a(lib_a-putenv_r.o)
                0x000000000804d634                _putenv_r
 *fill*         0x000000000804d6bf        0x1 90909090
 .text          0x000000000804d6c0       0x9c /home/peterbjornx/nk/gcc_posnk/lib/gcc/i386-pc-posnk/4.7.2/../../../../i386-pc-posnk/lib/libc.a(lib_a-puts.o)
                0x000000000804d6c0                _puts_r
                0x000000000804d740                puts
 .text          0x000000000804d75c      0x83d /home/peterbjornx/nk/gcc_posnk/lib/gcc/i386-pc-posnk/4.7.2/../../../../i386-pc-posnk/lib/libc.a(lib_a-qsort.o)
                0x000000000804d75c                qsort
 *fill*         0x000000000804df99        0x3 90909090
 .text          0x000000000804df9c       0x85 /home/peterbjornx/nk/gcc_posnk/lib/gcc/i386-pc-posnk/4.7.2/../../../../i386-pc-posnk/lib/libc.a(lib_a-readdir.o)
                0x000000000804df9c                readdir
 *fill*         0x000000000804e021        0x3 90909090
 .text          0x000000000804e024       0x24 /home/peterbjornx/nk/gcc_posnk/lib/gcc/i386-pc-posnk/4.7.2/../../../../i386-pc-posnk/lib/libc.a(lib_a-realloc.o)
                0x000000000804e024                realloc
 .text          0x000000000804e048      0x595 /home/peterbjornx/nk/gcc_posnk/lib/gcc/i386-pc-posnk/4.7.2/../../../../i386-pc-posnk/lib/libc.a(lib_a-reallocr.o)
                0x000000000804e048                _realloc_r
 *fill*         0x000000000804e5dd        0x3 90909090
 .text          0x000000000804e5e0      0x1db /home/peterbjornx/nk/gcc_posnk/lib/gcc/i386-pc-posnk/4.7.2/../../../../i386-pc-posnk/lib/libc.a(lib_a-refill.o)
                0x000000000804e5fc                __srefill_r
 *fill*         0x000000000804e7bb        0x1 90909090
 .text          0x000000000804e7bc     0x2d59 /home/peterbjornx/nk/gcc_posnk/lib/gcc/i386-pc-posnk/4.7.2/../../../../i386-pc-posnk/lib/libc.a(lib_a-regcomp.o)
                0x0000000008050a08                regcomp
 *fill*         0x0000000008051515        0x3 90909090
 .text          0x0000000008051518      0x157 /home/peterbjornx/nk/gcc_posnk/lib/gcc/i386-pc-posnk/4.7.2/../../../../i386-pc-posnk/lib/libc.a(lib_a-regerror.o)
                0x0000000008051518                regerror
 *fill*         0x000000000805166f        0x1 90909090
 .text          0x0000000008051670     0x3235 /home/peterbjornx/nk/gcc_posnk/lib/gcc/i386-pc-posnk/4.7.2/../../../../i386-pc-posnk/lib/libc.a(lib_a-regexec.o)
                0x0000000008053738                regexec
 *fill*         0x00000000080548a5        0x3 90909090
 .text          0x00000000080548a8       0x9f /home/peterbjornx/nk/gcc_posnk/lib/gcc/i386-pc-posnk/4.7.2/../../../../i386-pc-posnk/lib/libc.a(lib_a-regfree.o)
                0x00000000080548a8                regfree
 *fill*         0x0000000008054947        0x1 90909090
 .text          0x0000000008054948       0x24 /home/peterbjornx/nk/gcc_posnk/lib/gcc/i386-pc-posnk/4.7.2/../../../../i386-pc-posnk/lib/libc.a(lib_a-rename.o)
                0x0000000008054948                rename
 .text          0x000000000805496c       0x43 /home/peterbjornx/nk/gcc_posnk/lib/gcc/i386-pc-posnk/4.7.2/../../../../i386-pc-posnk/lib/libc.a(lib_a-renamer.o)
                0x000000000805496c                _rename_r
 *fill*         0x00000000080549af        0x1 90909090
 .text          0x00000000080549b0       0x6c /home/peterbjornx/nk/gcc_posnk/lib/gcc/i386-pc-posnk/4.7.2/../../../../i386-pc-posnk/lib/libc.a(lib_a-rget.o)
                0x00000000080549b0                __srget_r
                0x0000000008054a00                __srget
 .text          0x0000000008054a1c       0x38 /home/peterbjornx/nk/gcc_posnk/lib/gcc/i386-pc-posnk/4.7.2/../../../../i386-pc-posnk/lib/libc.a(lib_a-sbrkr.o)
                0x0000000008054a1c                _sbrk_r
 .text          0x0000000008054a54      0xa1a /home/peterbjornx/nk/gcc_posnk/lib/gcc/i386-pc-posnk/4.7.2/../../../../i386-pc-posnk/lib/libc.a(lib_a-sc_file.o)
                0x0000000008054a54                mkdir
                0x0000000008054abc                rmdir
                0x0000000008054b24                chown
                0x0000000008054b90                lchown
                0x0000000008054bfc                pipe
                0x0000000008054c50                dup2
                0x0000000008054ca4                close
                0x0000000008054cf8                fstat
                0x0000000008054d4c                _isatty
                0x0000000008054da4                link
                0x0000000008054e14                lseek
                0x0000000008054e68                open
                0x0000000008054ed0                utime
                0x0000000008054ed4                utimes
                0x0000000008054ed8                read
                0x0000000008054f2c                readlink
                0x0000000008054f94                stat
                0x0000000008054ffc                fcntl
                0x0000000008055050                ioctl
                0x00000000080550a4                chdir
                0x000000000805510c                chmod
                0x0000000008055174                mknod
                0x00000000080551e0                fchdir
                0x0000000008055234                umask
                0x0000000008055280                gettimeofday
                0x0000000008055284                access
                0x0000000008055288                getdents
                0x00000000080552dc                lstat
                0x0000000008055344                symlink
                0x00000000080553b4                unlink
                0x000000000805541c                write
 *fill*         0x000000000805546e        0x2 90909090
 .text          0x0000000008055470      0x5d5 /home/peterbjornx/nk/gcc_posnk/lib/gcc/i386-pc-posnk/4.7.2/../../../../i386-pc-posnk/lib/libc.a(lib_a-sc_proc.o)
                0x0000000008055470                strlistlen
                0x0000000008055484                _execve
                0x00000000080555b4                _exit
                0x0000000008055608                fork
                0x0000000008055644                vfork
                0x0000000008055680                getpid
                0x00000000080556bc                getppid
                0x00000000080556f8                getuid
                0x0000000008055734                getpgid
                0x0000000008055770                getsid
                0x00000000080557ac                geteuid
                0x00000000080557e8                getgid
                0x0000000008055824                getegid
                0x0000000008055860                setsid
                0x000000000805589c                setpgrp
                0x00000000080558d8                getgroups
                0x00000000080558dc                alarm
                0x00000000080558e0                sleep
                0x00000000080558e4                kill
                0x0000000008055938                sbrk
                0x000000000805598c                waitpid
                0x00000000080559e0                wait3
                0x0000000008055a00                wait
                0x0000000008055a24                times
                0x0000000008055a34                clearenv
                0x0000000008055a38                getgrouplist
 *fill*         0x0000000008055a45        0x3 90909090
 .text          0x0000000008055a48      0x32a /home/peterbjornx/nk/gcc_posnk/lib/gcc/i386-pc-posnk/4.7.2/../../../../i386-pc-posnk/lib/libc.a(lib_a-setenv_r.o)
                0x0000000008055a48                _setenv_r
                0x0000000008055cd8                _unsetenv_r
 *fill*         0x0000000008055d72        0x2 90909090
 .text          0x0000000008055d74       0x64 /home/peterbjornx/nk/gcc_posnk/lib/gcc/i386-pc-posnk/4.7.2/../../../../i386-pc-posnk/lib/libc.a(lib_a-setjmp.o)
                0x0000000008055d74                setjmp
                0x0000000008055dab                longjmp
 .text          0x0000000008055dd8      0x234 /home/peterbjornx/nk/gcc_posnk/lib/gcc/i386-pc-posnk/4.7.2/../../../../i386-pc-posnk/lib/libc.a(lib_a-signal.o)
                0x0000000008055dd8                _init_signal_r
                0x0000000008055e34                _signal_r
                0x0000000008055e94                _raise_r
                0x0000000008055f1c                __sigtramp_r
                0x0000000008055f9c                raise
                0x0000000008055fb8                signal
                0x0000000008055fdc                _init_signal
                0x0000000008055ff0                __sigtramp
 .text          0x000000000805600c       0x45 /home/peterbjornx/nk/gcc_posnk/lib/gcc/i386-pc-posnk/4.7.2/../../../../i386-pc-posnk/lib/libc.a(lib_a-signalr.o)
                0x000000000805600c                _kill_r
                0x000000000805604c                _getpid_r
 *fill*         0x0000000008056051        0x3 90909090
 .text          0x0000000008056054       0xdc /home/peterbjornx/nk/gcc_posnk/lib/gcc/i386-pc-posnk/4.7.2/../../../../i386-pc-posnk/lib/libc.a(lib_a-sprintf.o)
                0x0000000008056054                _sprintf_r
                0x00000000080560c4                sprintf
 .text          0x0000000008056130       0xff /home/peterbjornx/nk/gcc_posnk/lib/gcc/i386-pc-posnk/4.7.2/../../../../i386-pc-posnk/lib/libc.a(lib_a-sscanf.o)
                0x0000000008056130                sscanf
                0x00000000080561b0                _sscanf_r
 *fill*         0x000000000805622f        0x1 90909090
 .text          0x0000000008056230      0x111 /home/peterbjornx/nk/gcc_posnk/lib/gcc/i386-pc-posnk/4.7.2/../../../../i386-pc-posnk/lib/libc.a(lib_a-stdio.o)